../Core/Src/tim.c:34:6:MX_TIM2_Init	48	static
../Core/Src/tim.c:90:6:MX_TIM3_Init	48	static
../Core/Src/tim.c:138:6:MX_TIM4_Init	48	static
../Core/Src/tim.c:194:6:MX_TIM6_Init	24	static
../Core/Src/tim.c:227:6:MX_TIM13_Init	8	static
../Core/Src/tim.c:253:6:HAL_TIM_PWM_MspInit	32	static
../Core/Src/tim.c:291:6:HAL_TIM_Base_MspInit	24	static
../Core/Src/tim.c:321:6:HAL_TIM_MspPostInit	56	static
../Core/Src/tim.c:405:6:HAL_TIM_PWM_MspDeInit	16	static
../Core/Src/tim.c:443:6:HAL_TIM_Base_MspDeInit	16	static
