Archive member included to satisfy reference by file (symbol)

C:/ST/STM32CubeIDE_1.16.1/STM32CubeIDE/plugins/com.st.stm32cube.ide.mcu.externaltools.gnu-tools-for-stm32.12.3.rel1.win32_1.0.200.202406191623/tools/bin/../lib/gcc/arm-none-eabi/12.3.1/../../../../arm-none-eabi/lib/thumb/v7e-m+dp/hard\libc_nano.a(libc_a-exit.o)
                              C:/ST/STM32CubeIDE_1.16.1/STM32CubeIDE/plugins/com.st.stm32cube.ide.mcu.externaltools.gnu-tools-for-stm32.12.3.rel1.win32_1.0.200.202406191623/tools/bin/../lib/gcc/arm-none-eabi/12.3.1/../../../../arm-none-eabi/lib/thumb/v7e-m+dp/hard/crt0.o (exit)
C:/ST/STM32CubeIDE_1.16.1/STM32CubeIDE/plugins/com.st.stm32cube.ide.mcu.externaltools.gnu-tools-for-stm32.12.3.rel1.win32_1.0.200.202406191623/tools/bin/../lib/gcc/arm-none-eabi/12.3.1/../../../../arm-none-eabi/lib/thumb/v7e-m+dp/hard\libc_nano.a(libc_a-findfp.o)
                              C:/ST/STM32CubeIDE_1.16.1/STM32CubeIDE/plugins/com.st.stm32cube.ide.mcu.externaltools.gnu-tools-for-stm32.12.3.rel1.win32_1.0.200.202406191623/tools/bin/../lib/gcc/arm-none-eabi/12.3.1/../../../../arm-none-eabi/lib/thumb/v7e-m+dp/hard\libc_nano.a(libc_a-exit.o) (__stdio_exit_handler)
C:/ST/STM32CubeIDE_1.16.1/STM32CubeIDE/plugins/com.st.stm32cube.ide.mcu.externaltools.gnu-tools-for-stm32.12.3.rel1.win32_1.0.200.202406191623/tools/bin/../lib/gcc/arm-none-eabi/12.3.1/../../../../arm-none-eabi/lib/thumb/v7e-m+dp/hard\libc_nano.a(libc_a-fwalk.o)
                              C:/ST/STM32CubeIDE_1.16.1/STM32CubeIDE/plugins/com.st.stm32cube.ide.mcu.externaltools.gnu-tools-for-stm32.12.3.rel1.win32_1.0.200.202406191623/tools/bin/../lib/gcc/arm-none-eabi/12.3.1/../../../../arm-none-eabi/lib/thumb/v7e-m+dp/hard\libc_nano.a(libc_a-findfp.o) (_fwalk_sglue)
C:/ST/STM32CubeIDE_1.16.1/STM32CubeIDE/plugins/com.st.stm32cube.ide.mcu.externaltools.gnu-tools-for-stm32.12.3.rel1.win32_1.0.200.202406191623/tools/bin/../lib/gcc/arm-none-eabi/12.3.1/../../../../arm-none-eabi/lib/thumb/v7e-m+dp/hard\libc_nano.a(libc_a-stdio.o)
                              C:/ST/STM32CubeIDE_1.16.1/STM32CubeIDE/plugins/com.st.stm32cube.ide.mcu.externaltools.gnu-tools-for-stm32.12.3.rel1.win32_1.0.200.202406191623/tools/bin/../lib/gcc/arm-none-eabi/12.3.1/../../../../arm-none-eabi/lib/thumb/v7e-m+dp/hard\libc_nano.a(libc_a-findfp.o) (__sread)
C:/ST/STM32CubeIDE_1.16.1/STM32CubeIDE/plugins/com.st.stm32cube.ide.mcu.externaltools.gnu-tools-for-stm32.12.3.rel1.win32_1.0.200.202406191623/tools/bin/../lib/gcc/arm-none-eabi/12.3.1/../../../../arm-none-eabi/lib/thumb/v7e-m+dp/hard\libc_nano.a(libc_a-memset.o)
                              C:/ST/STM32CubeIDE_1.16.1/STM32CubeIDE/plugins/com.st.stm32cube.ide.mcu.externaltools.gnu-tools-for-stm32.12.3.rel1.win32_1.0.200.202406191623/tools/bin/../lib/gcc/arm-none-eabi/12.3.1/../../../../arm-none-eabi/lib/thumb/v7e-m+dp/hard/crt0.o (memset)
C:/ST/STM32CubeIDE_1.16.1/STM32CubeIDE/plugins/com.st.stm32cube.ide.mcu.externaltools.gnu-tools-for-stm32.12.3.rel1.win32_1.0.200.202406191623/tools/bin/../lib/gcc/arm-none-eabi/12.3.1/../../../../arm-none-eabi/lib/thumb/v7e-m+dp/hard\libc_nano.a(libc_a-closer.o)
                              C:/ST/STM32CubeIDE_1.16.1/STM32CubeIDE/plugins/com.st.stm32cube.ide.mcu.externaltools.gnu-tools-for-stm32.12.3.rel1.win32_1.0.200.202406191623/tools/bin/../lib/gcc/arm-none-eabi/12.3.1/../../../../arm-none-eabi/lib/thumb/v7e-m+dp/hard\libc_nano.a(libc_a-stdio.o) (_close_r)
C:/ST/STM32CubeIDE_1.16.1/STM32CubeIDE/plugins/com.st.stm32cube.ide.mcu.externaltools.gnu-tools-for-stm32.12.3.rel1.win32_1.0.200.202406191623/tools/bin/../lib/gcc/arm-none-eabi/12.3.1/../../../../arm-none-eabi/lib/thumb/v7e-m+dp/hard\libc_nano.a(libc_a-reent.o)
                              C:/ST/STM32CubeIDE_1.16.1/STM32CubeIDE/plugins/com.st.stm32cube.ide.mcu.externaltools.gnu-tools-for-stm32.12.3.rel1.win32_1.0.200.202406191623/tools/bin/../lib/gcc/arm-none-eabi/12.3.1/../../../../arm-none-eabi/lib/thumb/v7e-m+dp/hard\libc_nano.a(libc_a-closer.o) (errno)
C:/ST/STM32CubeIDE_1.16.1/STM32CubeIDE/plugins/com.st.stm32cube.ide.mcu.externaltools.gnu-tools-for-stm32.12.3.rel1.win32_1.0.200.202406191623/tools/bin/../lib/gcc/arm-none-eabi/12.3.1/../../../../arm-none-eabi/lib/thumb/v7e-m+dp/hard\libc_nano.a(libc_a-impure.o)
                              C:/ST/STM32CubeIDE_1.16.1/STM32CubeIDE/plugins/com.st.stm32cube.ide.mcu.externaltools.gnu-tools-for-stm32.12.3.rel1.win32_1.0.200.202406191623/tools/bin/../lib/gcc/arm-none-eabi/12.3.1/../../../../arm-none-eabi/lib/thumb/v7e-m+dp/hard\libc_nano.a(libc_a-reent.o) (_impure_ptr)
C:/ST/STM32CubeIDE_1.16.1/STM32CubeIDE/plugins/com.st.stm32cube.ide.mcu.externaltools.gnu-tools-for-stm32.12.3.rel1.win32_1.0.200.202406191623/tools/bin/../lib/gcc/arm-none-eabi/12.3.1/../../../../arm-none-eabi/lib/thumb/v7e-m+dp/hard\libc_nano.a(libc_a-lseekr.o)
[...]
Memory Configuration

Name             Origin             Length             Attributes
ITCMRAM          0x00000000         0x00010000         xrw
FLASH            0x08000000         0x00020000         xr
DTCMRAM1         0x20000000         0x00010000         xrw
DTCMRAM2         0x20010000         0x00010000         xrw
RAM              0x24000000         0x00100000         xrw
RAM_CD           0x30000000         0x00020000         xrw
RAM_SRD          0x38000000         0x00008000         xrw
*default*        0x00000000         0xffffffff

Linker script and memory map

LOAD C:/ST/STM32CubeIDE_1.16.1/STM32CubeIDE/plugins/com.st.stm32cube.ide.mcu.externaltools.gnu-tools-for-stm32.12.3.rel1.win32_1.0.200.202406191623/tools/bin/../lib/gcc/arm-none-eabi/12.3.1/thumb/v7e-m+dp/hard/crti.o
LOAD C:/ST/STM32CubeIDE_1.16.1/STM32CubeIDE/plugins/com.st.stm32cube.ide.mcu.externaltools.gnu-tools-for-stm32.12.3.rel1.win32_1.0.200.202406191623/tools/bin/../lib/gcc/arm-none-eabi/12.3.1/thumb/v7e-m+dp/hard/crtbegin.o
LOAD C:/ST/STM32CubeIDE_1.16.1/STM32CubeIDE/plugins/com.st.stm32cube.ide.mcu.externaltools.gnu-tools-for-stm32.12.3.rel1.win32_1.0.200.202406191623/tools/bin/../lib/gcc/arm-none-eabi/12.3.1/../../../../arm-none-eabi/lib/thumb/v7e-m+dp/hard/crt0.o
LOAD ./Core/Src/Libraries/BMP280.o
LOAD ./Core/Src/Libraries/SBUS.o
LOAD ./Core/Src/Libraries/SD.o
LOAD ./Core/Src/dma.o
LOAD ./Core/Src/fdcan.o
LOAD ./Core/Src/gpio.o
LOAD ./Core/Src/i2c.o
LOAD ./Core/Src/main.o
LOAD ./Core/Src/memorymap.o
LOAD ./Core/Src/spi.o
LOAD ./Core/Src/stm32h7xx_hal_msp.o
LOAD ./Core/Src/stm32h7xx_it.o
LOAD ./Core/Src/syscalls.o
LOAD ./Core/Src/sysmem.o
LOAD ./Core/Src/system_stm32h7xx.o
LOAD ./Core/Src/tim.o
LOAD ./Core/Src/usart.o
LOAD ./Core/Startup/startup_stm32h7b0rbtx.o
LOAD ./Drivers/STM32H7xx_HAL_Driver/Src/stm32h7xx_hal.o
LOAD ./Drivers/STM32H7xx_HAL_Driver/Src/stm32h7xx_hal_cortex.o
LOAD ./Drivers/STM32H7xx_HAL_Driver/Src/stm32h7xx_hal_dma.o
LOAD ./Drivers/STM32H7xx_HAL_Driver/Src/stm32h7xx_hal_dma_ex.o
LOAD ./Drivers/STM32H7xx_HAL_Driver/Src/stm32h7xx_hal_exti.o
LOAD ./Drivers/STM32H7xx_HAL_Driver/Src/stm32h7xx_hal_fdcan.o
LOAD ./Drivers/STM32H7xx_HAL_Driver/Src/stm32h7xx_hal_flash.o
LOAD ./Drivers/STM32H7xx_HAL_Driver/Src/stm32h7xx_hal_flash_ex.o
LOAD ./Drivers/STM32H7xx_HAL_Driver/Src/stm32h7xx_hal_gpio.o
LOAD ./Drivers/STM32H7xx_HAL_Driver/Src/stm32h7xx_hal_hsem.o
LOAD ./Drivers/STM32H7xx_HAL_Driver/Src/stm32h7xx_hal_i2c.o
LOAD ./Drivers/STM32H7xx_HAL_Driver/Src/stm32h7xx_hal_i2c_ex.o
LOAD ./Drivers/STM32H7xx_HAL_Driver/Src/stm32h7xx_hal_mdma.o
LOAD ./Drivers/STM32H7xx_HAL_Driver/Src/stm32h7xx_hal_pwr.o
LOAD ./Drivers/STM32H7xx_HAL_Driver/Src/stm32h7xx_hal_pwr_ex.o
LOAD ./Drivers/STM32H7xx_HAL_Driver/Src/stm32h7xx_hal_rcc.o
LOAD ./Drivers/STM32H7xx_HAL_Driver/Src/stm32h7xx_hal_rcc_ex.o
LOAD ./Drivers/STM32H7xx_HAL_Driver/Src/stm32h7xx_hal_spi.o
LOAD ./Drivers/STM32H7xx_HAL_Driver/Src/stm32h7xx_hal_spi_ex.o
LOAD ./Drivers/STM32H7xx_HAL_Driver/Src/stm32h7xx_hal_tim.o
LOAD ./Drivers/STM32H7xx_HAL_Driver/Src/stm32h7xx_hal_tim_ex.o
LOAD ./Drivers/STM32H7xx_HAL_Driver/Src/stm32h7xx_hal_uart.o
LOAD ./Drivers/STM32H7xx_HAL_Driver/Src/stm32h7xx_hal_uart_ex.o
LOAD ./FATFS/App/fatfs.o
LOAD ./FATFS/Target/user_diskio.o
LOAD ./MIDWARE/FATFS_SD/FATFS_SD.o
LOAD ./Middlewares/Third_Party/FatFs/src/diskio.o
LOAD ./Middlewares/Third_Party/FatFs/src/ff.o
LOAD ./Middlewares/Third_Party/FatFs/src/ff_gen_drv.o
LOAD ./Middlewares/Third_Party/FatFs/src/option/ccsbcs.o
LOAD ./Middlewares/Third_Party/FatFs/src/option/syscall.o
START GROUP
LOAD C:/ST/STM32CubeIDE_1.16.1/STM32CubeIDE/plugins/com.st.stm32cube.ide.mcu.externaltools.gnu-tools-for-stm32.12.3.rel1.win32_1.0.200.202406191623/tools/bin/../lib/gcc/arm-none-eabi/12.3.1/../../../../arm-none-eabi/lib/thumb/v7e-m+dp/hard\libc_nano.a
LOAD C:/ST/STM32CubeIDE_1.16.1/STM32CubeIDE/plugins/com.st.stm32cube.ide.mcu.externaltools.gnu-tools-for-stm32.12.3.rel1.win32_1.0.200.202406191623/tools/bin/../lib/gcc/arm-none-eabi/12.3.1/../../../../arm-none-eabi/lib/thumb/v7e-m+dp/hard\libm.a
END GROUP
START GROUP
LOAD C:/ST/STM32CubeIDE_1.16.1/STM32CubeIDE/plugins/com.st.stm32cube.ide.mcu.externaltools.gnu-tools-for-stm32.12.3.rel1.win32_1.0.200.202406191623/tools/bin/../lib/gcc/arm-none-eabi/12.3.1/thumb/v7e-m+dp/hard\libgcc.a
LOAD C:/ST/STM32CubeIDE_1.16.1/STM32CubeIDE/plugins/com.st.stm32cube.ide.mcu.externaltools.gnu-tools-for-stm32.12.3.rel1.win32_1.0.200.202406191623/tools/bin/../lib/gcc/arm-none-eabi/12.3.1/../../../../arm-none-eabi/lib/thumb/v7e-m+dp/hard\libc_nano.a
END GROUP
START GROUP
LOAD C:/ST/STM32CubeIDE_1.16.1/STM32CubeIDE/plugins/com.st.stm32cube.ide.mcu.externaltools.gnu-tools-for-stm32.12.3.rel1.win32_1.0.200.202406191623/tools/bin/../lib/gcc/arm-none-eabi/12.3.1/thumb/v7e-m+dp/hard\libgcc.a
LOAD C:/ST/STM32CubeIDE_1.16.1/STM32CubeIDE/plugins/com.st.stm32cube.ide.mcu.externaltools.gnu-tools-for-stm32.12.3.rel1.win32_1.0.200.202406191623/tools/bin/../lib/gcc/arm-none-eabi/12.3.1/../../../../arm-none-eabi/lib/thumb/v7e-m+dp/hard\libc_nano.a
LOAD C:/ST/STM32CubeIDE_1.16.1/STM32CubeIDE/plugins/com.st.stm32cube.ide.mcu.externaltools.gnu-tools-for-stm32.12.3.rel1.win32_1.0.200.202406191623/tools/bin/../lib/gcc/arm-none-eabi/12.3.1/../../../../arm-none-eabi/lib/thumb/v7e-m+dp/hard\libnosys.a
END GROUP
START GROUP
LOAD C:/ST/STM32CubeIDE_1.16.1/STM32CubeIDE/plugins/com.st.stm32cube.ide.mcu.externaltools.gnu-tools-for-stm32.12.3.rel1.win32_1.0.200.202406191623/tools/bin/../lib/gcc/arm-none-eabi/12.3.1/thumb/v7e-m+dp/hard\libgcc.a
LOAD C:/ST/STM32CubeIDE_1.16.1/STM32CubeIDE/plugins/com.st.stm32cube.ide.mcu.externaltools.gnu-tools-for-stm32.12.3.rel1.win32_1.0.200.202406191623/tools/bin/../lib/gcc/arm-none-eabi/12.3.1/../../../../arm-none-eabi/lib/thumb/v7e-m+dp/hard\libc_nano.a
LOAD C:/ST/STM32CubeIDE_1.16.1/STM32CubeIDE/plugins/com.st.stm32cube.ide.mcu.externaltools.gnu-tools-for-stm32.12.3.rel1.win32_1.0.200.202406191623/tools/bin/../lib/gcc/arm-none-eabi/12.3.1/../../../../arm-none-eabi/lib/thumb/v7e-m+dp/hard\libnosys.a
END GROUP
LOAD C:/ST/STM32CubeIDE_1.16.1/STM32CubeIDE/plugins/com.st.stm32cube.ide.mcu.externaltools.gnu-tools-for-stm32.12.3.rel1.win32_1.0.200.202406191623/tools/bin/../lib/gcc/arm-none-eabi/12.3.1/thumb/v7e-m+dp/hard/crtend.o
LOAD C:/ST/STM32CubeIDE_1.16.1/STM32CubeIDE/plugins/com.st.stm32cube.ide.mcu.externaltools.gnu-tools-for-stm32.12.3.rel1.win32_1.0.200.202406191623/tools/bin/../lib/gcc/arm-none-eabi/12.3.1/thumb/v7e-m+dp/hard/crtn.o
                0x24100000                        _estack = (ORIGIN (RAM) + LENGTH (RAM))
                0x00000200                        _Min_Heap_Size = 0x200
                0x00000400                        _Min_Stack_Size = 0x400

.isr_vector     0x08000000      0x2ac
                0x08000000                        . = ALIGN (0x4)
 *(.isr_vector)
 .isr_vector    0x08000000      0x2ac ./Core/Startup/startup_stm32h7b0rbtx.o
                0x08000000                g_pfnVectors
                0x080002ac                        . = ALIGN (0x4)

.text           0x080002b0    0x11cc8
                0x080002b0                        . = ALIGN (0x4)
 *(.text)
 .text          0x080002b0       0x40 C:/ST/STM32CubeIDE_1.16.1/STM32CubeIDE/plugins/com.st.stm32cube.ide.mcu.externaltools.gnu-tools-for-stm32.12.3.rel1.win32_1.0.200.202406191623/tools/bin/../lib/gcc/arm-none-eabi/12.3.1/thumb/v7e-m+dp/hard/crtbegin.o
 .text          0x080002f0       0xa0 C:/ST/STM32CubeIDE_1.16.1/STM32CubeIDE/plugins/com.st.stm32cube.ide.mcu.externaltools.gnu-tools-for-stm32.12.3.rel1.win32_1.0.200.202406191623/tools/bin/../lib/gcc/arm-none-eabi/12.3.1/thumb/v7e-m+dp/hard\libgcc.a(_aeabi_ldivmod.o)
                0x080002f0                __aeabi_ldivmod
 .text          0x08000390       0x30 C:/ST/STM32CubeIDE_1.16.1/STM32CubeIDE/plugins/com.st.stm32cube.ide.mcu.externaltools.gnu-tools-for-stm32.12.3.rel1.win32_1.0.200.202406191623/tools/bin/../lib/gcc/arm-none-eabi/12.3.1/thumb/v7e-m+dp/hard\libgcc.a(_aeabi_uldivmod.o)
                0x08000390                __aeabi_uldivmod
 .text          0x080003c0      0x2bc C:/ST/STM32CubeIDE_1.16.1/STM32CubeIDE/plugins/com.st.stm32cube.ide.mcu.externaltools.gnu-tools-for-stm32.12.3.rel1.win32_1.0.200.202406191623/tools/bin/../lib/gcc/arm-none-eabi/12.3.1/thumb/v7e-m+dp/hard\libgcc.a(_udivmoddi4.o)
                0x080003c0                __udivmoddi4
 .text          0x0800067c        0x4 C:/ST/STM32CubeIDE_1.16.1/STM32CubeIDE/plugins/com.st.stm32cube.ide.mcu.externaltools.gnu-tools-for-stm32.12.3.rel1.win32_1.0.200.202406191623/tools/bin/../lib/gcc/arm-none-eabi/12.3.1/thumb/v7e-m+dp/hard\libgcc.a(_dvmd_tls.o)
                0x0800067c                __aeabi_idiv0
                0x0800067c                __aeabi_ldiv0
 *(.text*)
 .text.BMP280_write
                0x08000680       0x5c ./Core/Src/Libraries/BMP280.o
                0x08000680                BMP280_write
 .text.BMP280_read
                0x080006dc       0x5c ./Core/Src/Libraries/BMP280.o
                0x080006dc                BMP280_read
 .text.BMP280_config
                0x08000738       0x18 ./Core/Src/Libraries/BMP280.o
                0x08000738                BMP280_config
 .text.BMP280_calibrationData
                0x08000750      0x16c ./Core/Src/Libraries/BMP280.o
                0x08000750                BMP280_calibrationData
 .text.BMP280_readRawValues
                0x080008bc       0x88 ./Core/Src/Libraries/BMP280.o
                0x080008bc                BMP280_readRawValues
 .text.BMP280_measureT
                0x08000944       0x88 ./Core/Src/Libraries/BMP280.o
                0x08000944                BMP280_measureT
 .text.BMP280_measureP
                0x080009cc      0x58c ./Core/Src/Libraries/BMP280.o
                0x080009cc                BMP280_measureP
 .text.BMP280_measureH
                0x08000f58       0xb8 ./Core/Src/Libraries/BMP280.o
                0x08000f58                BMP280_measureH
 .text.BMP280_init
                0x08001010       0x4c ./Core/Src/Libraries/BMP280.o
                0x08001010                BMP280_init
 .text.BMP280_calculate
                0x0800105c       0x74 ./Core/Src/Libraries/BMP280.o
                0x0800105c                BMP280_calculate
 .text.SBUS_init
                0x080010d0       0x1c ./Core/Src/Libraries/SBUS.o
                0x080010d0                SBUS_init
 .text.SBUS_Receive
                0x080010ec       0x98 ./Core/Src/Libraries/SBUS.o
                0x080010ec                SBUS_Receive
 .text.SBUS_getData
                0x08001184      0x684 ./Core/Src/Libraries/SBUS.o
                0x08001184                SBUS_getData
 .text.SD_init  0x08001808       0x60 ./Core/Src/Libraries/SD.o
                0x08001808                SD_init
 .text.MX_DMA_Init
                0x08001868       0x40 ./Core/Src/dma.o
                0x08001868                MX_DMA_Init
 .text.MX_FDCAN1_Init
                0x080018a8       0xc8 ./Core/Src/fdcan.o
                0x080018a8                MX_FDCAN1_Init
 .text.HAL_FDCAN_MspInit
                0x08001970       0xf4 ./Core/Src/fdcan.o
                0x08001970                HAL_FDCAN_MspInit
 .text.MX_GPIO_Init
                0x08001a64      0x14c ./Core/Src/gpio.o
                0x08001a64                MX_GPIO_Init
 .text.MX_I2C3_Init
                0x08001bb0       0x80 ./Core/Src/i2c.o
                0x08001bb0                MX_I2C3_Init
 .text.HAL_I2C_MspInit
                0x08001c30      0x120 ./Core/Src/i2c.o
                0x08001c30                HAL_I2C_MspInit
 .text.main     0x08001d50       0x66 ./Core/Src/main.o
                0x08001d50                main
 *fill*         0x08001db6        0x2 
 .text.SystemClock_Config
                0x08001db8       0xec ./Core/Src/main.o
                0x08001db8                SystemClock_Config
 .text.HAL_UART_RxCpltCallback
                0x08001ea4       0x40 ./Core/Src/main.o
                0x08001ea4                HAL_UART_RxCpltCallback
 .text.MPU_Config
                0x08001ee4       0x58 ./Core/Src/main.o
 .text.Error_Handler
                0x08001f3c        0xc ./Core/Src/main.o
                0x08001f3c                Error_Handler
 .text.MX_SPI1_Init
                0x08001f48       0xac ./Core/Src/spi.o
                0x08001f48                MX_SPI1_Init
 .text.MX_SPI2_Init
                0x08001ff4       0xac ./Core/Src/spi.o
                0x08001ff4                MX_SPI2_Init
 .text.MX_SPI3_Init
                0x080020a0       0xac ./Core/Src/spi.o
                0x080020a0                MX_SPI3_Init
 .text.HAL_SPI_MspInit
                0x0800214c      0x214 ./Core/Src/spi.o
                0x0800214c                HAL_SPI_MspInit
 .text.HAL_MspInit
                0x08002360       0x34 ./Core/Src/stm32h7xx_hal_msp.o
                0x08002360                HAL_MspInit
 .text.NMI_Handler
                0x08002394        0x8 ./Core/Src/stm32h7xx_it.o
                0x08002394                NMI_Handler
 .text.HardFault_Handler
                0x0800239c        0x8 ./Core/Src/stm32h7xx_it.o
                0x0800239c                HardFault_Handler
 .text.MemManage_Handler
                0x080023a4        0x8 ./Core/Src/stm32h7xx_it.o
                0x080023a4                MemManage_Handler
 .text.BusFault_Handler
                0x080023ac        0x8 ./Core/Src/stm32h7xx_it.o
                0x080023ac                BusFault_Handler
 .text.UsageFault_Handler
                0x080023b4        0x8 ./Core/Src/stm32h7xx_it.o
                0x080023b4                UsageFault_Handler
 .text.SVC_Handler
                0x080023bc        0xe ./Core/Src/stm32h7xx_it.o
                0x080023bc                SVC_Handler
 .text.DebugMon_Handler
                0x080023ca        0xe ./Core/Src/stm32h7xx_it.o
                0x080023ca                DebugMon_Handler
 .text.PendSV_Handler
                0x080023d8        0xe ./Core/Src/stm32h7xx_it.o
                0x080023d8                PendSV_Handler
 *fill*         0x080023e6        0x2 
 .text.SysTick_Handler
                0x080023e8       0x3c ./Core/Src/stm32h7xx_it.o
                0x080023e8                SysTick_Handler
 .text.DMA1_Stream0_IRQHandler
                0x08002424       0x14 ./Core/Src/stm32h7xx_it.o
                0x08002424                DMA1_Stream0_IRQHandler
 .text.USART1_IRQHandler
                0x08002438       0x14 ./Core/Src/stm32h7xx_it.o
                0x08002438                USART1_IRQHandler
 .text.SystemInit
                0x0800244c       0xf0 ./Core/Src/system_stm32h7xx.o
                0x0800244c                SystemInit
 .text.MX_TIM2_Init
                0x0800253c       0xf8 ./Core/Src/tim.o
                0x0800253c                MX_TIM2_Init
 .text.MX_TIM3_Init
                0x08002634       0xcc ./Core/Src/tim.o
                0x08002634                MX_TIM3_Init
 .text.MX_TIM4_Init
                0x08002700       0xf8 ./Core/Src/tim.o
                0x08002700                MX_TIM4_Init
 .text.MX_TIM13_Init
                0x080027f8       0x48 ./Core/Src/tim.o
                0x080027f8                MX_TIM13_Init
 .text.HAL_TIM_PWM_MspInit
                0x08002840       0x9c ./Core/Src/tim.o
                0x08002840                HAL_TIM_PWM_MspInit
 .text.HAL_TIM_Base_MspInit
                0x080028dc       0x44 ./Core/Src/tim.o
                0x080028dc                HAL_TIM_Base_MspInit
 .text.HAL_TIM_MspPostInit
                0x08002920      0x154 ./Core/Src/tim.o
                0x08002920                HAL_TIM_MspPostInit
 .text.MX_UART4_Init
                0x08002a74       0x98 ./Core/Src/usart.o
                0x08002a74                MX_UART4_Init
 .text.MX_USART1_UART_Init
                0x08002b0c       0xa0 ./Core/Src/usart.o
                0x08002b0c                MX_USART1_UART_Init
 .text.MX_USART6_UART_Init
                0x08002bac       0x98 ./Core/Src/usart.o
                0x08002bac                MX_USART6_UART_Init
 .text.HAL_UART_MspInit
                0x08002c44      0x284 ./Core/Src/usart.o
                0x08002c44                HAL_UART_MspInit
 .text.Reset_Handler
                0x08002ec8       0x50 ./Core/Startup/startup_stm32h7b0rbtx.o
                0x08002ec8                Reset_Handler
 .text.Default_Handler
                0x08002f18        0x2 ./Core/Startup/startup_stm32h7b0rbtx.o
                0x08002f18                RTC_Alarm_IRQHandler
                0x08002f18                HASH_RNG_IRQHandler
                0x08002f18                EXTI2_IRQHandler
                0x08002f18                TIM8_CC_IRQHandler
                0x08002f18                UART8_IRQHandler
                0x08002f18                BDMA2_Channel1_IRQHandler
                0x08002f18                SPI4_IRQHandler
                0x08002f18                BDMA2_Channel0_IRQHandler
                0x08002f18                TIM1_CC_IRQHandler
                0x08002f18                DMA2_Stream5_IRQHandler
                0x08002f18                JPEG_IRQHandler
                0x08002f18                DMA1_Stream5_IRQHandler
                0x08002f18                EXTI3_IRQHandler
                0x08002f18                LPTIM4_IRQHandler
                0x08002f18                TIM8_TRG_COM_TIM14_IRQHandler
                0x08002f18                LPTIM2_IRQHandler
                0x08002f18                DFSDM1_FLT1_IRQHandler
                0x08002f18                DMAMUX2_OVR_IRQHandler
                0x08002f18                GFXMMU_IRQHandler
                0x08002f18                TIM8_UP_TIM13_IRQHandler
                0x08002f18                I2C3_ER_IRQHandler
                0x08002f18                DFSDM1_FLT2_IRQHandler
                0x08002f18                USART10_IRQHandler
                0x08002f18                MDMA_IRQHandler
                0x08002f18                LPTIM3_IRQHandler
                0x08002f18                BDMA2_Channel3_IRQHandler
                0x08002f18                HSEM1_IRQHandler
                0x08002f18                EXTI0_IRQHandler
                0x08002f18                I2C2_EV_IRQHandler
                0x08002f18                DAC2_IRQHandler
                0x08002f18                DMA1_Stream2_IRQHandler
                0x08002f18                FPU_IRQHandler
                0x08002f18                OTG_HS_WKUP_IRQHandler
                0x08002f18                FDCAN1_IT1_IRQHandler
                0x08002f18                LTDC_ER_IRQHandler
                0x08002f18                DMA2_Stream2_IRQHandler
                0x08002f18                SPI1_IRQHandler
                0x08002f18                OCTOSPI1_IRQHandler
                0x08002f18                TIM6_DAC_IRQHandler
                0x08002f18                BDMA2_Channel6_IRQHandler
                0x08002f18                DMA2_Stream3_IRQHandler
                0x08002f18                OCTOSPI2_IRQHandler
                0x08002f18                SAI2_IRQHandler
                0x08002f18                BDMA1_IRQHandler
                0x08002f18                DFSDM1_FLT3_IRQHandler
                0x08002f18                USART6_IRQHandler
                0x08002f18                TIM17_IRQHandler
                0x08002f18                USART3_IRQHandler
                0x08002f18                CRYP_IRQHandler
                0x08002f18                LPTIM5_IRQHandler
                0x08002f18                UART5_IRQHandler
                0x08002f18                DMA2_Stream0_IRQHandler
                0x08002f18                TIM4_IRQHandler
                0x08002f18                I2C1_EV_IRQHandler
                0x08002f18                DMA1_Stream6_IRQHandler
                0x08002f18                DMAMUX1_OVR_IRQHandler
                0x08002f18                DMA1_Stream1_IRQHandler
                0x08002f18                TIM16_IRQHandler
                0x08002f18                UART4_IRQHandler
                0x08002f18                TIM3_IRQHandler
                0x08002f18                RCC_IRQHandler
                0x08002f18                UART9_IRQHandler
                0x08002f18                TIM8_BRK_TIM12_IRQHandler
                0x08002f18                TIM1_TRG_COM_IRQHandler
                0x08002f18                Default_Handler
                0x08002f18                ECC_IRQHandler
                0x08002f18                BDMA2_Channel2_IRQHandler
                0x08002f18                CEC_IRQHandler
                0x08002f18                EXTI15_10_IRQHandler
                0x08002f18                DFSDM1_FLT4_IRQHandler
                0x08002f18                ADC_IRQHandler
                0x08002f18                OTFDEC1_IRQHandler
                0x08002f18                DMA1_Stream7_IRQHandler
                0x08002f18                SPI5_IRQHandler
                0x08002f18                TIM7_IRQHandler
                0x08002f18                SDMMC1_IRQHandler
                0x08002f18                TIM5_IRQHandler
                0x08002f18                DMA2_Stream7_IRQHandler
                0x08002f18                TIM15_IRQHandler
                0x08002f18                I2C3_EV_IRQHandler
                0x08002f18                DFSDM2_IRQHandler
                0x08002f18                EXTI9_5_IRQHandler
                0x08002f18                RTC_WKUP_IRQHandler
                0x08002f18                LTDC_IRQHandler
                0x08002f18                SPDIF_RX_IRQHandler
                0x08002f18                PVD_PVM_IRQHandler
                0x08002f18                SPI2_IRQHandler
                0x08002f18                OTG_HS_EP1_IN_IRQHandler
                0x08002f18                DFSDM1_FLT5_IRQHandler
                0x08002f18                OTFDEC2_IRQHandler
                0x08002f18                CRS_IRQHandler
                0x08002f18                EXTI4_IRQHandler
                0x08002f18                DFSDM1_FLT6_IRQHandler
                0x08002f18                FDCAN2_IT1_IRQHandler
                0x08002f18                COMP_IRQHandler
                0x08002f18                TIM1_UP_IRQHandler
                0x08002f18                OTG_HS_EP1_OUT_IRQHandler
                0x08002f18                WWDG_IRQHandler
                0x08002f18                SPI6_IRQHandler
                0x08002f18                MDIOS_IRQHandler
                0x08002f18                I2C4_EV_IRQHandler
                0x08002f18                FDCAN2_IT0_IRQHandler
                0x08002f18                LPUART1_IRQHandler
                0x08002f18                FDCAN1_IT0_IRQHandler
                0x08002f18                TIM2_IRQHandler
                0x08002f18                BDMA2_Channel5_IRQHandler
                0x08002f18                OTG_HS_IRQHandler
                0x08002f18                DMA2D_IRQHandler
                0x08002f18                TIM1_BRK_IRQHandler
                0x08002f18                EXTI1_IRQHandler
                0x08002f18                SDMMC2_IRQHandler
                0x08002f18                DTS_IRQHandler
                0x08002f18                UART7_IRQHandler
                0x08002f18                MDIOS_WKUP_IRQHandler
                0x08002f18                USART2_IRQHandler
                0x08002f18                DFSDM1_FLT0_IRQHandler
                0x08002f18                I2C2_ER_IRQHandler
                0x08002f18                DMA2_Stream1_IRQHandler
                0x08002f18                DFSDM1_FLT7_IRQHandler
                0x08002f18                FLASH_IRQHandler
                0x08002f18                DMA2_Stream4_IRQHandler
                0x08002f18                SPI3_IRQHandler
                0x08002f18                WAKEUP_PIN_IRQHandler
                0x08002f18                DMA1_Stream4_IRQHandler
                0x08002f18                I2C1_ER_IRQHandler
                0x08002f18                FMC_IRQHandler
                0x08002f18                BDMA2_Channel7_IRQHandler
                0x08002f18                FDCAN_CAL_IRQHandler
                0x08002f18                SWPMI1_IRQHandler
                0x08002f18                LPTIM1_IRQHandler
                0x08002f18                DCMI_PSSI_IRQHandler
                0x08002f18                I2C4_ER_IRQHandler
                0x08002f18                DMA2_Stream6_IRQHandler
                0x08002f18                SAI1_IRQHandler
                0x08002f18                DMA1_Stream3_IRQHandler
                0x08002f18                RTC_TAMP_STAMP_CSS_LSE_IRQHandler
                0x08002f18                BDMA2_Channel4_IRQHandler
 *fill*         0x08002f1a        0x2 
 .text.HAL_Init
                0x08002f1c       0x78 ./Drivers/STM32H7xx_HAL_Driver/Src/stm32h7xx_hal.o
                0x08002f1c                HAL_Init
 .text.HAL_InitTick
                0x08002f94       0x6c ./Drivers/STM32H7xx_HAL_Driver/Src/stm32h7xx_hal.o
                0x08002f94                HAL_InitTick
 .text.HAL_IncTick
                0x08003000       0x28 ./Drivers/STM32H7xx_HAL_Driver/Src/stm32h7xx_hal.o
                0x08003000                HAL_IncTick
 .text.HAL_GetTick
                0x08003028       0x18 ./Drivers/STM32H7xx_HAL_Driver/Src/stm32h7xx_hal.o
                0x08003028                HAL_GetTick
 .text.HAL_Delay
                0x08003040       0x48 ./Drivers/STM32H7xx_HAL_Driver/Src/stm32h7xx_hal.o
                0x08003040                HAL_Delay
 .text.__NVIC_SetPriorityGrouping
                0x08003088       0x48 ./Drivers/STM32H7xx_HAL_Driver/Src/stm32h7xx_hal_cortex.o
 .text.__NVIC_GetPriorityGrouping
                0x080030d0       0x1c ./Drivers/STM32H7xx_HAL_Driver/Src/stm32h7xx_hal_cortex.o
 .text.__NVIC_EnableIRQ
                0x080030ec       0x3c ./Drivers/STM32H7xx_HAL_Driver/Src/stm32h7xx_hal_cortex.o
 .text.__NVIC_SetPriority
                0x08003128       0x54 ./Drivers/STM32H7xx_HAL_Driver/Src/stm32h7xx_hal_cortex.o
 .text.NVIC_EncodePriority
                0x0800317c       0x66 ./Drivers/STM32H7xx_HAL_Driver/Src/stm32h7xx_hal_cortex.o
 *fill*         0x080031e2        0x2 
 .text.SysTick_Config
                0x080031e4       0x44 ./Drivers/STM32H7xx_HAL_Driver/Src/stm32h7xx_hal_cortex.o
 .text.HAL_NVIC_SetPriorityGrouping
                0x08003228       0x16 ./Drivers/STM32H7xx_HAL_Driver/Src/stm32h7xx_hal_cortex.o
                0x08003228                HAL_NVIC_SetPriorityGrouping
 .text.HAL_NVIC_SetPriority
                0x0800323e       0x34 ./Drivers/STM32H7xx_HAL_Driver/Src/stm32h7xx_hal_cortex.o
                0x0800323e                HAL_NVIC_SetPriority
 .text.HAL_NVIC_EnableIRQ
                0x08003272       0x1c ./Drivers/STM32H7xx_HAL_Driver/Src/stm32h7xx_hal_cortex.o
                0x08003272                HAL_NVIC_EnableIRQ
 .text.HAL_SYSTICK_Config
                0x0800328e       0x18 ./Drivers/STM32H7xx_HAL_Driver/Src/stm32h7xx_hal_cortex.o
                0x0800328e                HAL_SYSTICK_Config
 *fill*         0x080032a6        0x2 
 .text.HAL_MPU_Disable
                0x080032a8       0x30 ./Drivers/STM32H7xx_HAL_Driver/Src/stm32h7xx_hal_cortex.o
                0x080032a8                HAL_MPU_Disable
 .text.HAL_MPU_Enable
                0x080032d8       0x40 ./Drivers/STM32H7xx_HAL_Driver/Src/stm32h7xx_hal_cortex.o
                0x080032d8                HAL_MPU_Enable
 .text.HAL_MPU_ConfigRegion
                0x08003318       0x80 ./Drivers/STM32H7xx_HAL_Driver/Src/stm32h7xx_hal_cortex.o
                0x08003318                HAL_MPU_ConfigRegion
 .text.HAL_DMA_Init
                0x08003398      0x71c ./Drivers/STM32H7xx_HAL_Driver/Src/stm32h7xx_hal_dma.o
                0x08003398                HAL_DMA_Init
 .text.HAL_DMA_Start_IT
                0x08003ab4      0x4d4 ./Drivers/STM32H7xx_HAL_Driver/Src/stm32h7xx_hal_dma.o
                0x08003ab4                HAL_DMA_Start_IT
 .text.HAL_DMA_Abort
                0x08003f88      0x63c ./Drivers/STM32H7xx_HAL_Driver/Src/stm32h7xx_hal_dma.o
                0x08003f88                HAL_DMA_Abort
 .text.HAL_DMA_Abort_IT
                0x080045c4      0x48c ./Drivers/STM32H7xx_HAL_Driver/Src/stm32h7xx_hal_dma.o
                0x080045c4                HAL_DMA_Abort_IT
 .text.HAL_DMA_IRQHandler
                0x08004a50      0xec4 ./Drivers/STM32H7xx_HAL_Driver/Src/stm32h7xx_hal_dma.o
                0x08004a50                HAL_DMA_IRQHandler
 .text.DMA_SetConfig
                0x08005914      0x3c8 ./Drivers/STM32H7xx_HAL_Driver/Src/stm32h7xx_hal_dma.o
 .text.DMA_CalcBaseAndBitshift
                0x08005cdc      0x164 ./Drivers/STM32H7xx_HAL_Driver/Src/stm32h7xx_hal_dma.o
 .text.DMA_CheckFifoParam
                0x08005e40       0xf8 ./Drivers/STM32H7xx_HAL_Driver/Src/stm32h7xx_hal_dma.o
 .text.DMA_CalcDMAMUXChannelBaseAndMask
                0x08005f38      0x134 ./Drivers/STM32H7xx_HAL_Driver/Src/stm32h7xx_hal_dma.o
 .text.DMA_CalcDMAMUXRequestGenBaseAndMask
                0x0800606c       0xe8 ./Drivers/STM32H7xx_HAL_Driver/Src/stm32h7xx_hal_dma.o
 .text.HAL_FDCAN_Init
                0x08006154      0x3bc ./Drivers/STM32H7xx_HAL_Driver/Src/stm32h7xx_hal_fdcan.o
                0x08006154                HAL_FDCAN_Init
 .text.FDCAN_CalcultateRamBlockAddresses
                0x08006510      0x30c ./Drivers/STM32H7xx_HAL_Driver/Src/stm32h7xx_hal_fdcan.o
 .text.HAL_GPIO_Init
                0x0800681c      0x360 ./Drivers/STM32H7xx_HAL_Driver/Src/stm32h7xx_hal_gpio.o
                0x0800681c                HAL_GPIO_Init
 .text.HAL_GPIO_WritePin
                0x08006b7c       0x32 ./Drivers/STM32H7xx_HAL_Driver/Src/stm32h7xx_hal_gpio.o
                0x08006b7c                HAL_GPIO_WritePin
 *fill*         0x08006bae        0x2 
 .text.HAL_I2C_Init
                0x08006bb0      0x138 ./Drivers/STM32H7xx_HAL_Driver/Src/stm32h7xx_hal_i2c.o
                0x08006bb0                HAL_I2C_Init
 .text.HAL_I2CEx_ConfigAnalogFilter
                0x08006ce8       0x96 ./Drivers/STM32H7xx_HAL_Driver/Src/stm32h7xx_hal_i2c_ex.o
                0x08006ce8                HAL_I2CEx_ConfigAnalogFilter
 .text.HAL_I2CEx_ConfigDigitalFilter
                0x08006d7e       0x98 ./Drivers/STM32H7xx_HAL_Driver/Src/stm32h7xx_hal_i2c_ex.o
                0x08006d7e                HAL_I2CEx_ConfigDigitalFilter
 *fill*         0x08006e16        0x2 
 .text.HAL_PWREx_ConfigSupply
                0x08006e18       0x74 ./Drivers/STM32H7xx_HAL_Driver/Src/stm32h7xx_hal_pwr_ex.o
                0x08006e18                HAL_PWREx_ConfigSupply
 .text.HAL_RCC_OscConfig
                0x08006e8c      0x864 ./Drivers/STM32H7xx_HAL_Driver/Src/stm32h7xx_hal_rcc.o
                0x08006e8c                HAL_RCC_OscConfig
 .text.HAL_RCC_ClockConfig
                0x080076f0      0x36c ./Drivers/STM32H7xx_HAL_Driver/Src/stm32h7xx_hal_rcc.o
                0x080076f0                HAL_RCC_ClockConfig
 .text.HAL_RCC_GetSysClockFreq
                0x08007a5c      0x2f4 ./Drivers/STM32H7xx_HAL_Driver/Src/stm32h7xx_hal_rcc.o
                0x08007a5c                HAL_RCC_GetSysClockFreq
 .text.HAL_RCC_GetHCLKFreq
                0x08007d50       0x60 ./Drivers/STM32H7xx_HAL_Driver/Src/stm32h7xx_hal_rcc.o
                0x08007d50                HAL_RCC_GetHCLKFreq
 .text.HAL_RCC_GetPCLK1Freq
                0x08007db0       0x2c ./Drivers/STM32H7xx_HAL_Driver/Src/stm32h7xx_hal_rcc.o
                0x08007db0                HAL_RCC_GetPCLK1Freq
 .text.HAL_RCC_GetPCLK2Freq
                0x08007ddc       0x2c ./Drivers/STM32H7xx_HAL_Driver/Src/stm32h7xx_hal_rcc.o
                0x08007ddc                HAL_RCC_GetPCLK2Freq
 .text.HAL_RCCEx_PeriphCLKConfig
                0x08007e08     0x137c ./Drivers/STM32H7xx_HAL_Driver/Src/stm32h7xx_hal_rcc_ex.o
                0x08007e08                HAL_RCCEx_PeriphCLKConfig
 .text.HAL_RCCEx_GetD3PCLK1Freq
                0x08009184       0x2c ./Drivers/STM32H7xx_HAL_Driver/Src/stm32h7xx_hal_rcc_ex.o
                0x08009184                HAL_RCCEx_GetD3PCLK1Freq
 .text.HAL_RCCEx_GetPLL2ClockFreq
                0x080091b0      0x2a8 ./Drivers/STM32H7xx_HAL_Driver/Src/stm32h7xx_hal_rcc_ex.o
                0x080091b0                HAL_RCCEx_GetPLL2ClockFreq
 .text.HAL_RCCEx_GetPLL3ClockFreq
                0x08009458      0x2a8 ./Drivers/STM32H7xx_HAL_Driver/Src/stm32h7xx_hal_rcc_ex.o
                0x08009458                HAL_RCCEx_GetPLL3ClockFreq
 .text.RCCEx_PLL2_Config
                0x08009700      0x164 ./Drivers/STM32H7xx_HAL_Driver/Src/stm32h7xx_hal_rcc_ex.o
 .text.RCCEx_PLL3_Config
                0x08009864      0x164 ./Drivers/STM32H7xx_HAL_Driver/Src/stm32h7xx_hal_rcc_ex.o
 .text.HAL_SPI_Init
                0x080099c8      0x248 ./Drivers/STM32H7xx_HAL_Driver/Src/stm32h7xx_hal_spi.o
                0x080099c8                HAL_SPI_Init
 .text.HAL_SPI_Transmit
                0x08009c10      0x3dc ./Drivers/STM32H7xx_HAL_Driver/Src/stm32h7xx_hal_spi.o
                0x08009c10                HAL_SPI_Transmit
 .text.HAL_SPI_Receive
                0x08009fec      0x4e4 ./Drivers/STM32H7xx_HAL_Driver/Src/stm32h7xx_hal_spi.o
                0x08009fec                HAL_SPI_Receive
 .text.HAL_SPI_TransmitReceive
                0x0800a4d0      0x674 ./Drivers/STM32H7xx_HAL_Driver/Src/stm32h7xx_hal_spi.o
                0x0800a4d0                HAL_SPI_TransmitReceive
 .text.SPI_CloseTransfer
                0x0800ab44      0x140 ./Drivers/STM32H7xx_HAL_Driver/Src/stm32h7xx_hal_spi.o
 .text.SPI_WaitOnFlagUntilTimeout
                0x0800ac84       0x5c ./Drivers/STM32H7xx_HAL_Driver/Src/stm32h7xx_hal_spi.o
 .text.SPI_GetPacketSize
                0x0800ace0       0x36 ./Drivers/STM32H7xx_HAL_Driver/Src/stm32h7xx_hal_spi.o
 .text.HAL_TIM_Base_Init
                0x0800ad16       0xae ./Drivers/STM32H7xx_HAL_Driver/Src/stm32h7xx_hal_tim.o
                0x0800ad16                HAL_TIM_Base_Init
 .text.HAL_TIM_PWM_Init
                0x0800adc4       0xae ./Drivers/STM32H7xx_HAL_Driver/Src/stm32h7xx_hal_tim.o
                0x0800adc4                HAL_TIM_PWM_Init
 *fill*         0x0800ae72        0x2 
 .text.HAL_TIM_PWM_ConfigChannel
                0x0800ae74      0x228 ./Drivers/STM32H7xx_HAL_Driver/Src/stm32h7xx_hal_tim.o
                0x0800ae74                HAL_TIM_PWM_ConfigChannel
 .text.TIM_Base_SetConfig
                0x0800b09c      0x14c ./Drivers/STM32H7xx_HAL_Driver/Src/stm32h7xx_hal_tim.o
                0x0800b09c                TIM_Base_SetConfig
 .text.TIM_OC1_SetConfig
                0x0800b1e8      0x120 ./Drivers/STM32H7xx_HAL_Driver/Src/stm32h7xx_hal_tim.o
 .text.TIM_OC2_SetConfig
                0x0800b308      0x114 ./Drivers/STM32H7xx_HAL_Driver/Src/stm32h7xx_hal_tim.o
                0x0800b308                TIM_OC2_SetConfig
 .text.TIM_OC3_SetConfig
                0x0800b41c      0x110 ./Drivers/STM32H7xx_HAL_Driver/Src/stm32h7xx_hal_tim.o
 .text.TIM_OC4_SetConfig
                0x0800b52c       0xd4 ./Drivers/STM32H7xx_HAL_Driver/Src/stm32h7xx_hal_tim.o
 .text.TIM_OC5_SetConfig
                0x0800b600       0xc8 ./Drivers/STM32H7xx_HAL_Driver/Src/stm32h7xx_hal_tim.o
 .text.TIM_OC6_SetConfig
                0x0800b6c8       0xcc ./Drivers/STM32H7xx_HAL_Driver/Src/stm32h7xx_hal_tim.o
 .text.HAL_TIMEx_MasterConfigSynchronization
                0x0800b794      0x11c ./Drivers/STM32H7xx_HAL_Driver/Src/stm32h7xx_hal_tim_ex.o
                0x0800b794                HAL_TIMEx_MasterConfigSynchronization
 .text.HAL_UART_Init
                0x0800b8b0       0xa0 ./Drivers/STM32H7xx_HAL_Driver/Src/stm32h7xx_hal_uart.o
                0x0800b8b0                HAL_UART_Init
 .text.HAL_UART_Receive_DMA
                0x0800b950       0x98 ./Drivers/STM32H7xx_HAL_Driver/Src/stm32h7xx_hal_uart.o
                0x0800b950                HAL_UART_Receive_DMA
 .text.HAL_UART_IRQHandler
                0x0800b9e8      0x774 ./Drivers/STM32H7xx_HAL_Driver/Src/stm32h7xx_hal_uart.o
                0x0800b9e8                HAL_UART_IRQHandler
 .text.HAL_UART_TxCpltCallback
                0x0800c15c       0x14 ./Drivers/STM32H7xx_HAL_Driver/Src/stm32h7xx_hal_uart.o
                0x0800c15c                HAL_UART_TxCpltCallback
 .text.HAL_UART_RxHalfCpltCallback
                0x0800c170       0x14 ./Drivers/STM32H7xx_HAL_Driver/Src/stm32h7xx_hal_uart.o
                0x0800c170                HAL_UART_RxHalfCpltCallback
 .text.HAL_UART_ErrorCallback
                0x0800c184       0x14 ./Drivers/STM32H7xx_HAL_Driver/Src/stm32h7xx_hal_uart.o
                0x0800c184                HAL_UART_ErrorCallback
 .text.HAL_UARTEx_RxEventCallback
                0x0800c198       0x18 ./Drivers/STM32H7xx_HAL_Driver/Src/stm32h7xx_hal_uart.o
                0x0800c198                HAL_UARTEx_RxEventCallback
 .text.UART_SetConfig
                0x0800c1b0      0xcd8 ./Drivers/STM32H7xx_HAL_Driver/Src/stm32h7xx_hal_uart.o
                0x0800c1b0                UART_SetConfig
 .text.UART_AdvFeatureConfig
                0x0800ce88      0x144 ./Drivers/STM32H7xx_HAL_Driver/Src/stm32h7xx_hal_uart.o
                0x0800ce88                UART_AdvFeatureConfig
 .text.UART_CheckIdleState
                0x0800cfcc      0x154 ./Drivers/STM32H7xx_HAL_Driver/Src/stm32h7xx_hal_uart.o
                0x0800cfcc                UART_CheckIdleState
 .text.UART_WaitOnFlagUntilTimeout
                0x0800d120       0xda ./Drivers/STM32H7xx_HAL_Driver/Src/stm32h7xx_hal_uart.o
                0x0800d120                UART_WaitOnFlagUntilTimeout
 *fill*         0x0800d1fa        0x2 
 .text.UART_Start_Receive_DMA
                0x0800d1fc      0x14c ./Drivers/STM32H7xx_HAL_Driver/Src/stm32h7xx_hal_uart.o
                0x0800d1fc                UART_Start_Receive_DMA
 .text.UART_EndTxTransfer
                0x0800d348       0x82 ./Drivers/STM32H7xx_HAL_Driver/Src/stm32h7xx_hal_uart.o
 *fill*         0x0800d3ca        0x2 
 .text.UART_EndRxTransfer
                0x0800d3cc       0xcc ./Drivers/STM32H7xx_HAL_Driver/Src/stm32h7xx_hal_uart.o
 .text.UART_DMAReceiveCplt
                0x0800d498      0x128 ./Drivers/STM32H7xx_HAL_Driver/Src/stm32h7xx_hal_uart.o
 .text.UART_DMARxHalfCplt
                0x0800d5c0       0x3e ./Drivers/STM32H7xx_HAL_Driver/Src/stm32h7xx_hal_uart.o
 .text.UART_DMAError
                0x0800d5fe       0x80 ./Drivers/STM32H7xx_HAL_Driver/Src/stm32h7xx_hal_uart.o
 .text.UART_DMAAbortOnError
                0x0800d67e       0x2c ./Drivers/STM32H7xx_HAL_Driver/Src/stm32h7xx_hal_uart.o
 .text.UART_EndTransmit_IT
                0x0800d6aa       0x56 ./Drivers/STM32H7xx_HAL_Driver/Src/stm32h7xx_hal_uart.o
 .text.HAL_UARTEx_WakeupCallback
                0x0800d700       0x14 ./Drivers/STM32H7xx_HAL_Driver/Src/stm32h7xx_hal_uart_ex.o
                0x0800d700                HAL_UARTEx_WakeupCallback
 .text.HAL_UARTEx_RxFifoFullCallback
                0x0800d714       0x14 ./Drivers/STM32H7xx_HAL_Driver/Src/stm32h7xx_hal_uart_ex.o
                0x0800d714                HAL_UARTEx_RxFifoFullCallback
 .text.HAL_UARTEx_TxFifoEmptyCallback
                0x0800d728       0x14 ./Drivers/STM32H7xx_HAL_Driver/Src/stm32h7xx_hal_uart_ex.o
                0x0800d728                HAL_UARTEx_TxFifoEmptyCallback
 .text.HAL_UARTEx_DisableFifoMode
                0x0800d73c       0x72 ./Drivers/STM32H7xx_HAL_Driver/Src/stm32h7xx_hal_uart_ex.o
                0x0800d73c                HAL_UARTEx_DisableFifoMode
 .text.HAL_UARTEx_SetTxFifoThreshold
                0x0800d7ae       0x7c ./Drivers/STM32H7xx_HAL_Driver/Src/stm32h7xx_hal_uart_ex.o
                0x0800d7ae                HAL_UARTEx_SetTxFifoThreshold
 .text.HAL_UARTEx_SetRxFifoThreshold
                0x0800d82a       0x7c ./Drivers/STM32H7xx_HAL_Driver/Src/stm32h7xx_hal_uart_ex.o
                0x0800d82a                HAL_UARTEx_SetRxFifoThreshold
 *fill*         0x0800d8a6        0x2 
 .text.UARTEx_SetNbDataToProcess
                0x0800d8a8       0x9c ./Drivers/STM32H7xx_HAL_Driver/Src/stm32h7xx_hal_uart_ex.o
 .text.MX_FATFS_Init
                0x0800d944       0x24 ./FATFS/App/fatfs.o
                0x0800d944                MX_FATFS_Init
 .text.get_fattime
                0x0800d968       0x10 ./FATFS/App/fatfs.o
                0x0800d968                get_fattime
 .text.USER_initialize
                0x0800d978       0x1c ./FATFS/Target/user_diskio.o
                0x0800d978                USER_initialize
 .text.USER_status
                0x0800d994       0x1c ./FATFS/Target/user_diskio.o
                0x0800d994                USER_status
 .text.USER_read
                0x0800d9b0       0x26 ./FATFS/Target/user_diskio.o
                0x0800d9b0                USER_read
 .text.USER_write
                0x0800d9d6       0x26 ./FATFS/Target/user_diskio.o
                0x0800d9d6                USER_write
 .text.USER_ioctl
                0x0800d9fc       0x26 ./FATFS/Target/user_diskio.o
                0x0800d9fc                USER_ioctl
 *fill*         0x0800da22        0x2 
 .text.SELECT   0x0800da24       0x18 ./MIDWARE/FATFS_SD/FATFS_SD.o
 .text.DESELECT
                0x0800da3c       0x18 ./MIDWARE/FATFS_SD/FATFS_SD.o
 .text.SPI_TxByte
                0x0800da54       0x34 ./MIDWARE/FATFS_SD/FATFS_SD.o
 .text.SPI_TxBuffer
                0x0800da88       0x34 ./MIDWARE/FATFS_SD/FATFS_SD.o
 .text.SPI_RxByte
                0x0800dabc       0x38 ./MIDWARE/FATFS_SD/FATFS_SD.o
 .text.SPI_RxBytePtr
                0x0800daf4       0x1c ./MIDWARE/FATFS_SD/FATFS_SD.o
 .text.SD_ReadyWait
                0x0800db10       0x34 ./MIDWARE/FATFS_SD/FATFS_SD.o
 .text.SD_PowerOn
                0x0800db44       0x84 ./MIDWARE/FATFS_SD/FATFS_SD.o
 .text.SD_PowerOff
                0x0800dbc8       0x18 ./MIDWARE/FATFS_SD/FATFS_SD.o
 .text.SD_CheckPower
                0x0800dbe0       0x18 ./MIDWARE/FATFS_SD/FATFS_SD.o
 .text.SD_RxDataBlock
                0x0800dbf8       0x5c ./MIDWARE/FATFS_SD/FATFS_SD.o
 .text.SD_TxDataBlock
                0x0800dc54       0x86 ./MIDWARE/FATFS_SD/FATFS_SD.o
 .text.SD_SendCmd
                0x0800dcda       0xa8 ./MIDWARE/FATFS_SD/FATFS_SD.o
 *fill*         0x0800dd82        0x2 
 .text.SD_disk_initialize
                0x0800dd84      0x1cc ./MIDWARE/FATFS_SD/FATFS_SD.o
                0x0800dd84                SD_disk_initialize
 .text.SD_disk_status
                0x0800df50       0x2c ./MIDWARE/FATFS_SD/FATFS_SD.o
                0x0800df50                SD_disk_status
 .text.SD_disk_read
                0x0800df7c       0xd4 ./MIDWARE/FATFS_SD/FATFS_SD.o
                0x0800df7c                SD_disk_read
 .text.SD_disk_write
                0x0800e050      0x108 ./MIDWARE/FATFS_SD/FATFS_SD.o
                0x0800e050                SD_disk_write
 .text.SD_disk_ioctl
                0x0800e158      0x254 ./MIDWARE/FATFS_SD/FATFS_SD.o
                0x0800e158                SD_disk_ioctl
 .text.disk_status
                0x0800e3ac       0x34 ./Middlewares/Third_Party/FatFs/src/diskio.o
                0x0800e3ac                disk_status
 .text.disk_initialize
                0x0800e3e0       0x50 ./Middlewares/Third_Party/FatFs/src/diskio.o
                0x0800e3e0                disk_initialize
 .text.disk_read
                0x0800e430       0x40 ./Middlewares/Third_Party/FatFs/src/diskio.o
                0x0800e430                disk_read
 .text.disk_write
                0x0800e470       0x40 ./Middlewares/Third_Party/FatFs/src/diskio.o
                0x0800e470                disk_write
 .text.disk_ioctl
                0x0800e4b0       0x3c ./Middlewares/Third_Party/FatFs/src/diskio.o
                0x0800e4b0                disk_ioctl
 .text.ld_word  0x0800e4ec       0x30 ./Middlewares/Third_Party/FatFs/src/ff.o
 .text.ld_dword
                0x0800e51c       0x46 ./Middlewares/Third_Party/FatFs/src/ff.o
 .text.st_word  0x0800e562       0x36 ./Middlewares/Third_Party/FatFs/src/ff.o
 .text.st_dword
                0x0800e598       0x58 ./Middlewares/Third_Party/FatFs/src/ff.o
 .text.mem_cpy  0x0800e5f0       0x42 ./Middlewares/Third_Party/FatFs/src/ff.o
 .text.mem_set  0x0800e632       0x36 ./Middlewares/Third_Party/FatFs/src/ff.o
 .text.mem_cmp  0x0800e668       0x4e ./Middlewares/Third_Party/FatFs/src/ff.o
 .text.chk_chr  0x0800e6b6       0x36 ./Middlewares/Third_Party/FatFs/src/ff.o
 .text.chk_lock
                0x0800e6ec       0xb8 ./Middlewares/Third_Party/FatFs/src/ff.o
 .text.enq_lock
                0x0800e7a4       0x44 ./Middlewares/Third_Party/FatFs/src/ff.o
 .text.inc_lock
                0x0800e7e8      0x11c ./Middlewares/Third_Party/FatFs/src/ff.o
 .text.dec_lock
                0x0800e904       0x78 ./Middlewares/Third_Party/FatFs/src/ff.o
 .text.clear_lock
                0x0800e97c       0x48 ./Middlewares/Third_Party/FatFs/src/ff.o
 .text.sync_window
                0x0800e9c4       0x88 ./Middlewares/Third_Party/FatFs/src/ff.o
 .text.move_window
                0x0800ea4c       0x5a ./Middlewares/Third_Party/FatFs/src/ff.o
 *fill*         0x0800eaa6        0x2 
 .text.sync_fs  0x0800eaa8       0xe0 ./Middlewares/Third_Party/FatFs/src/ff.o
 .text.clust2sect
                0x0800eb88       0x3e ./Middlewares/Third_Party/FatFs/src/ff.o
 .text.get_fat  0x0800ebc6      0x1a6 ./Middlewares/Third_Party/FatFs/src/ff.o
 .text.put_fat  0x0800ed6c      0x234 ./Middlewares/Third_Party/FatFs/src/ff.o
 .text.remove_chain
                0x0800efa0       0xca ./Middlewares/Third_Party/FatFs/src/ff.o
 .text.create_chain
                0x0800f06a      0x130 ./Middlewares/Third_Party/FatFs/src/ff.o
 .text.clmt_clust
                0x0800f19a       0x70 ./Middlewares/Third_Party/FatFs/src/ff.o
 .text.dir_sdi  0x0800f20a      0x112 ./Middlewares/Third_Party/FatFs/src/ff.o
 .text.dir_next
                0x0800f31c      0x1ac ./Middlewares/Third_Party/FatFs/src/ff.o
 .text.dir_alloc
                0x0800f4c8       0x8e ./Middlewares/Third_Party/FatFs/src/ff.o
 .text.ld_clust
                0x0800f556       0x3e ./Middlewares/Third_Party/FatFs/src/ff.o
 .text.st_clust
                0x0800f594       0x40 ./Middlewares/Third_Party/FatFs/src/ff.o
 .text.cmp_lfn  0x0800f5d4       0xe0 ./Middlewares/Third_Party/FatFs/src/ff.o
 .text.put_lfn  0x0800f6b4       0xd0 ./Middlewares/Third_Party/FatFs/src/ff.o
 .text.gen_numname
                0x0800f784      0x11c ./Middlewares/Third_Party/FatFs/src/ff.o
 .text.sum_sfn  0x0800f8a0       0x42 ./Middlewares/Third_Party/FatFs/src/ff.o
 .text.dir_find
                0x0800f8e2      0x180 ./Middlewares/Third_Party/FatFs/src/ff.o
 *fill*         0x0800fa62        0x2 
 .text.dir_register
                0x0800fa64      0x1f0 ./Middlewares/Third_Party/FatFs/src/ff.o
 .text.create_name
                0x0800fc54      0x40c ./Middlewares/Third_Party/FatFs/src/ff.o
 .text.follow_path
                0x08010060      0x12a ./Middlewares/Third_Party/FatFs/src/ff.o
 .text.get_ldnumber
                0x0801018a       0x88 ./Middlewares/Third_Party/FatFs/src/ff.o
 *fill*         0x08010212        0x2 
 .text.check_fs
                0x08010214       0xac ./Middlewares/Third_Party/FatFs/src/ff.o
 .text.find_volume
                0x080102c0      0x510 ./Middlewares/Third_Party/FatFs/src/ff.o
 .text.validate
                0x080107d0       0x6a ./Middlewares/Third_Party/FatFs/src/ff.o
 *fill*         0x0801083a        0x2 
 .text.f_mount  0x0801083c       0x8c ./Middlewares/Third_Party/FatFs/src/ff.o
                0x0801083c                f_mount
 .text.f_open   0x080108c8      0x390 ./Middlewares/Third_Party/FatFs/src/ff.o
                0x080108c8                f_open
 .text.f_write  0x08010c58      0x328 ./Middlewares/Third_Party/FatFs/src/ff.o
                0x08010c58                f_write
 .text.f_sync   0x08010f80       0xfc ./Middlewares/Third_Party/FatFs/src/ff.o
                0x08010f80                f_sync
 .text.f_close  0x0801107c       0x54 ./Middlewares/Third_Party/FatFs/src/ff.o
                0x0801107c                f_close
 .text.f_lseek  0x080110d0      0x448 ./Middlewares/Third_Party/FatFs/src/ff.o
                0x080110d0                f_lseek
 .text.putc_bfd
                0x08011518       0x7a ./Middlewares/Third_Party/FatFs/src/ff.o
 .text.putc_flush
                0x08011592       0x4a ./Middlewares/Third_Party/FatFs/src/ff.o
 .text.putc_init
                0x080115dc       0x2a ./Middlewares/Third_Party/FatFs/src/ff.o
 *fill*         0x08011606        0x2 
 .text.f_printf
                0x08011608      0x43c ./Middlewares/Third_Party/FatFs/src/ff.o
                0x08011608                f_printf
 .text.FATFS_LinkDriverEx
                0x08011a44       0x98 ./Middlewares/Third_Party/FatFs/src/ff_gen_drv.o
                0x08011a44                FATFS_LinkDriverEx
 .text.FATFS_LinkDriver
                0x08011adc       0x1e ./Middlewares/Third_Party/FatFs/src/ff_gen_drv.o
                0x08011adc                FATFS_LinkDriver
 *fill*         0x08011afa        0x2 
 .text.ff_convert
                0x08011afc       0x78 ./Middlewares/Third_Party/FatFs/src/option/ccsbcs.o
                0x08011afc                ff_convert
 .text.ff_wtoupper
                0x08011b74      0x114 ./Middlewares/Third_Party/FatFs/src/option/ccsbcs.o
                0x08011b74                ff_wtoupper
 .text.memset   0x08011c88       0x10 C:/ST/STM32CubeIDE_1.16.1/STM32CubeIDE/plugins/com.st.stm32cube.ide.mcu.externaltools.gnu-tools-for-stm32.12.3.rel1.win32_1.0.200.202406191623/tools/bin/../lib/gcc/arm-none-eabi/12.3.1/../../../../arm-none-eabi/lib/thumb/v7e-m+dp/hard\libc_nano.a(libc_a-memset.o)
                0x08011c88                memset
 .text.__errno  0x08011c98        0xc C:/ST/STM32CubeIDE_1.16.1/STM32CubeIDE/plugins/com.st.stm32cube.ide.mcu.externaltools.gnu-tools-for-stm32.12.3.rel1.win32_1.0.200.202406191623/tools/bin/../lib/gcc/arm-none-eabi/12.3.1/../../../../arm-none-eabi/lib/thumb/v7e-m+dp/hard\libc_nano.a(libc_a-errno.o)
                0x08011c98                __errno
 .text.__libc_init_array
                0x08011ca4       0x48 C:/ST/STM32CubeIDE_1.16.1/STM32CubeIDE/plugins/com.st.stm32cube.ide.mcu.externaltools.gnu-tools-for-stm32.12.3.rel1.win32_1.0.200.202406191623/tools/bin/../lib/gcc/arm-none-eabi/12.3.1/../../../../arm-none-eabi/lib/thumb/v7e-m+dp/hard\libc_nano.a(libc_a-init.o)
                0x08011ca4                __libc_init_array
 .text.memcpy   0x08011cec       0x1c C:/ST/STM32CubeIDE_1.16.1/STM32CubeIDE/plugins/com.st.stm32cube.ide.mcu.externaltools.gnu-tools-for-stm32.12.3.rel1.win32_1.0.200.202406191623/tools/bin/../lib/gcc/arm-none-eabi/12.3.1/../../../../arm-none-eabi/lib/thumb/v7e-m+dp/hard\libc_nano.a(libc_a-memcpy-stub.o)
                0x08011cec                memcpy
 .text.log      0x08011d08      0x1e8 C:/ST/STM32CubeIDE_1.16.1/STM32CubeIDE/plugins/com.st.stm32cube.ide.mcu.externaltools.gnu-tools-for-stm32.12.3.rel1.win32_1.0.200.202406191623/tools/bin/../lib/gcc/arm-none-eabi/12.3.1/../../../../arm-none-eabi/lib/thumb/v7e-m+dp/hard\libm.a(libm_a-log.o)
                0x08011d08                log
 .text.with_errno
                0x08011ef0       0x1c C:/ST/STM32CubeIDE_1.16.1/STM32CubeIDE/plugins/com.st.stm32cube.ide.mcu.externaltools.gnu-tools-for-stm32.12.3.rel1.win32_1.0.200.202406191623/tools/bin/../lib/gcc/arm-none-eabi/12.3.1/../../../../arm-none-eabi/lib/thumb/v7e-m+dp/hard\libm.a(libm_a-math_err.o)
 *fill*         0x08011f0c        0x4 
 .text.__math_divzero
                0x08011f10       0x30 C:/ST/STM32CubeIDE_1.16.1/STM32CubeIDE/plugins/com.st.stm32cube.ide.mcu.externaltools.gnu-tools-for-stm32.12.3.rel1.win32_1.0.200.202406191623/tools/bin/../lib/gcc/arm-none-eabi/12.3.1/../../../../arm-none-eabi/lib/thumb/v7e-m+dp/hard\libm.a(libm_a-math_err.o)
                0x08011f10                __math_divzero
 .text.__math_invalid
                0x08011f40       0x1e C:/ST/STM32CubeIDE_1.16.1/STM32CubeIDE/plugins/com.st.stm32cube.ide.mcu.externaltools.gnu-tools-for-stm32.12.3.rel1.win32_1.0.200.202406191623/tools/bin/../lib/gcc/arm-none-eabi/12.3.1/../../../../arm-none-eabi/lib/thumb/v7e-m+dp/hard\libm.a(libm_a-math_err.o)
                0x08011f40                __math_invalid
 *(.glue_7)
 .glue_7        0x08011f5e        0x0 linker stubs
 *(.glue_7t)
 .glue_7t       0x08011f5e        0x0 linker stubs
 *(.eh_frame)
 *fill*         0x08011f5e        0x2 
 .eh_frame      0x08011f60        0x0 C:/ST/STM32CubeIDE_1.16.1/STM32CubeIDE/plugins/com.st.stm32cube.ide.mcu.externaltools.gnu-tools-for-stm32.12.3.rel1.win32_1.0.200.202406191623/tools/bin/../lib/gcc/arm-none-eabi/12.3.1/thumb/v7e-m+dp/hard/crtbegin.o
 *(.init)
 .init          0x08011f60        0x4 C:/ST/STM32CubeIDE_1.16.1/STM32CubeIDE/plugins/com.st.stm32cube.ide.mcu.externaltools.gnu-tools-for-stm32.12.3.rel1.win32_1.0.200.202406191623/tools/bin/../lib/gcc/arm-none-eabi/12.3.1/thumb/v7e-m+dp/hard/crti.o
                0x08011f60                _init
 .init          0x08011f64        0x8 C:/ST/STM32CubeIDE_1.16.1/STM32CubeIDE/plugins/com.st.stm32cube.ide.mcu.externaltools.gnu-tools-for-stm32.12.3.rel1.win32_1.0.200.202406191623/tools/bin/../lib/gcc/arm-none-eabi/12.3.1/thumb/v7e-m+dp/hard/crtn.o
 *(.fini)
 .fini          0x08011f6c        0x4 C:/ST/STM32CubeIDE_1.16.1/STM32CubeIDE/plugins/com.st.stm32cube.ide.mcu.externaltools.gnu-tools-for-stm32.12.3.rel1.win32_1.0.200.202406191623/tools/bin/../lib/gcc/arm-none-eabi/12.3.1/thumb/v7e-m+dp/hard/crti.o
                0x08011f6c                _fini
 .fini          0x08011f70        0x8 C:/ST/STM32CubeIDE_1.16.1/STM32CubeIDE/plugins/com.st.stm32cube.ide.mcu.externaltools.gnu-tools-for-stm32.12.3.rel1.win32_1.0.200.202406191623/tools/bin/../lib/gcc/arm-none-eabi/12.3.1/thumb/v7e-m+dp/hard/crtn.o
                0x08011f78                        . = ALIGN (0x4)
                0x08011f78                        _etext = .

.vfp11_veneer   0x08011f78        0x0
 .vfp11_veneer  0x08011f78        0x0 linker stubs

.v4_bx          0x08011f78        0x0
 .v4_bx         0x08011f78        0x0 linker stubs

.iplt           0x08011f78        0x0
 .iplt          0x08011f78        0x0 C:/ST/STM32CubeIDE_1.16.1/STM32CubeIDE/plugins/com.st.stm32cube.ide.mcu.externaltools.gnu-tools-for-stm32.12.3.rel1.win32_1.0.200.202406191623/tools/bin/../lib/gcc/arm-none-eabi/12.3.1/thumb/v7e-m+dp/hard/crtbegin.o

.rodata         0x08011f78      0xe00
                0x08011f78                        . = ALIGN (0x4)
 *(.rodata)
 .rodata        0x08011f78       0x5c ./Core/Src/Libraries/SD.o
 .rodata        0x08011fd4       0x4c ./Drivers/STM32H7xx_HAL_Driver/Src/stm32h7xx_hal_fdcan.o
 .rodata        0x08012020       0x48 ./Middlewares/Third_Party/FatFs/src/ff.o
 *(.rodata*)
 .rodata.D1CorePrescTable
                0x08012068       0x10 ./Core/Src/system_stm32h7xx.o
                0x08012068                D1CorePrescTable
 .rodata.flagBitshiftOffset.0
                0x08012078        0x8 ./Drivers/STM32H7xx_HAL_Driver/Src/stm32h7xx_hal_dma.o
 .rodata.UARTPrescTable
                0x08012080       0x18 ./Drivers/STM32H7xx_HAL_Driver/Src/stm32h7xx_hal_uart.o
                0x08012080                UARTPrescTable
 .rodata.numerator.1
                0x08012098        0x8 ./Drivers/STM32H7xx_HAL_Driver/Src/stm32h7xx_hal_uart_ex.o
 .rodata.denominator.0
                0x080120a0        0x8 ./Drivers/STM32H7xx_HAL_Driver/Src/stm32h7xx_hal_uart_ex.o
 .rodata.ExCvt  0x080120a8       0x80 ./Middlewares/Third_Party/FatFs/src/ff.o
 .rodata.LfnOfs
                0x08012128        0xd ./Middlewares/Third_Party/FatFs/src/ff.o
 *fill*         0x08012135        0x3 
 .rodata.Tbl    0x08012138      0x100 ./Middlewares/Third_Party/FatFs/src/option/ccsbcs.o
 .rodata.cvt1.1
                0x08012238      0x1f2 ./Middlewares/Third_Party/FatFs/src/option/ccsbcs.o
 *fill*         0x0801242a        0x2 
 .rodata.cvt2.0
                0x0801242c       0xbc ./Middlewares/Third_Party/FatFs/src/option/ccsbcs.o
 .rodata.__log_data
                0x080124e8      0x890 C:/ST/STM32CubeIDE_1.16.1/STM32CubeIDE/plugins/com.st.stm32cube.ide.mcu.externaltools.gnu-tools-for-stm32.12.3.rel1.win32_1.0.200.202406191623/tools/bin/../lib/gcc/arm-none-eabi/12.3.1/../../../../arm-none-eabi/lib/thumb/v7e-m+dp/hard\libm.a(libm_a-log_data.o)
                0x080124e8                __log_data
                0x08012d78                        . = ALIGN (0x4)

.ARM.extab
 *(.ARM.extab* .gnu.linkonce.armextab.*)

.ARM            0x08012d78        0x8
                0x08012d78                        __exidx_start = .
 *(.ARM.exidx*)
 .ARM.exidx     0x08012d78        0x8 C:/ST/STM32CubeIDE_1.16.1/STM32CubeIDE/plugins/com.st.stm32cube.ide.mcu.externaltools.gnu-tools-for-stm32.12.3.rel1.win32_1.0.200.202406191623/tools/bin/../lib/gcc/arm-none-eabi/12.3.1/thumb/v7e-m+dp/hard\libgcc.a(_udivmoddi4.o)
                0x08012d80                        __exidx_end = .

.preinit_array  0x08012d80        0x0
                0x08012d80                        PROVIDE (__preinit_array_start = .)
 *(.preinit_array*)
                0x08012d80                        PROVIDE (__preinit_array_end = .)

.init_array     0x08012d80        0x4
                0x08012d80                        PROVIDE (__init_array_start = .)
 *(SORT_BY_NAME(.init_array.*))
 *(.init_array*)
 .init_array    0x08012d80        0x4 C:/ST/STM32CubeIDE_1.16.1/STM32CubeIDE/plugins/com.st.stm32cube.ide.mcu.externaltools.gnu-tools-for-stm32.12.3.rel1.win32_1.0.200.202406191623/tools/bin/../lib/gcc/arm-none-eabi/12.3.1/thumb/v7e-m+dp/hard/crtbegin.o
                0x08012d84                        PROVIDE (__init_array_end = .)

.fini_array     0x08012d84        0x4
                [!provide]                        PROVIDE (__fini_array_start = .)
 *(SORT_BY_NAME(.fini_array.*))
 *(.fini_array*)
 .fini_array    0x08012d84        0x4 C:/ST/STM32CubeIDE_1.16.1/STM32CubeIDE/plugins/com.st.stm32cube.ide.mcu.externaltools.gnu-tools-for-stm32.12.3.rel1.win32_1.0.200.202406191623/tools/bin/../lib/gcc/arm-none-eabi/12.3.1/thumb/v7e-m+dp/hard/crtbegin.o
                [!provide]                        PROVIDE (__fini_array_end = .)
                0x08012d88                        _sidata = LOADADDR (.data)

.rel.dyn        0x08012d88        0x0
 .rel.iplt      0x08012d88        0x0 C:/ST/STM32CubeIDE_1.16.1/STM32CubeIDE/plugins/com.st.stm32cube.ide.mcu.externaltools.gnu-tools-for-stm32.12.3.rel1.win32_1.0.200.202406191623/tools/bin/../lib/gcc/arm-none-eabi/12.3.1/thumb/v7e-m+dp/hard/crtbegin.o

.data           0x24000000       0xa8 load address 0x08012d88
                0x24000000                        . = ALIGN (0x4)
                0x24000000                        _sdata = .
 *(.data)
 *(.data*)
 .data.Radio_input
                0x24000000       0x24 ./Core/Src/Libraries/SBUS.o
                0x24000000                Radio_input
 .data.fileName
                0x24000024        0xa ./Core/Src/Libraries/SD.o
                0x24000024                fileName
 *fill*         0x2400002e        0x2 
 .data.SystemCoreClock
                0x24000030        0x4 ./Core/Src/system_stm32h7xx.o
                0x24000030                SystemCoreClock
 .data.SystemD2Clock
                0x24000034        0x4 ./Core/Src/system_stm32h7xx.o
                0x24000034                SystemD2Clock
 .data.uwTickPrio
                0x24000038        0x4 ./Drivers/STM32H7xx_HAL_Driver/Src/stm32h7xx_hal.o
                0x24000038                uwTickPrio
 .data.uwTickFreq
                0x2400003c        0x1 ./Drivers/STM32H7xx_HAL_Driver/Src/stm32h7xx_hal.o
                0x2400003c                uwTickFreq
 *fill*         0x2400003d        0x3 
 .data.USER_Driver
                0x24000040       0x14 ./FATFS/Target/user_diskio.o
                0x24000040                USER_Driver
 .data.Stat     0x24000054        0x1 ./MIDWARE/FATFS_SD/FATFS_SD.o
 *fill*         0x24000055        0x3 
 .data._impure_ptr
                0x24000058        0x4 C:/ST/STM32CubeIDE_1.16.1/STM32CubeIDE/plugins/com.st.stm32cube.ide.mcu.externaltools.gnu-tools-for-stm32.12.3.rel1.win32_1.0.200.202406191623/tools/bin/../lib/gcc/arm-none-eabi/12.3.1/../../../../arm-none-eabi/lib/thumb/v7e-m+dp/hard\libc_nano.a(libc_a-impure.o)
                0x24000058                _impure_ptr
 .data._impure_data
                0x2400005c       0x4c C:/ST/STM32CubeIDE_1.16.1/STM32CubeIDE/plugins/com.st.stm32cube.ide.mcu.externaltools.gnu-tools-for-stm32.12.3.rel1.win32_1.0.200.202406191623/tools/bin/../lib/gcc/arm-none-eabi/12.3.1/../../../../arm-none-eabi/lib/thumb/v7e-m+dp/hard\libc_nano.a(libc_a-impure.o)
                0x2400005c                _impure_data
 *(.RamFunc)
 *(.RamFunc*)
                0x240000a8                        . = ALIGN (0x4)
                0x240000a8                        _edata = .

.igot.plt       0x240000a8        0x0 load address 0x08012e30
 .igot.plt      0x240000a8        0x0 C:/ST/STM32CubeIDE_1.16.1/STM32CubeIDE/plugins/com.st.stm32cube.ide.mcu.externaltools.gnu-tools-for-stm32.12.3.rel1.win32_1.0.200.202406191623/tools/bin/../lib/gcc/arm-none-eabi/12.3.1/thumb/v7e-m+dp/hard/crtbegin.o
                0x240000a8                        . = ALIGN (0x4)

.bss            0x240000a8     0x2a50 load address 0x08012e30
                0x240000a8                        _sbss = .
                0x240000a8                        __bss_start__ = _sbss
 *(.bss)
 .bss           0x240000a8       0x1c C:/ST/STM32CubeIDE_1.16.1/STM32CubeIDE/plugins/com.st.stm32cube.ide.mcu.externaltools.gnu-tools-for-stm32.12.3.rel1.win32_1.0.200.202406191623/tools/bin/../lib/gcc/arm-none-eabi/12.3.1/thumb/v7e-m+dp/hard/crtbegin.o
 *(.bss*)
 .bss.BMP280    0x240000c4       0x14 ./Core/Src/Libraries/BMP280.o
                0x240000c4                BMP280
 .bss.dig_T1    0x240000d8        0x2 ./Core/Src/Libraries/BMP280.o
                0x240000d8                dig_T1
 .bss.dig_P1    0x240000da        0x2 ./Core/Src/Libraries/BMP280.o
                0x240000da                dig_P1
 .bss.dig_T2    0x240000dc        0x2 ./Core/Src/Libraries/BMP280.o
                0x240000dc                dig_T2
 .bss.dig_T3    0x240000de        0x2 ./Core/Src/Libraries/BMP280.o
                0x240000de                dig_T3
 .bss.dig_P2    0x240000e0        0x2 ./Core/Src/Libraries/BMP280.o
                0x240000e0                dig_P2
 .bss.dig_P3    0x240000e2        0x2 ./Core/Src/Libraries/BMP280.o
                0x240000e2                dig_P3
 .bss.dig_P4    0x240000e4        0x2 ./Core/Src/Libraries/BMP280.o
                0x240000e4                dig_P4
 .bss.dig_P5    0x240000e6        0x2 ./Core/Src/Libraries/BMP280.o
                0x240000e6                dig_P5
 .bss.dig_P6    0x240000e8        0x2 ./Core/Src/Libraries/BMP280.o
                0x240000e8                dig_P6
 .bss.dig_P7    0x240000ea        0x2 ./Core/Src/Libraries/BMP280.o
                0x240000ea                dig_P7
 .bss.dig_P8    0x240000ec        0x2 ./Core/Src/Libraries/BMP280.o
                0x240000ec                dig_P8
 .bss.dig_P9    0x240000ee        0x2 ./Core/Src/Libraries/BMP280.o
                0x240000ee                dig_P9
 .bss.T_raw     0x240000f0        0x4 ./Core/Src/Libraries/BMP280.o
                0x240000f0                T_raw
 .bss.P_raw     0x240000f4        0x4 ./Core/Src/Libraries/BMP280.o
                0x240000f4                P_raw
 .bss.t_fine    0x240000f8        0x4 ./Core/Src/Libraries/BMP280.o
                0x240000f8                t_fine
 .bss.SBUS_UART_Rx
                0x240000fc       0x19 ./Core/Src/Libraries/SBUS.o
                0x240000fc                SBUS_UART_Rx
 .bss.SBUS_RxBuffer
                0x24000115        0x1 ./Core/Src/Libraries/SBUS.o
                0x24000115                SBUS_RxBuffer
 .bss.Actual_status.1
                0x24000116        0x1 ./Core/Src/Libraries/SBUS.o
 .bss.RxCount.0
                0x24000117        0x1 ./Core/Src/Libraries/SBUS.o
 .bss.fs        0x24000118     0x103c ./Core/Src/Libraries/SD.o
                0x24000118                fs
 .bss.fil       0x24001154     0x1030 ./Core/Src/Libraries/SD.o
                0x24001154                fil
 .bss.fresult   0x24002184        0x1 ./Core/Src/Libraries/SD.o
                0x24002184                fresult
 *fill*         0x24002185        0x3 
 .bss.hfdcan1   0x24002188       0xa0 ./Core/Src/fdcan.o
                0x24002188                hfdcan1
 .bss.hi2c3     0x24002228       0x54 ./Core/Src/i2c.o
                0x24002228                hi2c3
 .bss.hspi1     0x2400227c       0x88 ./Core/Src/spi.o
                0x2400227c                hspi1
 .bss.hspi2     0x24002304       0x88 ./Core/Src/spi.o
                0x24002304                hspi2
 .bss.hspi3     0x2400238c       0x88 ./Core/Src/spi.o
                0x2400238c                hspi3
 .bss.htim2     0x24002414       0x4c ./Core/Src/tim.o
                0x24002414                htim2
 .bss.htim3     0x24002460       0x4c ./Core/Src/tim.o
                0x24002460                htim3
 .bss.htim4     0x240024ac       0x4c ./Core/Src/tim.o
                0x240024ac                htim4
 .bss.htim13    0x240024f8       0x4c ./Core/Src/tim.o
                0x240024f8                htim13
 .bss.huart4    0x24002544       0x94 ./Core/Src/usart.o
                0x24002544                huart4
 .bss.huart1    0x240025d8       0x94 ./Core/Src/usart.o
                0x240025d8                huart1
 .bss.huart6    0x2400266c       0x94 ./Core/Src/usart.o
                0x2400266c                huart6
 .bss.hdma_usart1_rx
                0x24002700       0x78 ./Core/Src/usart.o
                0x24002700                hdma_usart1_rx
 .bss.uwTick    0x24002778        0x4 ./Drivers/STM32H7xx_HAL_Driver/Src/stm32h7xx_hal.o
                0x24002778                uwTick
 .bss.retUSER   0x2400277c        0x1 ./FATFS/App/fatfs.o
                0x2400277c                retUSER
 *fill*         0x2400277d        0x3 
 .bss.USERPath  0x24002780        0x4 ./FATFS/App/fatfs.o
                0x24002780                USERPath
 .bss.Timer1    0x24002784        0x2 ./MIDWARE/FATFS_SD/FATFS_SD.o
                0x24002784                Timer1
 .bss.Timer2    0x24002786        0x2 ./MIDWARE/FATFS_SD/FATFS_SD.o
                0x24002786                Timer2
 .bss.CardType  0x24002788        0x1 ./MIDWARE/FATFS_SD/FATFS_SD.o
 .bss.PowerFlag
                0x24002789        0x1 ./MIDWARE/FATFS_SD/FATFS_SD.o
 *fill*         0x2400278a        0x2 
 .bss.FatFs     0x2400278c        0x4 ./Middlewares/Third_Party/FatFs/src/ff.o
 .bss.Fsid      0x24002790        0x2 ./Middlewares/Third_Party/FatFs/src/ff.o
 *fill*         0x24002792        0x2 
 .bss.Files     0x24002794       0x20 ./Middlewares/Third_Party/FatFs/src/ff.o
 .bss.LfnBuf    0x240027b4      0x200 ./Middlewares/Third_Party/FatFs/src/ff.o
 .bss.disk      0x240029b4        0xc ./Middlewares/Third_Party/FatFs/src/ff_gen_drv.o
                0x240029b4                disk
 .bss.__sf      0x240029c0      0x138 C:/ST/STM32CubeIDE_1.16.1/STM32CubeIDE/plugins/com.st.stm32cube.ide.mcu.externaltools.gnu-tools-for-stm32.12.3.rel1.win32_1.0.200.202406191623/tools/bin/../lib/gcc/arm-none-eabi/12.3.1/../../../../arm-none-eabi/lib/thumb/v7e-m+dp/hard\libc_nano.a(libc_a-findfp.o)
                0x240029c0                __sf
 *(COMMON)
                0x24002af8                        . = ALIGN (0x4)
                0x24002af8                        _ebss = .
                0x24002af8                        __bss_end__ = _ebss

._user_heap_stack
                0x24002af8      0x600 load address 0x08012e30
                0x24002af8                        . = ALIGN (0x8)
                [!provide]                        PROVIDE (end = .)
                0x24002af8                        PROVIDE (_end = .)
                0x24002cf8                        . = (. + _Min_Heap_Size)
 *fill*         0x24002af8      0x200 
                0x240030f8                        . = (. + _Min_Stack_Size)
 *fill*         0x24002cf8      0x400 
                0x240030f8                        . = ALIGN (0x8)

/DISCARD/
 libc.a(*)
 libm.a(*)
 libgcc.a(*)

.ARM.attributes
                0x00000000       0x2e
 *(.ARM.attributes)
 .ARM.attributes
                0x00000000       0x20 C:/ST/STM32CubeIDE_1.16.1/STM32CubeIDE/plugins/com.st.stm32cube.ide.mcu.externaltools.gnu-tools-for-stm32.12.3.rel1.win32_1.0.200.202406191623/tools/bin/../lib/gcc/arm-none-eabi/12.3.1/thumb/v7e-m+dp/hard/crti.o
 .ARM.attributes
                0x00000020       0x32 C:/ST/STM32CubeIDE_1.16.1/STM32CubeIDE/plugins/com.st.stm32cube.ide.mcu.externaltools.gnu-tools-for-stm32.12.3.rel1.win32_1.0.200.202406191623/tools/bin/../lib/gcc/arm-none-eabi/12.3.1/thumb/v7e-m+dp/hard/crtbegin.o
 .ARM.attributes
                0x00000052       0x32 ./Core/Src/Libraries/BMP280.o
 .ARM.attributes
                0x00000084       0x32 ./Core/Src/Libraries/SBUS.o
 .ARM.attributes
                0x000000b6       0x32 ./Core/Src/Libraries/SD.o
 .ARM.attributes
                0x000000e8       0x32 ./Core/Src/dma.o
 .ARM.attributes
                0x0000011a       0x32 ./Core/Src/fdcan.o
 .ARM.attributes
                0x0000014c       0x32 ./Core/Src/gpio.o
 .ARM.attributes
                0x0000017e       0x32 ./Core/Src/i2c.o
 .ARM.attributes
                0x000001b0       0x32 ./Core/Src/main.o
 .ARM.attributes
                0x000001e2       0x32 ./Core/Src/spi.o
 .ARM.attributes
                0x00000214       0x32 ./Core/Src/stm32h7xx_hal_msp.o
 .ARM.attributes
                0x00000246       0x32 ./Core/Src/stm32h7xx_it.o
 .ARM.attributes
                0x00000278       0x32 ./Core/Src/system_stm32h7xx.o
 .ARM.attributes
                0x000002aa       0x32 ./Core/Src/tim.o
 .ARM.attributes
                0x000002dc       0x32 ./Core/Src/usart.o
 .ARM.attributes
                0x0000030e       0x21 ./Core/Startup/startup_stm32h7b0rbtx.o
 .ARM.attributes
                0x0000032f       0x32 ./Drivers/STM32H7xx_HAL_Driver/Src/stm32h7xx_hal.o
 .ARM.attributes
                0x00000361       0x32 ./Drivers/STM32H7xx_HAL_Driver/Src/stm32h7xx_hal_cortex.o
 .ARM.attributes
                0x00000393       0x32 ./Drivers/STM32H7xx_HAL_Driver/Src/stm32h7xx_hal_dma.o
 .ARM.attributes
                0x000003c5       0x32 ./Drivers/STM32H7xx_HAL_Driver/Src/stm32h7xx_hal_fdcan.o
 .ARM.attributes
                0x000003f7       0x32 ./Drivers/STM32H7xx_HAL_Driver/Src/stm32h7xx_hal_gpio.o
 .ARM.attributes
                0x00000429       0x32 ./Drivers/STM32H7xx_HAL_Driver/Src/stm32h7xx_hal_i2c.o
 .ARM.attributes
                0x0000045b       0x32 ./Drivers/STM32H7xx_HAL_Driver/Src/stm32h7xx_hal_i2c_ex.o
 .ARM.attributes
                0x0000048d       0x32 ./Drivers/STM32H7xx_HAL_Driver/Src/stm32h7xx_hal_pwr_ex.o
 .ARM.attributes
                0x000004bf       0x32 ./Drivers/STM32H7xx_HAL_Driver/Src/stm32h7xx_hal_rcc.o
 .ARM.attributes
                0x000004f1       0x32 ./Drivers/STM32H7xx_HAL_Driver/Src/stm32h7xx_hal_rcc_ex.o
 .ARM.attributes
                0x00000523       0x32 ./Drivers/STM32H7xx_HAL_Driver/Src/stm32h7xx_hal_spi.o
 .ARM.attributes
                0x00000555       0x32 ./Drivers/STM32H7xx_HAL_Driver/Src/stm32h7xx_hal_tim.o
 .ARM.attributes
                0x00000587       0x32 ./Drivers/STM32H7xx_HAL_Driver/Src/stm32h7xx_hal_tim_ex.o
 .ARM.attributes
                0x000005b9       0x32 ./Drivers/STM32H7xx_HAL_Driver/Src/stm32h7xx_hal_uart.o
 .ARM.attributes
                0x000005eb       0x32 ./Drivers/STM32H7xx_HAL_Driver/Src/stm32h7xx_hal_uart_ex.o
 .ARM.attributes
                0x0000061d       0x32 ./FATFS/App/fatfs.o
 .ARM.attributes
                0x0000064f       0x32 ./FATFS/Target/user_diskio.o
 .ARM.attributes
                0x00000681       0x32 ./MIDWARE/FATFS_SD/FATFS_SD.o
 .ARM.attributes
                0x000006b3       0x32 ./Middlewares/Third_Party/FatFs/src/diskio.o
 .ARM.attributes
                0x000006e5       0x32 ./Middlewares/Third_Party/FatFs/src/ff.o
 .ARM.attributes
                0x00000717       0x32 ./Middlewares/Third_Party/FatFs/src/ff_gen_drv.o
 .ARM.attributes
                0x00000749       0x32 ./Middlewares/Third_Party/FatFs/src/option/ccsbcs.o
 .ARM.attributes
                0x0000077b       0x32 C:/ST/STM32CubeIDE_1.16.1/STM32CubeIDE/plugins/com.st.stm32cube.ide.mcu.externaltools.gnu-tools-for-stm32.12.3.rel1.win32_1.0.200.202406191623/tools/bin/../lib/gcc/arm-none-eabi/12.3.1/../../../../arm-none-eabi/lib/thumb/v7e-m+dp/hard\libc_nano.a(libc_a-findfp.o)
 .ARM.attributes
                0x000007ad       0x32 C:/ST/STM32CubeIDE_1.16.1/STM32CubeIDE/plugins/com.st.stm32cube.ide.mcu.externaltools.gnu-tools-for-stm32.12.3.rel1.win32_1.0.200.202406191623/tools/bin/../lib/gcc/arm-none-eabi/12.3.1/../../../../arm-none-eabi/lib/thumb/v7e-m+dp/hard\libc_nano.a(libc_a-memset.o)
 .ARM.attributes
                0x000007df       0x32 C:/ST/STM32CubeIDE_1.16.1/STM32CubeIDE/plugins/com.st.stm32cube.ide.mcu.externaltools.gnu-tools-for-stm32.12.3.rel1.win32_1.0.200.202406191623/tools/bin/../lib/gcc/arm-none-eabi/12.3.1/../../../../arm-none-eabi/lib/thumb/v7e-m+dp/hard\libc_nano.a(libc_a-impure.o)
 .ARM.attributes
                0x00000811       0x32 C:/ST/STM32CubeIDE_1.16.1/STM32CubeIDE/plugins/com.st.stm32cube.ide.mcu.externaltools.gnu-tools-for-stm32.12.3.rel1.win32_1.0.200.202406191623/tools/bin/../lib/gcc/arm-none-eabi/12.3.1/../../../../arm-none-eabi/lib/thumb/v7e-m+dp/hard\libc_nano.a(libc_a-errno.o)
 .ARM.attributes
                0x00000843       0x32 C:/ST/STM32CubeIDE_1.16.1/STM32CubeIDE/plugins/com.st.stm32cube.ide.mcu.externaltools.gnu-tools-for-stm32.12.3.rel1.win32_1.0.200.202406191623/tools/bin/../lib/gcc/arm-none-eabi/12.3.1/../../../../arm-none-eabi/lib/thumb/v7e-m+dp/hard\libc_nano.a(libc_a-init.o)
 .ARM.attributes
                0x00000875       0x32 C:/ST/STM32CubeIDE_1.16.1/STM32CubeIDE/plugins/com.st.stm32cube.ide.mcu.externaltools.gnu-tools-for-stm32.12.3.rel1.win32_1.0.200.202406191623/tools/bin/../lib/gcc/arm-none-eabi/12.3.1/../../../../arm-none-eabi/lib/thumb/v7e-m+dp/hard\libc_nano.a(libc_a-memcpy-stub.o)
 .ARM.attributes
                0x000008a7       0x32 C:/ST/STM32CubeIDE_1.16.1/STM32CubeIDE/plugins/com.st.stm32cube.ide.mcu.externaltools.gnu-tools-for-stm32.12.3.rel1.win32_1.0.200.202406191623/tools/bin/../lib/gcc/arm-none-eabi/12.3.1/../../../../arm-none-eabi/lib/thumb/v7e-m+dp/hard\libm.a(libm_a-log.o)
 .ARM.attributes
                0x000008d9       0x32 C:/ST/STM32CubeIDE_1.16.1/STM32CubeIDE/plugins/com.st.stm32cube.ide.mcu.externaltools.gnu-tools-for-stm32.12.3.rel1.win32_1.0.200.202406191623/tools/bin/../lib/gcc/arm-none-eabi/12.3.1/../../../../arm-none-eabi/lib/thumb/v7e-m+dp/hard\libm.a(libm_a-log_data.o)
 .ARM.attributes
                0x0000090b       0x32 C:/ST/STM32CubeIDE_1.16.1/STM32CubeIDE/plugins/com.st.stm32cube.ide.mcu.externaltools.gnu-tools-for-stm32.12.3.rel1.win32_1.0.200.202406191623/tools/bin/../lib/gcc/arm-none-eabi/12.3.1/../../../../arm-none-eabi/lib/thumb/v7e-m+dp/hard\libm.a(libm_a-math_err.o)
 .ARM.attributes
                0x0000093d       0x20 C:/ST/STM32CubeIDE_1.16.1/STM32CubeIDE/plugins/com.st.stm32cube.ide.mcu.externaltools.gnu-tools-for-stm32.12.3.rel1.win32_1.0.200.202406191623/tools/bin/../lib/gcc/arm-none-eabi/12.3.1/thumb/v7e-m+dp/hard\libgcc.a(_aeabi_ldivmod.o)
 .ARM.attributes
                0x0000095d       0x20 C:/ST/STM32CubeIDE_1.16.1/STM32CubeIDE/plugins/com.st.stm32cube.ide.mcu.externaltools.gnu-tools-for-stm32.12.3.rel1.win32_1.0.200.202406191623/tools/bin/../lib/gcc/arm-none-eabi/12.3.1/thumb/v7e-m+dp/hard\libgcc.a(_aeabi_uldivmod.o)
 .ARM.attributes
                0x0000097d       0x32 C:/ST/STM32CubeIDE_1.16.1/STM32CubeIDE/plugins/com.st.stm32cube.ide.mcu.externaltools.gnu-tools-for-stm32.12.3.rel1.win32_1.0.200.202406191623/tools/bin/../lib/gcc/arm-none-eabi/12.3.1/thumb/v7e-m+dp/hard\libgcc.a(_udivmoddi4.o)
 .ARM.attributes
                0x000009af       0x20 C:/ST/STM32CubeIDE_1.16.1/STM32CubeIDE/plugins/com.st.stm32cube.ide.mcu.externaltools.gnu-tools-for-stm32.12.3.rel1.win32_1.0.200.202406191623/tools/bin/../lib/gcc/arm-none-eabi/12.3.1/thumb/v7e-m+dp/hard\libgcc.a(_dvmd_tls.o)
 .ARM.attributes
                0x000009cf       0x20 C:/ST/STM32CubeIDE_1.16.1/STM32CubeIDE/plugins/com.st.stm32cube.ide.mcu.externaltools.gnu-tools-for-stm32.12.3.rel1.win32_1.0.200.202406191623/tools/bin/../lib/gcc/arm-none-eabi/12.3.1/thumb/v7e-m+dp/hard/crtn.o
OUTPUT(Controladora-de-vuelo-V0.elf elf32-littlearm)
LOAD linker stubs
LOAD C:/ST/STM32CubeIDE_1.16.1/STM32CubeIDE/plugins/com.st.stm32cube.ide.mcu.externaltools.gnu-tools-for-stm32.12.3.rel1.win32_1.0.200.202406191623/tools/bin/../lib/gcc/arm-none-eabi/12.3.1/../../../../arm-none-eabi/lib/thumb/v7e-m+dp/hard\libc.a
LOAD C:/ST/STM32CubeIDE_1.16.1/STM32CubeIDE/plugins/com.st.stm32cube.ide.mcu.externaltools.gnu-tools-for-stm32.12.3.rel1.win32_1.0.200.202406191623/tools/bin/../lib/gcc/arm-none-eabi/12.3.1/../../../../arm-none-eabi/lib/thumb/v7e-m+dp/hard\libm.a
LOAD C:/ST/STM32CubeIDE_1.16.1/STM32CubeIDE/plugins/com.st.stm32cube.ide.mcu.externaltools.gnu-tools-for-stm32.12.3.rel1.win32_1.0.200.202406191623/tools/bin/../lib/gcc/arm-none-eabi/12.3.1/thumb/v7e-m+dp/hard\libgcc.a

.debug_info     0x00000000    0x26e02
 .debug_info    0x00000000      0xd2d ./Core/Src/Libraries/BMP280.o
 .debug_info    0x00000d2d      0x98f ./Core/Src/Libraries/SBUS.o
 .debug_info    0x000016bc      0x568 ./Core/Src/Libraries/SD.o
 .debug_info    0x00001c24      0x83e ./Core/Src/dma.o
 .debug_info    0x00002462     0x1160 ./Core/Src/fdcan.o
 .debug_info    0x000035c2      0x656 ./Core/Src/gpio.o
 .debug_info    0x00003c18     0x101e ./Core/Src/i2c.o
 .debug_info    0x00004c36     0x10c1 ./Core/Src/main.o
 .debug_info    0x00005cf7     0x115c ./Core/Src/spi.o
 .debug_info    0x00006e53      0x48b ./Core/Src/stm32h7xx_hal_msp.o
 .debug_info    0x000072de      0x873 ./Core/Src/stm32h7xx_it.o
 .debug_info    0x00007b51      0xc73 ./Core/Src/system_stm32h7xx.o
 .debug_info    0x000087c4     0x1082 ./Core/Src/tim.o
 .debug_info    0x00009846     0x15f4 ./Core/Src/usart.o
 .debug_info    0x0000ae3a       0x30 ./Core/Startup/startup_stm32h7b0rbtx.o
 .debug_info    0x0000ae6a     0x1403 ./Drivers/STM32H7xx_HAL_Driver/Src/stm32h7xx_hal.o
 .debug_info    0x0000c26d     0x10a0 ./Drivers/STM32H7xx_HAL_Driver/Src/stm32h7xx_hal_cortex.o
 .debug_info    0x0000d30d      0xb67 ./Drivers/STM32H7xx_HAL_Driver/Src/stm32h7xx_hal_dma.o
 .debug_info    0x0000de74     0x2baf ./Drivers/STM32H7xx_HAL_Driver/Src/stm32h7xx_hal_fdcan.o
 .debug_info    0x00010a23      0xb2b ./Drivers/STM32H7xx_HAL_Driver/Src/stm32h7xx_hal_gpio.o
 .debug_info    0x0001154e     0x22a1 ./Drivers/STM32H7xx_HAL_Driver/Src/stm32h7xx_hal_i2c.o
 .debug_info    0x000137ef      0xc64 ./Drivers/STM32H7xx_HAL_Driver/Src/stm32h7xx_hal_i2c_ex.o
 .debug_info    0x00014453      0xef7 ./Drivers/STM32H7xx_HAL_Driver/Src/stm32h7xx_hal_pwr_ex.o
 .debug_info    0x0001534a      0xea1 ./Drivers/STM32H7xx_HAL_Driver/Src/stm32h7xx_hal_rcc.o
 .debug_info    0x000161eb     0x11fd ./Drivers/STM32H7xx_HAL_Driver/Src/stm32h7xx_hal_rcc_ex.o
 .debug_info    0x000173e8     0x1440 ./Drivers/STM32H7xx_HAL_Driver/Src/stm32h7xx_hal_spi.o
 .debug_info    0x00018828     0x2bae ./Drivers/STM32H7xx_HAL_Driver/Src/stm32h7xx_hal_tim.o
 .debug_info    0x0001b3d6     0x18c1 ./Drivers/STM32H7xx_HAL_Driver/Src/stm32h7xx_hal_tim_ex.o
 .debug_info    0x0001cc97     0x4b32 ./Drivers/STM32H7xx_HAL_Driver/Src/stm32h7xx_hal_uart.o
 .debug_info    0x000217c9      0xfbf ./Drivers/STM32H7xx_HAL_Driver/Src/stm32h7xx_hal_uart_ex.o
 .debug_info    0x00022788      0x523 ./FATFS/App/fatfs.o
 .debug_info    0x00022cab      0x3b3 ./FATFS/Target/user_diskio.o
 .debug_info    0x0002305e      0xe02 ./MIDWARE/FATFS_SD/FATFS_SD.o
 .debug_info    0x00023e60      0x3ed ./Middlewares/Third_Party/FatFs/src/diskio.o
 .debug_info    0x0002424d     0x2661 ./Middlewares/Third_Party/FatFs/src/ff.o
 .debug_info    0x000268ae      0x38d ./Middlewares/Third_Party/FatFs/src/ff_gen_drv.o
 .debug_info    0x00026c3b      0x1c7 ./Middlewares/Third_Party/FatFs/src/option/ccsbcs.o

.debug_abbrev   0x00000000     0x4da5
 .debug_abbrev  0x00000000      0x270 ./Core/Src/Libraries/BMP280.o
 .debug_abbrev  0x00000270      0x1c0 ./Core/Src/Libraries/SBUS.o
 .debug_abbrev  0x00000430      0x154 ./Core/Src/Libraries/SD.o
 .debug_abbrev  0x00000584      0x12f ./Core/Src/dma.o
 .debug_abbrev  0x000006b3      0x212 ./Core/Src/fdcan.o
 .debug_abbrev  0x000008c5      0x193 ./Core/Src/gpio.o
 .debug_abbrev  0x00000a58      0x256 ./Core/Src/i2c.o
 .debug_abbrev  0x00000cae      0x2a0 ./Core/Src/main.o
 .debug_abbrev  0x00000f4e      0x269 ./Core/Src/spi.o
 .debug_abbrev  0x000011b7       0xec ./Core/Src/stm32h7xx_hal_msp.o
 .debug_abbrev  0x000012a3      0x171 ./Core/Src/stm32h7xx_it.o
 .debug_abbrev  0x00001414      0x14a ./Core/Src/system_stm32h7xx.o
 .debug_abbrev  0x0000155e      0x2cc ./Core/Src/tim.o
 .debug_abbrev  0x0000182a      0x2ae ./Core/Src/usart.o
 .debug_abbrev  0x00001ad8       0x24 ./Core/Startup/startup_stm32h7b0rbtx.o
 .debug_abbrev  0x00001afc      0x291 ./Drivers/STM32H7xx_HAL_Driver/Src/stm32h7xx_hal.o
 .debug_abbrev  0x00001d8d      0x339 ./Drivers/STM32H7xx_HAL_Driver/Src/stm32h7xx_hal_cortex.o
 .debug_abbrev  0x000020c6      0x248 ./Drivers/STM32H7xx_HAL_Driver/Src/stm32h7xx_hal_dma.o
 .debug_abbrev  0x0000230e      0x288 ./Drivers/STM32H7xx_HAL_Driver/Src/stm32h7xx_hal_fdcan.o
 .debug_abbrev  0x00002596      0x1fa ./Drivers/STM32H7xx_HAL_Driver/Src/stm32h7xx_hal_gpio.o
 .debug_abbrev  0x00002790      0x25d ./Drivers/STM32H7xx_HAL_Driver/Src/stm32h7xx_hal_i2c.o
 .debug_abbrev  0x000029ed      0x1f1 ./Drivers/STM32H7xx_HAL_Driver/Src/stm32h7xx_hal_i2c_ex.o
 .debug_abbrev  0x00002bde      0x297 ./Drivers/STM32H7xx_HAL_Driver/Src/stm32h7xx_hal_pwr_ex.o
 .debug_abbrev  0x00002e75      0x2c5 ./Drivers/STM32H7xx_HAL_Driver/Src/stm32h7xx_hal_rcc.o
 .debug_abbrev  0x0000313a      0x27a ./Drivers/STM32H7xx_HAL_Driver/Src/stm32h7xx_hal_rcc_ex.o
 .debug_abbrev  0x000033b4      0x2b1 ./Drivers/STM32H7xx_HAL_Driver/Src/stm32h7xx_hal_spi.o
 .debug_abbrev  0x00003665      0x276 ./Drivers/STM32H7xx_HAL_Driver/Src/stm32h7xx_hal_tim.o
 .debug_abbrev  0x000038db      0x296 ./Drivers/STM32H7xx_HAL_Driver/Src/stm32h7xx_hal_tim_ex.o
 .debug_abbrev  0x00003b71      0x34e ./Drivers/STM32H7xx_HAL_Driver/Src/stm32h7xx_hal_uart.o
 .debug_abbrev  0x00003ebf      0x2d2 ./Drivers/STM32H7xx_HAL_Driver/Src/stm32h7xx_hal_uart_ex.o
 .debug_abbrev  0x00004191      0x15e ./FATFS/App/fatfs.o
 .debug_abbrev  0x000042ef      0x144 ./FATFS/Target/user_diskio.o
 .debug_abbrev  0x00004433      0x2ea ./MIDWARE/FATFS_SD/FATFS_SD.o
 .debug_abbrev  0x0000471d      0x181 ./Middlewares/Third_Party/FatFs/src/diskio.o
 .debug_abbrev  0x0000489e      0x28a ./Middlewares/Third_Party/FatFs/src/ff.o
 .debug_abbrev  0x00004b28      0x19f ./Middlewares/Third_Party/FatFs/src/ff_gen_drv.o
 .debug_abbrev  0x00004cc7       0xde ./Middlewares/Third_Party/FatFs/src/option/ccsbcs.o

.debug_aranges  0x00000000     0x1e50
 .debug_aranges
                0x00000000       0x70 ./Core/Src/Libraries/BMP280.o
 .debug_aranges
                0x00000070       0x30 ./Core/Src/Libraries/SBUS.o
 .debug_aranges
                0x000000a0       0x20 ./Core/Src/Libraries/SD.o
 .debug_aranges
                0x000000c0       0x20 ./Core/Src/dma.o
 .debug_aranges
                0x000000e0       0x30 ./Core/Src/fdcan.o
 .debug_aranges
                0x00000110       0x20 ./Core/Src/gpio.o
 .debug_aranges
                0x00000130       0x30 ./Core/Src/i2c.o
 .debug_aranges
                0x00000160       0x40 ./Core/Src/main.o
 .debug_aranges
                0x000001a0       0x40 ./Core/Src/spi.o
 .debug_aranges
                0x000001e0       0x20 ./Core/Src/stm32h7xx_hal_msp.o
 .debug_aranges
                0x00000200       0x70 ./Core/Src/stm32h7xx_it.o
 .debug_aranges
                0x00000270       0x28 ./Core/Src/system_stm32h7xx.o
 .debug_aranges
                0x00000298       0x60 ./Core/Src/tim.o
 .debug_aranges
                0x000002f8       0x40 ./Core/Src/usart.o
 .debug_aranges
                0x00000338       0x28 ./Core/Startup/startup_stm32h7b0rbtx.o
 .debug_aranges
                0x00000360      0x1a0 ./Drivers/STM32H7xx_HAL_Driver/Src/stm32h7xx_hal.o
 .debug_aranges
                0x00000500      0x130 ./Drivers/STM32H7xx_HAL_Driver/Src/stm32h7xx_hal_cortex.o
 .debug_aranges
                0x00000630       0xa0 ./Drivers/STM32H7xx_HAL_Driver/Src/stm32h7xx_hal_dma.o
 .debug_aranges
                0x000006d0      0x338 ./Drivers/STM32H7xx_HAL_Driver/Src/stm32h7xx_hal_fdcan.o
 .debug_aranges
                0x00000a08       0x58 ./Drivers/STM32H7xx_HAL_Driver/Src/stm32h7xx_hal_gpio.o
 .debug_aranges
                0x00000a60      0x2a0 ./Drivers/STM32H7xx_HAL_Driver/Src/stm32h7xx_hal_i2c.o
 .debug_aranges
                0x00000d00       0x48 ./Drivers/STM32H7xx_HAL_Driver/Src/stm32h7xx_hal_i2c_ex.o
 .debug_aranges
                0x00000d48      0x188 ./Drivers/STM32H7xx_HAL_Driver/Src/stm32h7xx_hal_pwr_ex.o
 .debug_aranges
                0x00000ed0       0x88 ./Drivers/STM32H7xx_HAL_Driver/Src/stm32h7xx_hal_rcc.o
 .debug_aranges
                0x00000f58       0xf0 ./Drivers/STM32H7xx_HAL_Driver/Src/stm32h7xx_hal_rcc_ex.o
 .debug_aranges
                0x00001048      0x1a8 ./Drivers/STM32H7xx_HAL_Driver/Src/stm32h7xx_hal_spi.o
 .debug_aranges
                0x000011f0      0x3e0 ./Drivers/STM32H7xx_HAL_Driver/Src/stm32h7xx_hal_tim.o
 .debug_aranges
                0x000015d0      0x198 ./Drivers/STM32H7xx_HAL_Driver/Src/stm32h7xx_hal_tim_ex.o
 .debug_aranges
                0x00001768      0x248 ./Drivers/STM32H7xx_HAL_Driver/Src/stm32h7xx_hal_uart.o
 .debug_aranges
                0x000019b0       0xa8 ./Drivers/STM32H7xx_HAL_Driver/Src/stm32h7xx_hal_uart_ex.o
 .debug_aranges
                0x00001a58       0x28 ./FATFS/App/fatfs.o
 .debug_aranges
                0x00001a80       0x40 ./FATFS/Target/user_diskio.o
 .debug_aranges
                0x00001ac0       0xa8 ./MIDWARE/FATFS_SD/FATFS_SD.o
 .debug_aranges
                0x00001b68       0x48 ./Middlewares/Third_Party/FatFs/src/diskio.o
 .debug_aranges
                0x00001bb0      0x238 ./Middlewares/Third_Party/FatFs/src/ff.o
 .debug_aranges
                0x00001de8       0x40 ./Middlewares/Third_Party/FatFs/src/ff_gen_drv.o
 .debug_aranges
                0x00001e28       0x28 ./Middlewares/Third_Party/FatFs/src/option/ccsbcs.o

.debug_rnglists
                0x00000000     0x17a3
 .debug_rnglists
                0x00000000       0x54 ./Core/Src/Libraries/BMP280.o
 .debug_rnglists
                0x00000054       0x21 ./Core/Src/Libraries/SBUS.o
 .debug_rnglists
                0x00000075       0x13 ./Core/Src/Libraries/SD.o
 .debug_rnglists
                0x00000088       0x13 ./Core/Src/dma.o
 .debug_rnglists
                0x0000009b       0x21 ./Core/Src/fdcan.o
 .debug_rnglists
                0x000000bc       0x14 ./Core/Src/gpio.o
 .debug_rnglists
                0x000000d0       0x21 ./Core/Src/i2c.o
 .debug_rnglists
                0x000000f1       0x2c ./Core/Src/main.o
 .debug_rnglists
                0x0000011d       0x30 ./Core/Src/spi.o
 .debug_rnglists
                0x0000014d       0x13 ./Core/Src/stm32h7xx_hal_msp.o
 .debug_rnglists
                0x00000160       0x4f ./Core/Src/stm32h7xx_it.o
 .debug_rnglists
                0x000001af       0x1b ./Core/Src/system_stm32h7xx.o
 .debug_rnglists
                0x000001ca       0x48 ./Core/Src/tim.o
 .debug_rnglists
                0x00000212       0x30 ./Core/Src/usart.o
 .debug_rnglists
                0x00000242       0x19 ./Core/Startup/startup_stm32h7b0rbtx.o
 .debug_rnglists
                0x0000025b      0x137 ./Drivers/STM32H7xx_HAL_Driver/Src/stm32h7xx_hal.o
 .debug_rnglists
                0x00000392       0xe0 ./Drivers/STM32H7xx_HAL_Driver/Src/stm32h7xx_hal_cortex.o
 .debug_rnglists
                0x00000472       0x82 ./Drivers/STM32H7xx_HAL_Driver/Src/stm32h7xx_hal_dma.o
 .debug_rnglists
                0x000004f4      0x28b ./Drivers/STM32H7xx_HAL_Driver/Src/stm32h7xx_hal_fdcan.o
 .debug_rnglists
                0x0000077f       0x3f ./Drivers/STM32H7xx_HAL_Driver/Src/stm32h7xx_hal_gpio.o
 .debug_rnglists
                0x000007be      0x22a ./Drivers/STM32H7xx_HAL_Driver/Src/stm32h7xx_hal_i2c.o
 .debug_rnglists
                0x000009e8       0x35 ./Drivers/STM32H7xx_HAL_Driver/Src/stm32h7xx_hal_i2c_ex.o
 .debug_rnglists
                0x00000a1d      0x126 ./Drivers/STM32H7xx_HAL_Driver/Src/stm32h7xx_hal_pwr_ex.o
 .debug_rnglists
                0x00000b43       0x68 ./Drivers/STM32H7xx_HAL_Driver/Src/stm32h7xx_hal_rcc.o
 .debug_rnglists
                0x00000bab       0xba ./Drivers/STM32H7xx_HAL_Driver/Src/stm32h7xx_hal_rcc_ex.o
 .debug_rnglists
                0x00000c65      0x148 ./Drivers/STM32H7xx_HAL_Driver/Src/stm32h7xx_hal_spi.o
 .debug_rnglists
                0x00000dad      0x328 ./Drivers/STM32H7xx_HAL_Driver/Src/stm32h7xx_hal_tim.o
 .debug_rnglists
                0x000010d5      0x14d ./Drivers/STM32H7xx_HAL_Driver/Src/stm32h7xx_hal_tim_ex.o
 .debug_rnglists
                0x00001222      0x1fa ./Drivers/STM32H7xx_HAL_Driver/Src/stm32h7xx_hal_uart.o
 .debug_rnglists
                0x0000141c       0x7f ./Drivers/STM32H7xx_HAL_Driver/Src/stm32h7xx_hal_uart_ex.o
 .debug_rnglists
                0x0000149b       0x19 ./FATFS/App/fatfs.o
 .debug_rnglists
                0x000014b4       0x2b ./FATFS/Target/user_diskio.o
 .debug_rnglists
                0x000014df       0x80 ./MIDWARE/FATFS_SD/FATFS_SD.o
 .debug_rnglists
                0x0000155f       0x31 ./Middlewares/Third_Party/FatFs/src/diskio.o
 .debug_rnglists
                0x00001590      0x1cd ./Middlewares/Third_Party/FatFs/src/ff.o
 .debug_rnglists
                0x0000175d       0x2c ./Middlewares/Third_Party/FatFs/src/ff_gen_drv.o
 .debug_rnglists
                0x00001789       0x1a ./Middlewares/Third_Party/FatFs/src/option/ccsbcs.o

.debug_macro    0x00000000    0x36fbd
 .debug_macro   0x00000000      0x2ea ./Core/Src/Libraries/BMP280.o
 .debug_macro   0x000002ea      0xacc ./Core/Src/Libraries/BMP280.o
 .debug_macro   0x00000db6      0x244 ./Core/Src/Libraries/BMP280.o
 .debug_macro   0x00000ffa       0x2e ./Core/Src/Libraries/BMP280.o
 .debug_macro   0x00001028       0x3b ./Core/Src/Libraries/BMP280.o
 .debug_macro   0x00001063       0x22 ./Core/Src/Libraries/BMP280.o
 .debug_macro   0x00001085       0x8e ./Core/Src/Libraries/BMP280.o
 .debug_macro   0x00001113       0x51 ./Core/Src/Libraries/BMP280.o
 .debug_macro   0x00001164      0x103 ./Core/Src/Libraries/BMP280.o
 .debug_macro   0x00001267       0x6a ./Core/Src/Libraries/BMP280.o
 .debug_macro   0x000012d1      0x1df ./Core/Src/Libraries/BMP280.o
 .debug_macro   0x000014b0       0x1c ./Core/Src/Libraries/BMP280.o
 .debug_macro   0x000014cc       0x22 ./Core/Src/Libraries/BMP280.o
 .debug_macro   0x000014ee       0xfb ./Core/Src/Libraries/BMP280.o
 .debug_macro   0x000015e9     0x1305 ./Core/Src/Libraries/BMP280.o
 .debug_macro   0x000028ee      0x11f ./Core/Src/Libraries/BMP280.o
 .debug_macro   0x00002a0d       0x27 ./Core/Src/Libraries/BMP280.o
 .debug_macro   0x00002a34    0x1f2aa ./Core/Src/Libraries/BMP280.o
 .debug_macro   0x00021cde       0x6d ./Core/Src/Libraries/BMP280.o
 .debug_macro   0x00021d4b     0x3d80 ./Core/Src/Libraries/BMP280.o
 .debug_macro   0x00025acb      0x189 ./Core/Src/Libraries/BMP280.o
 .debug_macro   0x00025c54       0x61 ./Core/Src/Libraries/BMP280.o
 .debug_macro   0x00025cb5       0x29 ./Core/Src/Libraries/BMP280.o
 .debug_macro   0x00025cde       0x43 ./Core/Src/Libraries/BMP280.o
 .debug_macro   0x00025d21       0x34 ./Core/Src/Libraries/BMP280.o
 .debug_macro   0x00025d55       0x16 ./Core/Src/Libraries/BMP280.o
 .debug_macro   0x00025d6b       0x43 ./Core/Src/Libraries/BMP280.o
 .debug_macro   0x00025dae       0x34 ./Core/Src/Libraries/BMP280.o
 .debug_macro   0x00025de2       0x10 ./Core/Src/Libraries/BMP280.o
 .debug_macro   0x00025df2       0x58 ./Core/Src/Libraries/BMP280.o
 .debug_macro   0x00025e4a       0x8e ./Core/Src/Libraries/BMP280.o
 .debug_macro   0x00025ed8       0x1c ./Core/Src/Libraries/BMP280.o
 .debug_macro   0x00025ef4      0x177 ./Core/Src/Libraries/BMP280.o
 .debug_macro   0x0002606b      0x369 ./Core/Src/Libraries/BMP280.o
 .debug_macro   0x000263d4      0x19b ./Core/Src/Libraries/BMP280.o
 .debug_macro   0x0002656f       0x5d ./Core/Src/Libraries/BMP280.o
 .debug_macro   0x000265cc     0x2606 ./Core/Src/Libraries/BMP280.o
 .debug_macro   0x00028bd2     0x103a ./Core/Src/Libraries/BMP280.o
 .debug_macro   0x00029c0c      0x154 ./Core/Src/Libraries/BMP280.o
 .debug_macro   0x00029d60      0x114 ./Core/Src/Libraries/BMP280.o
 .debug_macro   0x00029e74      0x3d5 ./Core/Src/Libraries/BMP280.o
 .debug_macro   0x0002a249       0xac ./Core/Src/Libraries/BMP280.o
 .debug_macro   0x0002a2f5      0x70a ./Core/Src/Libraries/BMP280.o
 .debug_macro   0x0002a9ff      0x20c ./Core/Src/Libraries/BMP280.o
 .debug_macro   0x0002ac0b       0x66 ./Core/Src/Libraries/BMP280.o
 .debug_macro   0x0002ac71      0x3c9 ./Core/Src/Libraries/BMP280.o
 .debug_macro   0x0002b03a      0x3eb ./Core/Src/Libraries/BMP280.o
 .debug_macro   0x0002b425      0x275 ./Core/Src/Libraries/BMP280.o
 .debug_macro   0x0002b69a      0xe42 ./Core/Src/Libraries/BMP280.o
 .debug_macro   0x0002c4dc      0x380 ./Core/Src/Libraries/BMP280.o
 .debug_macro   0x0002c85c      0x44e ./Core/Src/Libraries/BMP280.o
 .debug_macro   0x0002ccaa       0x43 ./Core/Src/Libraries/BMP280.o
 .debug_macro   0x0002cced       0x4a ./Core/Src/Libraries/BMP280.o
 .debug_macro   0x0002cd37      0x22c ./Core/Src/Libraries/BMP280.o
 .debug_macro   0x0002cf63       0x67 ./Core/Src/Libraries/BMP280.o
 .debug_macro   0x0002cfca       0xa5 ./Core/Src/Libraries/BMP280.o
 .debug_macro   0x0002d06f      0x1bd ./Core/Src/Libraries/BMP280.o
 .debug_macro   0x0002d22c      0x2ab ./Core/Src/Libraries/BMP280.o
 .debug_macro   0x0002d4d7       0x35 ./Core/Src/Libraries/BMP280.o
 .debug_macro   0x0002d50c      0x5e4 ./Core/Src/Libraries/BMP280.o
 .debug_macro   0x0002daf0       0xc1 ./Core/Src/Libraries/BMP280.o
 .debug_macro   0x0002dbb1      0xb24 ./Core/Src/Libraries/BMP280.o