Archive member included to satisfy reference by file (symbol)

C:/ST/STM32CubeIDE_1.18.1/STM32CubeIDE/plugins/com.st.stm32cube.ide.mcu.externaltools.gnu-tools-for-stm32.13.3.rel1.win32_1.0.0.202411081344/tools/bin/../lib/gcc/arm-none-eabi/13.3.1/../../../../arm-none-eabi/lib/thumb/v7e-m+dp/hard\libc_nano.a(libc_a-atof.o)
                              ./Core/Src/libNMEA.o (atof)
C:/ST/STM32CubeIDE_1.18.1/STM32CubeIDE/plugins/com.st.stm32cube.ide.mcu.externaltools.gnu-tools-for-stm32.13.3.rel1.win32_1.0.0.202411081344/tools/bin/../lib/gcc/arm-none-eabi/13.3.1/../../../../arm-none-eabi/lib/thumb/v7e-m+dp/hard\libc_nano.a(libc_a-atoi.o)
                              ./Core/Src/libNMEA.o (atoi)
C:/ST/STM32CubeIDE_1.18.1/STM32CubeIDE/plugins/com.st.stm32cube.ide.mcu.externaltools.gnu-tools-for-stm32.13.3.rel1.win32_1.0.0.202411081344/tools/bin/../lib/gcc/arm-none-eabi/13.3.1/../../../../arm-none-eabi/lib/thumb/v7e-m+dp/hard\libc_nano.a(libc_a-exit.o)
                              C:/ST/STM32CubeIDE_1.18.1/STM32CubeIDE/plugins/com.st.stm32cube.ide.mcu.externaltools.gnu-tools-for-stm32.13.3.rel1.win32_1.0.0.202411081344/tools/bin/../lib/gcc/arm-none-eabi/13.3.1/../../../../arm-none-eabi/lib/thumb/v7e-m+dp/hard/crt0.o (exit)
C:/ST/STM32CubeIDE_1.18.1/STM32CubeIDE/plugins/com.st.stm32cube.ide.mcu.externaltools.gnu-tools-for-stm32.13.3.rel1.win32_1.0.0.202411081344/tools/bin/../lib/gcc/arm-none-eabi/13.3.1/../../../../arm-none-eabi/lib/thumb/v7e-m+dp/hard\libc_nano.a(libc_a-strtod.o)
                              C:/ST/STM32CubeIDE_1.18.1/STM32CubeIDE/plugins/com.st.stm32cube.ide.mcu.externaltools.gnu-tools-for-stm32.13.3.rel1.win32_1.0.0.202411081344/tools/bin/../lib/gcc/arm-none-eabi/13.3.1/../../../../arm-none-eabi/lib/thumb/v7e-m+dp/hard\libc_nano.a(libc_a-atof.o) (strtod)
C:/ST/STM32CubeIDE_1.18.1/STM32CubeIDE/plugins/com.st.stm32cube.ide.mcu.externaltools.gnu-tools-for-stm32.13.3.rel1.win32_1.0.0.202411081344/tools/bin/../lib/gcc/arm-none-eabi/13.3.1/../../../../arm-none-eabi/lib/thumb/v7e-m+dp/hard\libc_nano.a(libc_a-strtol.o)
                              C:/ST/STM32CubeIDE_1.18.1/STM32CubeIDE/plugins/com.st.stm32cube.ide.mcu.externaltools.gnu-tools-for-stm32.13.3.rel1.win32_1.0.0.202411081344/tools/bin/../lib/gcc/arm-none-eabi/13.3.1/../../../../arm-none-eabi/lib/thumb/v7e-m+dp/hard\libc_nano.a(libc_a-atoi.o) (_strtol_r)
C:/ST/STM32CubeIDE_1.18.1/STM32CubeIDE/plugins/com.st.stm32cube.ide.mcu.externaltools.gnu-tools-for-stm32.13.3.rel1.win32_1.0.0.202411081344/tools/bin/../lib/gcc/arm-none-eabi/13.3.1/../../../../arm-none-eabi/lib/thumb/v7e-m+dp/hard\libc_nano.a(libc_a-ctype_.o)
                              C:/ST/STM32CubeIDE_1.18.1/STM32CubeIDE/plugins/com.st.stm32cube.ide.mcu.externaltools.gnu-tools-for-stm32.13.3.rel1.win32_1.0.0.202411081344/tools/bin/../lib/gcc/arm-none-eabi/13.3.1/../../../../arm-none-eabi/lib/thumb/v7e-m+dp/hard\libc_nano.a(libc_a-strtol.o) (_ctype_)
C:/ST/STM32CubeIDE_1.18.1/STM32CubeIDE/plugins/com.st.stm32cube.ide.mcu.externaltools.gnu-tools-for-stm32.13.3.rel1.win32_1.0.0.202411081344/tools/bin/../lib/gcc/arm-none-eabi/13.3.1/../../../../arm-none-eabi/lib/thumb/v7e-m+dp/hard\libc_nano.a(libc_a-findfp.o)
                              C:/ST/STM32CubeIDE_1.18.1/STM32CubeIDE/plugins/com.st.stm32cube.ide.mcu.externaltools.gnu-tools-for-stm32.13.3.rel1.win32_1.0.0.202411081344/tools/bin/../lib/gcc/arm-none-eabi/13.3.1/../../../../arm-none-eabi/lib/thumb/v7e-m+dp/hard\libc_nano.a(libc_a-exit.o) (__stdio_exit_handler)
C:/ST/STM32CubeIDE_1.18.1/STM32CubeIDE/plugins/com.st.stm32cube.ide.mcu.externaltools.gnu-tools-for-stm32.13.3.rel1.win32_1.0.0.202411081344/tools/bin/../lib/gcc/arm-none-eabi/13.3.1/../../../../arm-none-eabi/lib/thumb/v7e-m+dp/hard\libc_nano.a(libc_a-fwalk.o)
                              C:/ST/STM32CubeIDE_1.18.1/STM32CubeIDE/plugins/com.st.stm32cube.ide.mcu.externaltools.gnu-tools-for-stm32.13.3.rel1.win32_1.0.0.202411081344/tools/bin/../lib/gcc/arm-none-eabi/13.3.1/../../../../arm-none-eabi/lib/thumb/v7e-m+dp/hard\libc_nano.a(libc_a-findfp.o) (_fwalk_sglue)
C:/ST/STM32CubeIDE_1.18.1/STM32CubeIDE/plugins/com.st.stm32cube.ide.mcu.externaltools.gnu-tools-for-stm32.13.3.rel1.win32_1.0.0.202411081344/tools/bin/../lib/gcc/arm-none-eabi/13.3.1/../../../../arm-none-eabi/lib/thumb/v7e-m+dp/hard\libc_nano.a(libc_a-stdio.o)
                              C:/ST/STM32CubeIDE_1.18.1/STM32CubeIDE/plugins/com.st.stm32cube.ide.mcu.externaltools.gnu-tools-for-stm32.13.3.rel1.win32_1.0.0.202411081344/tools/bin/../lib/gcc/arm-none-eabi/13.3.1/../../../../arm-none-eabi/lib/thumb/v7e-m+dp/hard\libc_nano.a(libc_a-findfp.o) (__sread)
C:/ST/STM32CubeIDE_1.18.1/STM32CubeIDE/plugins/com.st.stm32cube.ide.mcu.externaltools.gnu-tools-for-stm32.13.3.rel1.win32_1.0.0.202411081344/tools/bin/../lib/gcc/arm-none-eabi/13.3.1/../../../../arm-none-eabi/lib/thumb/v7e-m+dp/hard\libc_nano.a(libc_a-memset.o)
[...]
Memory Configuration

Name             Origin             Length             Attributes
ITCMRAM          0x00000000         0x00010000         xrw
FLASH            0x08000000         0x00020000         xr
DTCMRAM1         0x20000000         0x00010000         xrw
DTCMRAM2         0x20010000         0x00010000         xrw
RAM              0x24000000         0x00100000         xrw
RAM_CD           0x30000000         0x00020000         xrw
RAM_SRD          0x38000000         0x00008000         xrw
*default*        0x00000000         0xffffffff

Linker script and memory map

LOAD C:/ST/STM32CubeIDE_1.18.1/STM32CubeIDE/plugins/com.st.stm32cube.ide.mcu.externaltools.gnu-tools-for-stm32.13.3.rel1.win32_1.0.0.202411081344/tools/bin/../lib/gcc/arm-none-eabi/13.3.1/thumb/v7e-m+dp/hard/crti.o
LOAD C:/ST/STM32CubeIDE_1.18.1/STM32CubeIDE/plugins/com.st.stm32cube.ide.mcu.externaltools.gnu-tools-for-stm32.13.3.rel1.win32_1.0.0.202411081344/tools/bin/../lib/gcc/arm-none-eabi/13.3.1/thumb/v7e-m+dp/hard/crtbegin.o
LOAD C:/ST/STM32CubeIDE_1.18.1/STM32CubeIDE/plugins/com.st.stm32cube.ide.mcu.externaltools.gnu-tools-for-stm32.13.3.rel1.win32_1.0.0.202411081344/tools/bin/../lib/gcc/arm-none-eabi/13.3.1/../../../../arm-none-eabi/lib/thumb/v7e-m+dp/hard/crt0.o
LOAD ./Core/Src/Libraries/BMP280.o
LOAD ./Core/Src/Libraries/BNO050.o
LOAD ./Core/Src/Libraries/LED.o
LOAD ./Core/Src/Libraries/PWM.o
LOAD ./Core/Src/Libraries/SBUS.o
LOAD ./Core/Src/Libraries/SD.o
LOAD ./Core/Src/dma.o
LOAD ./Core/Src/fdcan.o
LOAD ./Core/Src/filter.o
LOAD ./Core/Src/gpio.o
LOAD ./Core/Src/i2c.o
LOAD ./Core/Src/libNMEA.o
LOAD ./Core/Src/main.o
LOAD ./Core/Src/memorymap.o
LOAD ./Core/Src/spi.o
LOAD ./Core/Src/stm32h7xx_hal_msp.o
LOAD ./Core/Src/stm32h7xx_it.o
LOAD ./Core/Src/syscalls.o
LOAD ./Core/Src/sysmem.o
LOAD ./Core/Src/system_stm32h7xx.o
LOAD ./Core/Src/tim.o
LOAD ./Core/Src/usart.o
LOAD ./Core/Startup/startup_stm32h7b0rbtx.o
LOAD ./Drivers/STM32H7xx_HAL_Driver/Src/stm32h7xx_hal.o
LOAD ./Drivers/STM32H7xx_HAL_Driver/Src/stm32h7xx_hal_cortex.o
LOAD ./Drivers/STM32H7xx_HAL_Driver/Src/stm32h7xx_hal_dma.o
LOAD ./Drivers/STM32H7xx_HAL_Driver/Src/stm32h7xx_hal_dma_ex.o
LOAD ./Drivers/STM32H7xx_HAL_Driver/Src/stm32h7xx_hal_exti.o
LOAD ./Drivers/STM32H7xx_HAL_Driver/Src/stm32h7xx_hal_fdcan.o
LOAD ./Drivers/STM32H7xx_HAL_Driver/Src/stm32h7xx_hal_flash.o
LOAD ./Drivers/STM32H7xx_HAL_Driver/Src/stm32h7xx_hal_flash_ex.o
LOAD ./Drivers/STM32H7xx_HAL_Driver/Src/stm32h7xx_hal_gpio.o
LOAD ./Drivers/STM32H7xx_HAL_Driver/Src/stm32h7xx_hal_hsem.o
LOAD ./Drivers/STM32H7xx_HAL_Driver/Src/stm32h7xx_hal_i2c.o
LOAD ./Drivers/STM32H7xx_HAL_Driver/Src/stm32h7xx_hal_i2c_ex.o
LOAD ./Drivers/STM32H7xx_HAL_Driver/Src/stm32h7xx_hal_mdma.o
LOAD ./Drivers/STM32H7xx_HAL_Driver/Src/stm32h7xx_hal_pwr.o
LOAD ./Drivers/STM32H7xx_HAL_Driver/Src/stm32h7xx_hal_pwr_ex.o
LOAD ./Drivers/STM32H7xx_HAL_Driver/Src/stm32h7xx_hal_rcc.o
LOAD ./Drivers/STM32H7xx_HAL_Driver/Src/stm32h7xx_hal_rcc_ex.o
LOAD ./Drivers/STM32H7xx_HAL_Driver/Src/stm32h7xx_hal_spi.o
LOAD ./Drivers/STM32H7xx_HAL_Driver/Src/stm32h7xx_hal_spi_ex.o
LOAD ./Drivers/STM32H7xx_HAL_Driver/Src/stm32h7xx_hal_tim.o
LOAD ./Drivers/STM32H7xx_HAL_Driver/Src/stm32h7xx_hal_tim_ex.o
LOAD ./Drivers/STM32H7xx_HAL_Driver/Src/stm32h7xx_hal_uart.o
LOAD ./Drivers/STM32H7xx_HAL_Driver/Src/stm32h7xx_hal_uart_ex.o
LOAD ./FATFS/App/fatfs.o
LOAD ./FATFS/Target/user_diskio.o
LOAD ./MIDWARE/FATFS_SD/FATFS_SD.o
LOAD ./Middlewares/Third_Party/FatFs/src/diskio.o
LOAD ./Middlewares/Third_Party/FatFs/src/ff.o
LOAD ./Middlewares/Third_Party/FatFs/src/ff_gen_drv.o
LOAD ./Middlewares/Third_Party/FatFs/src/option/ccsbcs.o
LOAD ./Middlewares/Third_Party/FatFs/src/option/syscall.o
START GROUP
LOAD C:/ST/STM32CubeIDE_1.18.1/STM32CubeIDE/plugins/com.st.stm32cube.ide.mcu.externaltools.gnu-tools-for-stm32.13.3.rel1.win32_1.0.0.202411081344/tools/bin/../lib/gcc/arm-none-eabi/13.3.1/../../../../arm-none-eabi/lib/thumb/v7e-m+dp/hard\libc_nano.a
LOAD C:/ST/STM32CubeIDE_1.18.1/STM32CubeIDE/plugins/com.st.stm32cube.ide.mcu.externaltools.gnu-tools-for-stm32.13.3.rel1.win32_1.0.0.202411081344/tools/bin/../lib/gcc/arm-none-eabi/13.3.1/../../../../arm-none-eabi/lib/thumb/v7e-m+dp/hard\libm.a
END GROUP
START GROUP
LOAD C:/ST/STM32CubeIDE_1.18.1/STM32CubeIDE/plugins/com.st.stm32cube.ide.mcu.externaltools.gnu-tools-for-stm32.13.3.rel1.win32_1.0.0.202411081344/tools/bin/../lib/gcc/arm-none-eabi/13.3.1/thumb/v7e-m+dp/hard\libgcc.a
LOAD C:/ST/STM32CubeIDE_1.18.1/STM32CubeIDE/plugins/com.st.stm32cube.ide.mcu.externaltools.gnu-tools-for-stm32.13.3.rel1.win32_1.0.0.202411081344/tools/bin/../lib/gcc/arm-none-eabi/13.3.1/../../../../arm-none-eabi/lib/thumb/v7e-m+dp/hard\libc_nano.a
END GROUP
START GROUP
LOAD C:/ST/STM32CubeIDE_1.18.1/STM32CubeIDE/plugins/com.st.stm32cube.ide.mcu.externaltools.gnu-tools-for-stm32.13.3.rel1.win32_1.0.0.202411081344/tools/bin/../lib/gcc/arm-none-eabi/13.3.1/thumb/v7e-m+dp/hard\libgcc.a
LOAD C:/ST/STM32CubeIDE_1.18.1/STM32CubeIDE/plugins/com.st.stm32cube.ide.mcu.externaltools.gnu-tools-for-stm32.13.3.rel1.win32_1.0.0.202411081344/tools/bin/../lib/gcc/arm-none-eabi/13.3.1/../../../../arm-none-eabi/lib/thumb/v7e-m+dp/hard\libc_nano.a
LOAD C:/ST/STM32CubeIDE_1.18.1/STM32CubeIDE/plugins/com.st.stm32cube.ide.mcu.externaltools.gnu-tools-for-stm32.13.3.rel1.win32_1.0.0.202411081344/tools/bin/../lib/gcc/arm-none-eabi/13.3.1/../../../../arm-none-eabi/lib/thumb/v7e-m+dp/hard\libnosys.a
END GROUP
START GROUP
LOAD C:/ST/STM32CubeIDE_1.18.1/STM32CubeIDE/plugins/com.st.stm32cube.ide.mcu.externaltools.gnu-tools-for-stm32.13.3.rel1.win32_1.0.0.202411081344/tools/bin/../lib/gcc/arm-none-eabi/13.3.1/thumb/v7e-m+dp/hard\libgcc.a
LOAD C:/ST/STM32CubeIDE_1.18.1/STM32CubeIDE/plugins/com.st.stm32cube.ide.mcu.externaltools.gnu-tools-for-stm32.13.3.rel1.win32_1.0.0.202411081344/tools/bin/../lib/gcc/arm-none-eabi/13.3.1/../../../../arm-none-eabi/lib/thumb/v7e-m+dp/hard\libc_nano.a
LOAD C:/ST/STM32CubeIDE_1.18.1/STM32CubeIDE/plugins/com.st.stm32cube.ide.mcu.externaltools.gnu-tools-for-stm32.13.3.rel1.win32_1.0.0.202411081344/tools/bin/../lib/gcc/arm-none-eabi/13.3.1/../../../../arm-none-eabi/lib/thumb/v7e-m+dp/hard\libnosys.a
END GROUP
LOAD C:/ST/STM32CubeIDE_1.18.1/STM32CubeIDE/plugins/com.st.stm32cube.ide.mcu.externaltools.gnu-tools-for-stm32.13.3.rel1.win32_1.0.0.202411081344/tools/bin/../lib/gcc/arm-none-eabi/13.3.1/thumb/v7e-m+dp/hard/crtend.o
LOAD C:/ST/STM32CubeIDE_1.18.1/STM32CubeIDE/plugins/com.st.stm32cube.ide.mcu.externaltools.gnu-tools-for-stm32.13.3.rel1.win32_1.0.0.202411081344/tools/bin/../lib/gcc/arm-none-eabi/13.3.1/thumb/v7e-m+dp/hard/crtn.o
                0x24100000                        _estack = (ORIGIN (RAM) + LENGTH (RAM))
                0x00000200                        _Min_Heap_Size = 0x200
                0x00000400                        _Min_Stack_Size = 0x400

.isr_vector     0x08000000      0x2ac
                0x08000000                        . = ALIGN (0x4)
 *(.isr_vector)
 .isr_vector    0x08000000      0x2ac ./Core/Startup/startup_stm32h7b0rbtx.o
                0x08000000                g_pfnVectors
                0x080002ac                        . = ALIGN (0x4)

.text           0x080002b0    0x18500
                0x080002b0                        . = ALIGN (0x4)
 *(.text)
 .text          0x080002b0       0x40 C:/ST/STM32CubeIDE_1.18.1/STM32CubeIDE/plugins/com.st.stm32cube.ide.mcu.externaltools.gnu-tools-for-stm32.13.3.rel1.win32_1.0.0.202411081344/tools/bin/../lib/gcc/arm-none-eabi/13.3.1/thumb/v7e-m+dp/hard/crtbegin.o
 .text          0x080002f0       0x14 C:/ST/STM32CubeIDE_1.18.1/STM32CubeIDE/plugins/com.st.stm32cube.ide.mcu.externaltools.gnu-tools-for-stm32.13.3.rel1.win32_1.0.0.202411081344/tools/bin/../lib/gcc/arm-none-eabi/13.3.1/../../../../arm-none-eabi/lib/thumb/v7e-m+dp/hard\libc_nano.a(libc_a-strcmp.o)
                0x080002f0                strcmp
 *fill*         0x08000304        0xc 
 .text          0x08000310       0xa0 C:/ST/STM32CubeIDE_1.18.1/STM32CubeIDE/plugins/com.st.stm32cube.ide.mcu.externaltools.gnu-tools-for-stm32.13.3.rel1.win32_1.0.0.202411081344/tools/bin/../lib/gcc/arm-none-eabi/13.3.1/../../../../arm-none-eabi/lib/thumb/v7e-m+dp/hard\libc_nano.a(libc_a-memchr.o)
                0x08000310                memchr
 .text          0x080003b0      0x378 C:/ST/STM32CubeIDE_1.18.1/STM32CubeIDE/plugins/com.st.stm32cube.ide.mcu.externaltools.gnu-tools-for-stm32.13.3.rel1.win32_1.0.0.202411081344/tools/bin/../lib/gcc/arm-none-eabi/13.3.1/thumb/v7e-m+dp/hard\libgcc.a(_arm_addsubdf3.o)
                0x080003b0                __aeabi_drsub
                0x080003b8                __aeabi_dsub
                0x080003b8                __subdf3
                0x080003bc                __aeabi_dadd
                0x080003bc                __adddf3
                0x08000634                __floatunsidf
                0x08000634                __aeabi_ui2d
                0x08000654                __floatsidf
                0x08000654                __aeabi_i2d
                0x08000678                __aeabi_f2d
                0x08000678                __extendsfdf2
                0x080006bc                __floatundidf
                0x080006bc                __aeabi_ul2d
                0x080006cc                __floatdidf
                0x080006cc                __aeabi_l2d
 .text          0x08000728       0xa0 C:/ST/STM32CubeIDE_1.18.1/STM32CubeIDE/plugins/com.st.stm32cube.ide.mcu.externaltools.gnu-tools-for-stm32.13.3.rel1.win32_1.0.0.202411081344/tools/bin/../lib/gcc/arm-none-eabi/13.3.1/thumb/v7e-m+dp/hard\libgcc.a(_aeabi_ldivmod.o)
                0x08000728                __aeabi_ldivmod
 .text          0x080007c8       0x30 C:/ST/STM32CubeIDE_1.18.1/STM32CubeIDE/plugins/com.st.stm32cube.ide.mcu.externaltools.gnu-tools-for-stm32.13.3.rel1.win32_1.0.0.202411081344/tools/bin/../lib/gcc/arm-none-eabi/13.3.1/thumb/v7e-m+dp/hard\libgcc.a(_aeabi_uldivmod.o)
                0x080007c8                __aeabi_uldivmod
 .text          0x080007f8       0x30 C:/ST/STM32CubeIDE_1.18.1/STM32CubeIDE/plugins/com.st.stm32cube.ide.mcu.externaltools.gnu-tools-for-stm32.13.3.rel1.win32_1.0.0.202411081344/tools/bin/../lib/gcc/arm-none-eabi/13.3.1/thumb/v7e-m+dp/hard\libgcc.a(_fixdfdi.o)
                0x080007f8                __fixdfdi
                0x080007f8                __aeabi_d2lz
 .text          0x08000828       0x40 C:/ST/STM32CubeIDE_1.18.1/STM32CubeIDE/plugins/com.st.stm32cube.ide.mcu.externaltools.gnu-tools-for-stm32.13.3.rel1.win32_1.0.0.202411081344/tools/bin/../lib/gcc/arm-none-eabi/13.3.1/thumb/v7e-m+dp/hard\libgcc.a(_fixunsdfdi.o)
                0x08000828                __fixunsdfdi
                0x08000828                __aeabi_d2ulz
 .text          0x08000868      0x2f8 C:/ST/STM32CubeIDE_1.18.1/STM32CubeIDE/plugins/com.st.stm32cube.ide.mcu.externaltools.gnu-tools-for-stm32.13.3.rel1.win32_1.0.0.202411081344/tools/bin/../lib/gcc/arm-none-eabi/13.3.1/thumb/v7e-m+dp/hard\libgcc.a(_udivmoddi4.o)
                0x08000868                __udivmoddi4
 .text          0x08000b60        0x4 C:/ST/STM32CubeIDE_1.18.1/STM32CubeIDE/plugins/com.st.stm32cube.ide.mcu.externaltools.gnu-tools-for-stm32.13.3.rel1.win32_1.0.0.202411081344/tools/bin/../lib/gcc/arm-none-eabi/13.3.1/thumb/v7e-m+dp/hard\libgcc.a(_dvmd_tls.o)
                0x08000b60                __aeabi_idiv0
                0x08000b60                __aeabi_ldiv0
 *(.text*)
 .text.BMP280_write
                0x08000b64       0x5c ./Core/Src/Libraries/BMP280.o
                0x08000b64                BMP280_write
 .text.BMP280_read
                0x08000bc0       0x5c ./Core/Src/Libraries/BMP280.o
                0x08000bc0                BMP280_read
 .text.BMP280_config
                0x08000c1c       0x18 ./Core/Src/Libraries/BMP280.o
                0x08000c1c                BMP280_config
 .text.BMP280_calibrationData
                0x08000c34      0x180 ./Core/Src/Libraries/BMP280.o
                0x08000c34                BMP280_calibrationData
 .text.BMP280_readRawValues
                0x08000db4       0x88 ./Core/Src/Libraries/BMP280.o
                0x08000db4                BMP280_readRawValues
 .text.BMP280_measureT
                0x08000e3c       0x88 ./Core/Src/Libraries/BMP280.o
                0x08000e3c                BMP280_measureT
 .text.BMP280_measureP
                0x08000ec4      0x58c ./Core/Src/Libraries/BMP280.o
                0x08000ec4                BMP280_measureP
 .text.BMP280_measureH
                0x08001450       0xb8 ./Core/Src/Libraries/BMP280.o
                0x08001450                BMP280_measureH
 .text.BMP280_init
                0x08001508       0x4c ./Core/Src/Libraries/BMP280.o
                0x08001508                BMP280_init
 .text.BMP280_calculate
                0x08001554       0x74 ./Core/Src/Libraries/BMP280.o
                0x08001554                BMP280_calculate
 .text.bno055_delay
                0x080015c8       0x28 ./Core/Src/Libraries/BNO050.o
                0x080015c8                bno055_delay
 .text.BNO_Read
                0x080015f0       0x4c ./Core/Src/Libraries/BNO050.o
                0x080015f0                BNO_Read
 .text.BNO_Write
                0x0800163c       0x44 ./Core/Src/Libraries/BNO050.o
                0x0800163c                BNO_Write
 .text.BNO_Write_MB
                0x08001680       0xe4 ./Core/Src/Libraries/BNO050.o
                0x08001680                BNO_Write_MB
 .text.BNO_Page0Adress
                0x08001764      0x4f0 ./Core/Src/Libraries/BNO050.o
                0x08001764                BNO_Page0Adress
 .text.BNO_Page1Adress
                0x08001c54       0x38 ./Core/Src/Libraries/BNO050.o
                0x08001c54                BNO_Page1Adress
 .text.BNO_EmptyingBuffer
                0x08001c8c       0x38 ./Core/Src/Libraries/BNO050.o
                0x08001c8c                BNO_EmptyingBuffer
 .text.BNO_SWReset
                0x08001cc4       0x2c ./Core/Src/Libraries/BNO050.o
                0x08001cc4                BNO_SWReset
 .text.bno055_setOperationMode
                0x08001cf0       0x30 ./Core/Src/Libraries/BNO050.o
                0x08001cf0                bno055_setOperationMode
 .text.bno055_setOperationModeConfig
                0x08001d20        0xe ./Core/Src/Libraries/BNO050.o
                0x08001d20                bno055_setOperationModeConfig
 .text.bno055_setOperationModeNDOF
                0x08001d2e        0xe ./Core/Src/Libraries/BNO050.o
                0x08001d2e                bno055_setOperationModeNDOF
 .text.BNO_GetCalibrationData
                0x08001d3c       0x10 ./Core/Src/Libraries/BNO050.o
                0x08001d3c                BNO_GetCalibrationData
 .text.BNO_SetCalibrationData
                0x08001d4c       0x70 ./Core/Src/Libraries/BNO050.o
                0x08001d4c                BNO_SetCalibrationData
 .text.BNO_Init
                0x08001dbc       0x38 ./Core/Src/Libraries/BNO050.o
                0x08001dbc                BNO_Init
 .text.BNO_Config
                0x08001df4       0x94 ./Core/Src/Libraries/BNO050.o
                0x08001df4                BNO_Config
 .text.BNO_CalibrationStatus
                0x08001e88      0x10c ./Core/Src/Libraries/BNO050.o
                0x08001e88                BNO_CalibrationStatus
 .text.BNO_GetData
                0x08001f94       0x10 ./Core/Src/Libraries/BNO050.o
                0x08001f94                BNO_GetData
 .text.BNO_Receive
                0x08001fa4       0xd4 ./Core/Src/Libraries/BNO050.o
                0x08001fa4                BNO_Receive
 .text.BNO_FaultManager
                0x08002078       0x4c ./Core/Src/Libraries/BNO050.o
                0x08002078                BNO_FaultManager
 .text.BNO_Tasks
                0x080020c4       0x80 ./Core/Src/Libraries/BNO050.o
                0x080020c4                BNO_Tasks
 .text.LED_blink
                0x08002144       0x92 ./Core/Src/Libraries/LED.o
                0x08002144                LED_blink
 .text.LED_Rutine
                0x080021d6       0x76 ./Core/Src/Libraries/LED.o
                0x080021d6                LED_Rutine
 .text.LED_Tasks
                0x0800224c       0x9c ./Core/Src/Libraries/LED.o
                0x0800224c                LED_Tasks
 .text.PWM_Assing
                0x080022e8       0xc8 ./Core/Src/Libraries/PWM.o
                0x080022e8                PWM_Assing
 .text.SBUS_Receive
                0x080023b0       0x98 ./Core/Src/Libraries/SBUS.o
                0x080023b0                SBUS_Receive
 .text.Temp_BypassFunct
                0x08002448       0x68 ./Core/Src/Libraries/SBUS.o
                0x08002448                Temp_BypassFunct
 .text.SBUS_getData
                0x080024b0      0x6d0 ./Core/Src/Libraries/SBUS.o
                0x080024b0                SBUS_getData
 .text.SBUS_IntegrityVerification
                0x08002b80       0x48 ./Core/Src/Libraries/SBUS.o
                0x08002b80                SBUS_IntegrityVerification
 .text.ASCII2uint8
                0x08002bc8       0x50 ./Core/Src/Libraries/SD.o
                0x08002bc8                ASCII2uint8
 .text.uint82ASCII
                0x08002c18       0xb4 ./Core/Src/Libraries/SD.o
                0x08002c18                uint82ASCII
 .text.ConfigFile_Create
                0x08002ccc       0x4c ./Core/Src/Libraries/SD.o
                0x08002ccc                ConfigFile_Create
 .text.SD_ConfigFileInit
                0x08002d18       0xd8 ./Core/Src/Libraries/SD.o
                0x08002d18                SD_ConfigFileInit
 .text.SD_GainsInit
                0x08002df0        0xe ./Core/Src/Libraries/SD.o
                0x08002df0                SD_GainsInit
 *fill*         0x08002dfe        0x2 
 .text.SD_CreateFlightPath
                0x08002e00       0x34 ./Core/Src/Libraries/SD.o
                0x08002e00                SD_CreateFlightPath
 .text.SD_blackbox_init
                0x08002e34       0x1c ./Core/Src/Libraries/SD.o
                0x08002e34                SD_blackbox_init
 .text.SD_blackbox_refresh
                0x08002e50      0x1e4 ./Core/Src/Libraries/SD.o
                0x08002e50                SD_blackbox_refresh
 .text.SD_blackbox_write
                0x08003034       0xc4 ./Core/Src/Libraries/SD.o
                0x08003034                SD_blackbox_write
 .text.SD_init  0x080030f8       0x38 ./Core/Src/Libraries/SD.o
                0x080030f8                SD_init
 .text.MX_DMA_Init
                0x08003130       0x60 ./Core/Src/dma.o
                0x08003130                MX_DMA_Init
 .text.MX_FDCAN1_Init
                0x08003190       0xc8 ./Core/Src/fdcan.o
                0x08003190                MX_FDCAN1_Init
 .text.HAL_FDCAN_MspInit
                0x08003258       0xf4 ./Core/Src/fdcan.o
                0x08003258                HAL_FDCAN_MspInit
 .text.MX_GPIO_Init
                0x0800334c      0x164 ./Core/Src/gpio.o
                0x0800334c                MX_GPIO_Init
 .text.MX_I2C3_Init
                0x080034b0       0x80 ./Core/Src/i2c.o
                0x080034b0                MX_I2C3_Init
 .text.HAL_I2C_MspInit
                0x08003530      0x120 ./Core/Src/i2c.o
                0x08003530                HAL_I2C_MspInit
 .text.default_CB
                0x08003650        0xe ./Core/Src/libNMEA.o
 *fill*         0x0800365e        0x2 
 .text.NMEA_parser
                0x08003660      0x3ac ./Core/Src/libNMEA.o
 .text.hx2int   0x08003a0c       0x50 ./Core/Src/libNMEA.o
 .text.NMEA_checksum_clc
                0x08003a5c       0x6c ./Core/Src/libNMEA.o
 .text.NMEA_read_line
                0x08003ac8       0xd0 ./Core/Src/libNMEA.o
 .text.NMEA_init
                0x08003b98       0x78 ./Core/Src/libNMEA.o
                0x08003b98                NMEA_init
 .text.NMEA_UART_DMA_get_char
                0x08003c10       0xd0 ./Core/Src/libNMEA.o
 .text.NMEA_UART_DMA_copy_buffer
                0x08003ce0      0x184 ./Core/Src/libNMEA.o
 .text.NMEA_process_task
                0x08003e64       0x44 ./Core/Src/libNMEA.o
                0x08003e64                NMEA_process_task
 .text.user_UART_IDLE_IT_handler
                0x08003ea8       0x44 ./Core/Src/libNMEA.o
                0x08003ea8                user_UART_IDLE_IT_handler
 .text.main     0x08003eec       0x98 ./Core/Src/main.o
                0x08003eec                main
 .text.SystemClock_Config
                0x08003f84       0xec ./Core/Src/main.o
                0x08003f84                SystemClock_Config
 .text.HAL_UART_RxCpltCallback
                0x08004070       0x68 ./Core/Src/main.o
                0x08004070                HAL_UART_RxCpltCallback
 .text.HAL_TIM_PeriodElapsedCallback
                0x080040d8       0x54 ./Core/Src/main.o
                0x080040d8                HAL_TIM_PeriodElapsedCallback
 .text.MPU_Config
                0x0800412c       0x58 ./Core/Src/main.o
 .text.Error_Handler
                0x08004184        0xc ./Core/Src/main.o
                0x08004184                Error_Handler
 .text.MX_SPI1_Init
                0x08004190       0xac ./Core/Src/spi.o
                0x08004190                MX_SPI1_Init
 .text.MX_SPI2_Init
                0x0800423c       0xac ./Core/Src/spi.o
                0x0800423c                MX_SPI2_Init
 .text.HAL_SPI_MspInit
                0x080042e8      0x170 ./Core/Src/spi.o
                0x080042e8                HAL_SPI_MspInit
 .text.HAL_MspInit
                0x08004458       0x34 ./Core/Src/stm32h7xx_hal_msp.o
                0x08004458                HAL_MspInit
 .text.NMI_Handler
                0x0800448c        0x8 ./Core/Src/stm32h7xx_it.o
                0x0800448c                NMI_Handler
 .text.HardFault_Handler
                0x08004494        0x8 ./Core/Src/stm32h7xx_it.o
                0x08004494                HardFault_Handler
 .text.MemManage_Handler
                0x0800449c        0x8 ./Core/Src/stm32h7xx_it.o
                0x0800449c                MemManage_Handler
 .text.BusFault_Handler
                0x080044a4        0x8 ./Core/Src/stm32h7xx_it.o
                0x080044a4                BusFault_Handler
 .text.UsageFault_Handler
                0x080044ac        0x8 ./Core/Src/stm32h7xx_it.o
                0x080044ac                UsageFault_Handler
 .text.SVC_Handler
                0x080044b4        0xe ./Core/Src/stm32h7xx_it.o
                0x080044b4                SVC_Handler
 .text.DebugMon_Handler
                0x080044c2        0xe ./Core/Src/stm32h7xx_it.o
                0x080044c2                DebugMon_Handler
 .text.PendSV_Handler
                0x080044d0        0xe ./Core/Src/stm32h7xx_it.o
                0x080044d0                PendSV_Handler
 *fill*         0x080044de        0x2 
 .text.SysTick_Handler
                0x080044e0       0x3c ./Core/Src/stm32h7xx_it.o
                0x080044e0                SysTick_Handler
 .text.DMA1_Stream0_IRQHandler
                0x0800451c       0x14 ./Core/Src/stm32h7xx_it.o
                0x0800451c                DMA1_Stream0_IRQHandler
 .text.DMA1_Stream1_IRQHandler
                0x08004530       0x14 ./Core/Src/stm32h7xx_it.o
                0x08004530                DMA1_Stream1_IRQHandler
 .text.DMA1_Stream2_IRQHandler
                0x08004544       0x14 ./Core/Src/stm32h7xx_it.o
                0x08004544                DMA1_Stream2_IRQHandler
 .text.USART1_IRQHandler
                0x08004558       0x14 ./Core/Src/stm32h7xx_it.o
                0x08004558                USART1_IRQHandler
 .text.USART3_IRQHandler
                0x0800456c       0x14 ./Core/Src/stm32h7xx_it.o
                0x0800456c                USART3_IRQHandler
 .text.UART4_IRQHandler
                0x08004580       0x18 ./Core/Src/stm32h7xx_it.o
                0x08004580                UART4_IRQHandler
 .text.TIM6_DAC_IRQHandler
                0x08004598       0x14 ./Core/Src/stm32h7xx_it.o
                0x08004598                TIM6_DAC_IRQHandler
 .text.TIM7_IRQHandler
                0x080045ac       0x14 ./Core/Src/stm32h7xx_it.o
                0x080045ac                TIM7_IRQHandler
 .text._getpid  0x080045c0       0x10 ./Core/Src/syscalls.o
                0x080045c0                _getpid
 .text._kill    0x080045d0       0x20 ./Core/Src/syscalls.o
                0x080045d0                _kill
 .text._exit    0x080045f0       0x16 ./Core/Src/syscalls.o
                0x080045f0                _exit
 .text._read    0x08004606       0x3a ./Core/Src/syscalls.o
                0x08004606                _read
 .text._write   0x08004640       0x38 ./Core/Src/syscalls.o
                0x08004640                _write
 .text._close   0x08004678       0x18 ./Core/Src/syscalls.o
                0x08004678                _close
 .text._fstat   0x08004690       0x20 ./Core/Src/syscalls.o
                0x08004690                _fstat
 .text._isatty  0x080046b0       0x16 ./Core/Src/syscalls.o
                0x080046b0                _isatty
 .text._lseek   0x080046c6       0x1a ./Core/Src/syscalls.o
                0x080046c6                _lseek
 .text._sbrk    0x080046e0       0x6c ./Core/Src/sysmem.o
                0x080046e0                _sbrk
 .text.SystemInit
                0x0800474c       0xf0 ./Core/Src/system_stm32h7xx.o
                0x0800474c                SystemInit
 .text.MX_TIM2_Init
                0x0800483c       0xf8 ./Core/Src/tim.o
                0x0800483c                MX_TIM2_Init
 .text.MX_TIM3_Init
                0x08004934       0xcc ./Core/Src/tim.o
                0x08004934                MX_TIM3_Init
 .text.MX_TIM4_Init
                0x08004a00       0xf8 ./Core/Src/tim.o
                0x08004a00                MX_TIM4_Init
 .text.MX_TIM6_Init
                0x08004af8       0x70 ./Core/Src/tim.o
                0x08004af8                MX_TIM6_Init
 .text.MX_TIM7_Init
                0x08004b68       0x70 ./Core/Src/tim.o
                0x08004b68                MX_TIM7_Init
 .text.MX_TIM13_Init
                0x08004bd8       0x48 ./Core/Src/tim.o
                0x08004bd8                MX_TIM13_Init
 .text.HAL_TIM_PWM_MspInit
                0x08004c20       0x9c ./Core/Src/tim.o
                0x08004c20                HAL_TIM_PWM_MspInit
 .text.HAL_TIM_Base_MspInit
                0x08004cbc       0xbc ./Core/Src/tim.o
                0x08004cbc                HAL_TIM_Base_MspInit
 .text.HAL_TIM_MspPostInit
                0x08004d78      0x154 ./Core/Src/tim.o
                0x08004d78                HAL_TIM_MspPostInit
 .text.MX_UART4_Init
                0x08004ecc       0x98 ./Core/Src/usart.o
                0x08004ecc                MX_UART4_Init
 .text.MX_USART1_UART_Init
                0x08004f64       0xa0 ./Core/Src/usart.o
                0x08004f64                MX_USART1_UART_Init
 .text.MX_USART3_UART_Init
                0x08005004       0x98 ./Core/Src/usart.o
                0x08005004                MX_USART3_UART_Init
 .text.MX_USART6_UART_Init
                0x0800509c       0x98 ./Core/Src/usart.o
                0x0800509c                MX_USART6_UART_Init
 .text.HAL_UART_MspInit
                0x08005134      0x418 ./Core/Src/usart.o
                0x08005134                HAL_UART_MspInit
 .text.Reset_UART
                0x0800554c       0x28 ./Core/Src/usart.o
                0x0800554c                Reset_UART
 .text.Reset_Handler
                0x08005574       0x50 ./Core/Startup/startup_stm32h7b0rbtx.o
                0x08005574                Reset_Handler
 .text.Default_Handler
                0x080055c4        0x2 ./Core/Startup/startup_stm32h7b0rbtx.o
                0x080055c4                RTC_Alarm_IRQHandler
                0x080055c4                HASH_RNG_IRQHandler
                0x080055c4                EXTI2_IRQHandler
                0x080055c4                TIM8_CC_IRQHandler
                0x080055c4                UART8_IRQHandler
                0x080055c4                BDMA2_Channel1_IRQHandler
                0x080055c4                SPI4_IRQHandler
                0x080055c4                BDMA2_Channel0_IRQHandler
                0x080055c4                TIM1_CC_IRQHandler
                0x080055c4                DMA2_Stream5_IRQHandler
                0x080055c4                JPEG_IRQHandler
                0x080055c4                DMA1_Stream5_IRQHandler
                0x080055c4                EXTI3_IRQHandler
                0x080055c4                LPTIM4_IRQHandler
                0x080055c4                TIM8_TRG_COM_TIM14_IRQHandler
                0x080055c4                LPTIM2_IRQHandler
                0x080055c4                DFSDM1_FLT1_IRQHandler
                0x080055c4                DMAMUX2_OVR_IRQHandler
                0x080055c4                GFXMMU_IRQHandler
                0x080055c4                TIM8_UP_TIM13_IRQHandler
                0x080055c4                I2C3_ER_IRQHandler
                0x080055c4                DFSDM1_FLT2_IRQHandler
                0x080055c4                USART10_IRQHandler
                0x080055c4                MDMA_IRQHandler
                0x080055c4                LPTIM3_IRQHandler
                0x080055c4                BDMA2_Channel3_IRQHandler
                0x080055c4                HSEM1_IRQHandler
                0x080055c4                EXTI0_IRQHandler
                0x080055c4                I2C2_EV_IRQHandler
                0x080055c4                DAC2_IRQHandler
                0x080055c4                FPU_IRQHandler
                0x080055c4                OTG_HS_WKUP_IRQHandler
                0x080055c4                FDCAN1_IT1_IRQHandler
                0x080055c4                LTDC_ER_IRQHandler
                0x080055c4                DMA2_Stream2_IRQHandler
                0x080055c4                SPI1_IRQHandler
                0x080055c4                OCTOSPI1_IRQHandler
                0x080055c4                BDMA2_Channel6_IRQHandler
                0x080055c4                DMA2_Stream3_IRQHandler
                0x080055c4                OCTOSPI2_IRQHandler
                0x080055c4                SAI2_IRQHandler
                0x080055c4                BDMA1_IRQHandler
                0x080055c4                DFSDM1_FLT3_IRQHandler
                0x080055c4                USART6_IRQHandler
                0x080055c4                TIM17_IRQHandler
                0x080055c4                CRYP_IRQHandler
                0x080055c4                LPTIM5_IRQHandler
                0x080055c4                UART5_IRQHandler
                0x080055c4                DMA2_Stream0_IRQHandler
                0x080055c4                TIM4_IRQHandler
                0x080055c4                I2C1_EV_IRQHandler
                0x080055c4                DMA1_Stream6_IRQHandler
                0x080055c4                DMAMUX1_OVR_IRQHandler
                0x080055c4                TIM16_IRQHandler
                0x080055c4                TIM3_IRQHandler
                0x080055c4                RCC_IRQHandler
                0x080055c4                UART9_IRQHandler
                0x080055c4                TIM8_BRK_TIM12_IRQHandler
                0x080055c4                TIM1_TRG_COM_IRQHandler
                0x080055c4                Default_Handler
                0x080055c4                ECC_IRQHandler
                0x080055c4                BDMA2_Channel2_IRQHandler
                0x080055c4                CEC_IRQHandler
                0x080055c4                EXTI15_10_IRQHandler
                0x080055c4                DFSDM1_FLT4_IRQHandler
                0x080055c4                ADC_IRQHandler
                0x080055c4                OTFDEC1_IRQHandler
                0x080055c4                DMA1_Stream7_IRQHandler
                0x080055c4                SPI5_IRQHandler
                0x080055c4                SDMMC1_IRQHandler
                0x080055c4                TIM5_IRQHandler
                0x080055c4                DMA2_Stream7_IRQHandler
                0x080055c4                TIM15_IRQHandler
                0x080055c4                I2C3_EV_IRQHandler
                0x080055c4                DFSDM2_IRQHandler
                0x080055c4                EXTI9_5_IRQHandler
                0x080055c4                RTC_WKUP_IRQHandler
                0x080055c4                LTDC_IRQHandler
                0x080055c4                SPDIF_RX_IRQHandler
                0x080055c4                PVD_PVM_IRQHandler
                0x080055c4                SPI2_IRQHandler
                0x080055c4                OTG_HS_EP1_IN_IRQHandler
                0x080055c4                DFSDM1_FLT5_IRQHandler
                0x080055c4                OTFDEC2_IRQHandler
                0x080055c4                CRS_IRQHandler
                0x080055c4                EXTI4_IRQHandler
                0x080055c4                DFSDM1_FLT6_IRQHandler
                0x080055c4                FDCAN2_IT1_IRQHandler
                0x080055c4                COMP_IRQHandler
                0x080055c4                TIM1_UP_IRQHandler
                0x080055c4                OTG_HS_EP1_OUT_IRQHandler
                0x080055c4                WWDG_IRQHandler
                0x080055c4                SPI6_IRQHandler
                0x080055c4                MDIOS_IRQHandler
                0x080055c4                I2C4_EV_IRQHandler
                0x080055c4                FDCAN2_IT0_IRQHandler
                0x080055c4                LPUART1_IRQHandler
                0x080055c4                FDCAN1_IT0_IRQHandler
                0x080055c4                TIM2_IRQHandler
                0x080055c4                BDMA2_Channel5_IRQHandler
                0x080055c4                OTG_HS_IRQHandler
                0x080055c4                DMA2D_IRQHandler
                0x080055c4                TIM1_BRK_IRQHandler
                0x080055c4                EXTI1_IRQHandler
                0x080055c4                SDMMC2_IRQHandler
                0x080055c4                DTS_IRQHandler
                0x080055c4                UART7_IRQHandler
                0x080055c4                MDIOS_WKUP_IRQHandler
                0x080055c4                USART2_IRQHandler
                0x080055c4                DFSDM1_FLT0_IRQHandler
                0x080055c4                I2C2_ER_IRQHandler
                0x080055c4                DMA2_Stream1_IRQHandler
                0x080055c4                DFSDM1_FLT7_IRQHandler
                0x080055c4                FLASH_IRQHandler
                0x080055c4                DMA2_Stream4_IRQHandler
                0x080055c4                SPI3_IRQHandler
                0x080055c4                WAKEUP_PIN_IRQHandler
                0x080055c4                DMA1_Stream4_IRQHandler
                0x080055c4                I2C1_ER_IRQHandler
                0x080055c4                FMC_IRQHandler
                0x080055c4                BDMA2_Channel7_IRQHandler
                0x080055c4                FDCAN_CAL_IRQHandler
                0x080055c4                SWPMI1_IRQHandler
                0x080055c4                LPTIM1_IRQHandler
                0x080055c4                DCMI_PSSI_IRQHandler
                0x080055c4                I2C4_ER_IRQHandler
                0x080055c4                DMA2_Stream6_IRQHandler
                0x080055c4                SAI1_IRQHandler
                0x080055c4                DMA1_Stream3_IRQHandler
                0x080055c4                RTC_TAMP_STAMP_CSS_LSE_IRQHandler
                0x080055c4                BDMA2_Channel4_IRQHandler
 *fill*         0x080055c6        0x2 
 .text.HAL_Init
                0x080055c8       0x78 ./Drivers/STM32H7xx_HAL_Driver/Src/stm32h7xx_hal.o
                0x080055c8                HAL_Init
 .text.HAL_InitTick
                0x08005640       0x6c ./Drivers/STM32H7xx_HAL_Driver/Src/stm32h7xx_hal.o
                0x08005640                HAL_InitTick
 .text.HAL_IncTick
                0x080056ac       0x28 ./Drivers/STM32H7xx_HAL_Driver/Src/stm32h7xx_hal.o
                0x080056ac                HAL_IncTick
 .text.HAL_GetTick
                0x080056d4       0x18 ./Drivers/STM32H7xx_HAL_Driver/Src/stm32h7xx_hal.o
                0x080056d4                HAL_GetTick
 .text.HAL_Delay
                0x080056ec       0x48 ./Drivers/STM32H7xx_HAL_Driver/Src/stm32h7xx_hal.o
                0x080056ec                HAL_Delay
 .text.__NVIC_SetPriorityGrouping
                0x08005734       0x48 ./Drivers/STM32H7xx_HAL_Driver/Src/stm32h7xx_hal_cortex.o
 .text.__NVIC_GetPriorityGrouping
                0x0800577c       0x1c ./Drivers/STM32H7xx_HAL_Driver/Src/stm32h7xx_hal_cortex.o
 .text.__NVIC_EnableIRQ
                0x08005798       0x3c ./Drivers/STM32H7xx_HAL_Driver/Src/stm32h7xx_hal_cortex.o
 .text.__NVIC_SetPriority
                0x080057d4       0x54 ./Drivers/STM32H7xx_HAL_Driver/Src/stm32h7xx_hal_cortex.o
 .text.NVIC_EncodePriority
                0x08005828       0x66 ./Drivers/STM32H7xx_HAL_Driver/Src/stm32h7xx_hal_cortex.o
 *fill*         0x0800588e        0x2 
 .text.SysTick_Config
                0x08005890       0x44 ./Drivers/STM32H7xx_HAL_Driver/Src/stm32h7xx_hal_cortex.o
 .text.HAL_NVIC_SetPriorityGrouping
                0x080058d4       0x16 ./Drivers/STM32H7xx_HAL_Driver/Src/stm32h7xx_hal_cortex.o
                0x080058d4                HAL_NVIC_SetPriorityGrouping
 .text.HAL_NVIC_SetPriority
                0x080058ea       0x34 ./Drivers/STM32H7xx_HAL_Driver/Src/stm32h7xx_hal_cortex.o
                0x080058ea                HAL_NVIC_SetPriority
 .text.HAL_NVIC_EnableIRQ
                0x0800591e       0x1c ./Drivers/STM32H7xx_HAL_Driver/Src/stm32h7xx_hal_cortex.o
                0x0800591e                HAL_NVIC_EnableIRQ
 .text.HAL_SYSTICK_Config
                0x0800593a       0x18 ./Drivers/STM32H7xx_HAL_Driver/Src/stm32h7xx_hal_cortex.o
                0x0800593a                HAL_SYSTICK_Config
 *fill*         0x08005952        0x2 
 .text.HAL_MPU_Disable
                0x08005954       0x30 ./Drivers/STM32H7xx_HAL_Driver/Src/stm32h7xx_hal_cortex.o
                0x08005954                HAL_MPU_Disable
 .text.HAL_MPU_Enable
                0x08005984       0x40 ./Drivers/STM32H7xx_HAL_Driver/Src/stm32h7xx_hal_cortex.o
                0x08005984                HAL_MPU_Enable
 .text.HAL_MPU_ConfigRegion
                0x080059c4       0x80 ./Drivers/STM32H7xx_HAL_Driver/Src/stm32h7xx_hal_cortex.o
                0x080059c4                HAL_MPU_ConfigRegion
 .text.HAL_DMA_Init
                0x08005a44      0x71c ./Drivers/STM32H7xx_HAL_Driver/Src/stm32h7xx_hal_dma.o
                0x08005a44                HAL_DMA_Init
 .text.HAL_DMA_Start_IT
                0x08006160      0x4d4 ./Drivers/STM32H7xx_HAL_Driver/Src/stm32h7xx_hal_dma.o
                0x08006160                HAL_DMA_Start_IT
 .text.HAL_DMA_Abort
                0x08006634      0x63c ./Drivers/STM32H7xx_HAL_Driver/Src/stm32h7xx_hal_dma.o
                0x08006634                HAL_DMA_Abort
 .text.HAL_DMA_Abort_IT
                0x08006c70      0x48c ./Drivers/STM32H7xx_HAL_Driver/Src/stm32h7xx_hal_dma.o
                0x08006c70                HAL_DMA_Abort_IT
 .text.HAL_DMA_IRQHandler
                0x080070fc      0xec4 ./Drivers/STM32H7xx_HAL_Driver/Src/stm32h7xx_hal_dma.o
                0x080070fc                HAL_DMA_IRQHandler
 .text.HAL_DMA_GetError
                0x08007fc0       0x18 ./Drivers/STM32H7xx_HAL_Driver/Src/stm32h7xx_hal_dma.o
                0x08007fc0                HAL_DMA_GetError
 .text.DMA_SetConfig
                0x08007fd8      0x3c8 ./Drivers/STM32H7xx_HAL_Driver/Src/stm32h7xx_hal_dma.o
 .text.DMA_CalcBaseAndBitshift
                0x080083a0      0x164 ./Drivers/STM32H7xx_HAL_Driver/Src/stm32h7xx_hal_dma.o
 .text.DMA_CheckFifoParam
                0x08008504       0xf8 ./Drivers/STM32H7xx_HAL_Driver/Src/stm32h7xx_hal_dma.o
 .text.DMA_CalcDMAMUXChannelBaseAndMask
                0x080085fc      0x134 ./Drivers/STM32H7xx_HAL_Driver/Src/stm32h7xx_hal_dma.o
 .text.DMA_CalcDMAMUXRequestGenBaseAndMask
                0x08008730       0xe8 ./Drivers/STM32H7xx_HAL_Driver/Src/stm32h7xx_hal_dma.o
 .text.HAL_FDCAN_Init
                0x08008818      0x3bc ./Drivers/STM32H7xx_HAL_Driver/Src/stm32h7xx_hal_fdcan.o
                0x08008818                HAL_FDCAN_Init
 .text.FDCAN_CalcultateRamBlockAddresses
                0x08008bd4      0x30c ./Drivers/STM32H7xx_HAL_Driver/Src/stm32h7xx_hal_fdcan.o
 .text.HAL_GPIO_Init
                0x08008ee0      0x360 ./Drivers/STM32H7xx_HAL_Driver/Src/stm32h7xx_hal_gpio.o
                0x08008ee0                HAL_GPIO_Init
 .text.HAL_GPIO_WritePin
                0x08009240       0x32 ./Drivers/STM32H7xx_HAL_Driver/Src/stm32h7xx_hal_gpio.o
                0x08009240                HAL_GPIO_WritePin
 *fill*         0x08009272        0x2 
 .text.HAL_I2C_Init
                0x08009274      0x138 ./Drivers/STM32H7xx_HAL_Driver/Src/stm32h7xx_hal_i2c.o
                0x08009274                HAL_I2C_Init
 .text.HAL_I2CEx_ConfigAnalogFilter
                0x080093ac       0x96 ./Drivers/STM32H7xx_HAL_Driver/Src/stm32h7xx_hal_i2c_ex.o
                0x080093ac                HAL_I2CEx_ConfigAnalogFilter
 .text.HAL_I2CEx_ConfigDigitalFilter
                0x08009442       0x98 ./Drivers/STM32H7xx_HAL_Driver/Src/stm32h7xx_hal_i2c_ex.o
                0x08009442                HAL_I2CEx_ConfigDigitalFilter
 *fill*         0x080094da        0x2 
 .text.HAL_PWREx_ConfigSupply
                0x080094dc       0x74 ./Drivers/STM32H7xx_HAL_Driver/Src/stm32h7xx_hal_pwr_ex.o
                0x080094dc                HAL_PWREx_ConfigSupply
 .text.HAL_RCC_OscConfig
                0x08009550      0x864 ./Drivers/STM32H7xx_HAL_Driver/Src/stm32h7xx_hal_rcc.o
                0x08009550                HAL_RCC_OscConfig
 .text.HAL_RCC_ClockConfig
                0x08009db4      0x36c ./Drivers/STM32H7xx_HAL_Driver/Src/stm32h7xx_hal_rcc.o
                0x08009db4                HAL_RCC_ClockConfig
 .text.HAL_RCC_GetSysClockFreq
                0x0800a120      0x2f4 ./Drivers/STM32H7xx_HAL_Driver/Src/stm32h7xx_hal_rcc.o
                0x0800a120                HAL_RCC_GetSysClockFreq
 .text.HAL_RCC_GetHCLKFreq
                0x0800a414       0x60 ./Drivers/STM32H7xx_HAL_Driver/Src/stm32h7xx_hal_rcc.o
                0x0800a414                HAL_RCC_GetHCLKFreq
 .text.HAL_RCC_GetPCLK1Freq
                0x0800a474       0x2c ./Drivers/STM32H7xx_HAL_Driver/Src/stm32h7xx_hal_rcc.o
                0x0800a474                HAL_RCC_GetPCLK1Freq
 .text.HAL_RCC_GetPCLK2Freq
                0x0800a4a0       0x2c ./Drivers/STM32H7xx_HAL_Driver/Src/stm32h7xx_hal_rcc.o
                0x0800a4a0                HAL_RCC_GetPCLK2Freq
 .text.HAL_RCCEx_PeriphCLKConfig
                0x0800a4cc     0x137c ./Drivers/STM32H7xx_HAL_Driver/Src/stm32h7xx_hal_rcc_ex.o
                0x0800a4cc                HAL_RCCEx_PeriphCLKConfig
 .text.HAL_RCCEx_GetD3PCLK1Freq
                0x0800b848       0x2c ./Drivers/STM32H7xx_HAL_Driver/Src/stm32h7xx_hal_rcc_ex.o
                0x0800b848                HAL_RCCEx_GetD3PCLK1Freq
 .text.HAL_RCCEx_GetPLL2ClockFreq
                0x0800b874      0x2a8 ./Drivers/STM32H7xx_HAL_Driver/Src/stm32h7xx_hal_rcc_ex.o
                0x0800b874                HAL_RCCEx_GetPLL2ClockFreq
 .text.HAL_RCCEx_GetPLL3ClockFreq
                0x0800bb1c      0x2a8 ./Drivers/STM32H7xx_HAL_Driver/Src/stm32h7xx_hal_rcc_ex.o
                0x0800bb1c                HAL_RCCEx_GetPLL3ClockFreq
 .text.RCCEx_PLL2_Config
                0x0800bdc4      0x164 ./Drivers/STM32H7xx_HAL_Driver/Src/stm32h7xx_hal_rcc_ex.o
 .text.RCCEx_PLL3_Config
                0x0800bf28      0x164 ./Drivers/STM32H7xx_HAL_Driver/Src/stm32h7xx_hal_rcc_ex.o
 .text.HAL_SPI_Init
                0x0800c08c      0x248 ./Drivers/STM32H7xx_HAL_Driver/Src/stm32h7xx_hal_spi.o
                0x0800c08c                HAL_SPI_Init
 .text.HAL_SPI_Transmit
                0x0800c2d4      0x3dc ./Drivers/STM32H7xx_HAL_Driver/Src/stm32h7xx_hal_spi.o
                0x0800c2d4                HAL_SPI_Transmit
 .text.HAL_SPI_Receive
                0x0800c6b0      0x4e4 ./Drivers/STM32H7xx_HAL_Driver/Src/stm32h7xx_hal_spi.o
                0x0800c6b0                HAL_SPI_Receive
 .text.HAL_SPI_TransmitReceive
                0x0800cb94      0x674 ./Drivers/STM32H7xx_HAL_Driver/Src/stm32h7xx_hal_spi.o
                0x0800cb94                HAL_SPI_TransmitReceive
 .text.SPI_CloseTransfer
                0x0800d208      0x140 ./Drivers/STM32H7xx_HAL_Driver/Src/stm32h7xx_hal_spi.o
 .text.SPI_WaitOnFlagUntilTimeout
                0x0800d348       0x5c ./Drivers/STM32H7xx_HAL_Driver/Src/stm32h7xx_hal_spi.o
 .text.SPI_GetPacketSize
                0x0800d3a4       0x36 ./Drivers/STM32H7xx_HAL_Driver/Src/stm32h7xx_hal_spi.o
 .text.HAL_TIM_Base_Init
                0x0800d3da       0xae ./Drivers/STM32H7xx_HAL_Driver/Src/stm32h7xx_hal_tim.o
                0x0800d3da                HAL_TIM_Base_Init
 .text.HAL_TIM_Base_Start_IT
                0x0800d488       0xf0 ./Drivers/STM32H7xx_HAL_Driver/Src/stm32h7xx_hal_tim.o
                0x0800d488                HAL_TIM_Base_Start_IT
 .text.HAL_TIM_PWM_Init
                0x0800d578       0xae ./Drivers/STM32H7xx_HAL_Driver/Src/stm32h7xx_hal_tim.o
                0x0800d578                HAL_TIM_PWM_Init
 *fill*         0x0800d626        0x2 
 .text.HAL_TIM_PWM_Start
                0x0800d628      0x21c ./Drivers/STM32H7xx_HAL_Driver/Src/stm32h7xx_hal_tim.o
                0x0800d628                HAL_TIM_PWM_Start
 .text.HAL_TIM_IRQHandler
                0x0800d844      0x20e ./Drivers/STM32H7xx_HAL_Driver/Src/stm32h7xx_hal_tim.o
                0x0800d844                HAL_TIM_IRQHandler
 *fill*         0x0800da52        0x2 
 .text.HAL_TIM_PWM_ConfigChannel
                0x0800da54      0x228 ./Drivers/STM32H7xx_HAL_Driver/Src/stm32h7xx_hal_tim.o
                0x0800da54                HAL_TIM_PWM_ConfigChannel
 .text.HAL_TIM_OC_DelayElapsedCallback
                0x0800dc7c       0x14 ./Drivers/STM32H7xx_HAL_Driver/Src/stm32h7xx_hal_tim.o
                0x0800dc7c                HAL_TIM_OC_DelayElapsedCallback
 .text.HAL_TIM_IC_CaptureCallback
                0x0800dc90       0x14 ./Drivers/STM32H7xx_HAL_Driver/Src/stm32h7xx_hal_tim.o
                0x0800dc90                HAL_TIM_IC_CaptureCallback
 .text.HAL_TIM_PWM_PulseFinishedCallback
                0x0800dca4       0x14 ./Drivers/STM32H7xx_HAL_Driver/Src/stm32h7xx_hal_tim.o
                0x0800dca4                HAL_TIM_PWM_PulseFinishedCallback
 .text.HAL_TIM_TriggerCallback
                0x0800dcb8       0x14 ./Drivers/STM32H7xx_HAL_Driver/Src/stm32h7xx_hal_tim.o
                0x0800dcb8                HAL_TIM_TriggerCallback
 .text.TIM_Base_SetConfig
                0x0800dccc      0x14c ./Drivers/STM32H7xx_HAL_Driver/Src/stm32h7xx_hal_tim.o
                0x0800dccc                TIM_Base_SetConfig
 .text.TIM_OC1_SetConfig
                0x0800de18      0x120 ./Drivers/STM32H7xx_HAL_Driver/Src/stm32h7xx_hal_tim.o
 .text.TIM_OC2_SetConfig
                0x0800df38      0x114 ./Drivers/STM32H7xx_HAL_Driver/Src/stm32h7xx_hal_tim.o
                0x0800df38                TIM_OC2_SetConfig
 .text.TIM_OC3_SetConfig
                0x0800e04c      0x110 ./Drivers/STM32H7xx_HAL_Driver/Src/stm32h7xx_hal_tim.o
 .text.TIM_OC4_SetConfig
                0x0800e15c       0xd4 ./Drivers/STM32H7xx_HAL_Driver/Src/stm32h7xx_hal_tim.o
 .text.TIM_OC5_SetConfig
                0x0800e230       0xc8 ./Drivers/STM32H7xx_HAL_Driver/Src/stm32h7xx_hal_tim.o
 .text.TIM_OC6_SetConfig
                0x0800e2f8       0xcc ./Drivers/STM32H7xx_HAL_Driver/Src/stm32h7xx_hal_tim.o
 .text.TIM_CCxChannelCmd
                0x0800e3c4       0x4a ./Drivers/STM32H7xx_HAL_Driver/Src/stm32h7xx_hal_tim.o
                0x0800e3c4                TIM_CCxChannelCmd
 *fill*         0x0800e40e        0x2 
 .text.HAL_TIMEx_MasterConfigSynchronization
                0x0800e410      0x11c ./Drivers/STM32H7xx_HAL_Driver/Src/stm32h7xx_hal_tim_ex.o
                0x0800e410                HAL_TIMEx_MasterConfigSynchronization
 .text.HAL_TIMEx_CommutCallback
                0x0800e52c       0x14 ./Drivers/STM32H7xx_HAL_Driver/Src/stm32h7xx_hal_tim_ex.o
                0x0800e52c                HAL_TIMEx_CommutCallback
 .text.HAL_TIMEx_BreakCallback
                0x0800e540       0x14 ./Drivers/STM32H7xx_HAL_Driver/Src/stm32h7xx_hal_tim_ex.o
                0x0800e540                HAL_TIMEx_BreakCallback
 .text.HAL_TIMEx_Break2Callback
                0x0800e554       0x14 ./Drivers/STM32H7xx_HAL_Driver/Src/stm32h7xx_hal_tim_ex.o
                0x0800e554                HAL_TIMEx_Break2Callback
 .text.HAL_UART_Init
                0x0800e568       0xa0 ./Drivers/STM32H7xx_HAL_Driver/Src/stm32h7xx_hal_uart.o
                0x0800e568                HAL_UART_Init
 .text.HAL_UART_Transmit
                0x0800e608      0x11c ./Drivers/STM32H7xx_HAL_Driver/Src/stm32h7xx_hal_uart.o
                0x0800e608                HAL_UART_Transmit
 .text.HAL_UART_Receive_DMA
                0x0800e724       0x98 ./Drivers/STM32H7xx_HAL_Driver/Src/stm32h7xx_hal_uart.o
                0x0800e724                HAL_UART_Receive_DMA
 .text.HAL_UART_DMAStop
                0x0800e7bc      0x12c ./Drivers/STM32H7xx_HAL_Driver/Src/stm32h7xx_hal_uart.o
                0x0800e7bc                HAL_UART_DMAStop
 .text.HAL_UART_Abort_IT
                0x0800e8e8      0x278 ./Drivers/STM32H7xx_HAL_Driver/Src/stm32h7xx_hal_uart.o
                0x0800e8e8                HAL_UART_Abort_IT
 .text.HAL_UART_IRQHandler
                0x0800eb60      0x774 ./Drivers/STM32H7xx_HAL_Driver/Src/stm32h7xx_hal_uart.o
                0x0800eb60                HAL_UART_IRQHandler
 .text.HAL_UART_TxCpltCallback
                0x0800f2d4       0x14 ./Drivers/STM32H7xx_HAL_Driver/Src/stm32h7xx_hal_uart.o
                0x0800f2d4                HAL_UART_TxCpltCallback
 .text.HAL_UART_RxHalfCpltCallback
                0x0800f2e8       0x14 ./Drivers/STM32H7xx_HAL_Driver/Src/stm32h7xx_hal_uart.o
                0x0800f2e8                HAL_UART_RxHalfCpltCallback
 .text.HAL_UART_ErrorCallback
                0x0800f2fc       0x14 ./Drivers/STM32H7xx_HAL_Driver/Src/stm32h7xx_hal_uart.o
                0x0800f2fc                HAL_UART_ErrorCallback
 .text.HAL_UART_AbortCpltCallback
                0x0800f310       0x14 ./Drivers/STM32H7xx_HAL_Driver/Src/stm32h7xx_hal_uart.o
                0x0800f310                HAL_UART_AbortCpltCallback
 .text.HAL_UARTEx_RxEventCallback
                0x0800f324       0x18 ./Drivers/STM32H7xx_HAL_Driver/Src/stm32h7xx_hal_uart.o
                0x0800f324                HAL_UARTEx_RxEventCallback
 .text.UART_SetConfig
                0x0800f33c      0xcd8 ./Drivers/STM32H7xx_HAL_Driver/Src/stm32h7xx_hal_uart.o
                0x0800f33c                UART_SetConfig
 .text.UART_AdvFeatureConfig
                0x08010014      0x144 ./Drivers/STM32H7xx_HAL_Driver/Src/stm32h7xx_hal_uart.o
                0x08010014                UART_AdvFeatureConfig
 .text.UART_CheckIdleState
                0x08010158      0x154 ./Drivers/STM32H7xx_HAL_Driver/Src/stm32h7xx_hal_uart.o
                0x08010158                UART_CheckIdleState
 .text.UART_WaitOnFlagUntilTimeout
                0x080102ac       0xda ./Drivers/STM32H7xx_HAL_Driver/Src/stm32h7xx_hal_uart.o
                0x080102ac                UART_WaitOnFlagUntilTimeout
 *fill*         0x08010386        0x2 
 .text.UART_Start_Receive_DMA
                0x08010388      0x14c ./Drivers/STM32H7xx_HAL_Driver/Src/stm32h7xx_hal_uart.o
                0x08010388                UART_Start_Receive_DMA
 .text.UART_EndTxTransfer
                0x080104d4       0x82 ./Drivers/STM32H7xx_HAL_Driver/Src/stm32h7xx_hal_uart.o
 *fill*         0x08010556        0x2 
 .text.UART_EndRxTransfer
                0x08010558       0xcc ./Drivers/STM32H7xx_HAL_Driver/Src/stm32h7xx_hal_uart.o
 .text.UART_DMAReceiveCplt
                0x08010624      0x128 ./Drivers/STM32H7xx_HAL_Driver/Src/stm32h7xx_hal_uart.o
 .text.UART_DMARxHalfCplt
                0x0801074c       0x3e ./Drivers/STM32H7xx_HAL_Driver/Src/stm32h7xx_hal_uart.o
 .text.UART_DMAError
                0x0801078a       0x80 ./Drivers/STM32H7xx_HAL_Driver/Src/stm32h7xx_hal_uart.o
 .text.UART_DMAAbortOnError
                0x0801080a       0x2c ./Drivers/STM32H7xx_HAL_Driver/Src/stm32h7xx_hal_uart.o
 .text.UART_DMATxAbortCallback
                0x08010836       0x8c ./Drivers/STM32H7xx_HAL_Driver/Src/stm32h7xx_hal_uart.o
 .text.UART_DMARxAbortCallback
                0x080108c2       0x80 ./Drivers/STM32H7xx_HAL_Driver/Src/stm32h7xx_hal_uart.o
 .text.UART_EndTransmit_IT
                0x08010942       0x56 ./Drivers/STM32H7xx_HAL_Driver/Src/stm32h7xx_hal_uart.o
 .text.HAL_UARTEx_WakeupCallback
                0x08010998       0x14 ./Drivers/STM32H7xx_HAL_Driver/Src/stm32h7xx_hal_uart_ex.o
                0x08010998                HAL_UARTEx_WakeupCallback
 .text.HAL_UARTEx_RxFifoFullCallback
                0x080109ac       0x14 ./Drivers/STM32H7xx_HAL_Driver/Src/stm32h7xx_hal_uart_ex.o
                0x080109ac                HAL_UARTEx_RxFifoFullCallback
 .text.HAL_UARTEx_TxFifoEmptyCallback
                0x080109c0       0x14 ./Drivers/STM32H7xx_HAL_Driver/Src/stm32h7xx_hal_uart_ex.o
                0x080109c0                HAL_UARTEx_TxFifoEmptyCallback
 .text.HAL_UARTEx_DisableFifoMode
                0x080109d4       0x72 ./Drivers/STM32H7xx_HAL_Driver/Src/stm32h7xx_hal_uart_ex.o
                0x080109d4                HAL_UARTEx_DisableFifoMode
 .text.HAL_UARTEx_SetTxFifoThreshold
                0x08010a46       0x7c ./Drivers/STM32H7xx_HAL_Driver/Src/stm32h7xx_hal_uart_ex.o
                0x08010a46                HAL_UARTEx_SetTxFifoThreshold
 .text.HAL_UARTEx_SetRxFifoThreshold
                0x08010ac2       0x7c ./Drivers/STM32H7xx_HAL_Driver/Src/stm32h7xx_hal_uart_ex.o
                0x08010ac2                HAL_UARTEx_SetRxFifoThreshold
 *fill*         0x08010b3e        0x2 
 .text.UARTEx_SetNbDataToProcess
                0x08010b40       0x9c ./Drivers/STM32H7xx_HAL_Driver/Src/stm32h7xx_hal_uart_ex.o
 .text.MX_FATFS_Init
                0x08010bdc       0x24 ./FATFS/App/fatfs.o
                0x08010bdc                MX_FATFS_Init
 .text.get_fattime
                0x08010c00       0x10 ./FATFS/App/fatfs.o
                0x08010c00                get_fattime
 .text.USER_initialize
                0x08010c10       0x1c ./FATFS/Target/user_diskio.o
                0x08010c10                USER_initialize
 .text.USER_status
                0x08010c2c       0x1c ./FATFS/Target/user_diskio.o
                0x08010c2c                USER_status
 .text.USER_read
                0x08010c48       0x26 ./FATFS/Target/user_diskio.o
                0x08010c48                USER_read
 .text.USER_write
                0x08010c6e       0x26 ./FATFS/Target/user_diskio.o
                0x08010c6e                USER_write
 .text.USER_ioctl
                0x08010c94       0x26 ./FATFS/Target/user_diskio.o
                0x08010c94                USER_ioctl
 *fill*         0x08010cba        0x2 
 .text.SELECT   0x08010cbc       0x18 ./MIDWARE/FATFS_SD/FATFS_SD.o
 .text.DESELECT
                0x08010cd4       0x18 ./MIDWARE/FATFS_SD/FATFS_SD.o
 .text.SPI_TxByte
                0x08010cec       0x34 ./MIDWARE/FATFS_SD/FATFS_SD.o
 .text.SPI_TxBuffer
                0x08010d20       0x34 ./MIDWARE/FATFS_SD/FATFS_SD.o
 .text.SPI_RxByte
                0x08010d54       0x38 ./MIDWARE/FATFS_SD/FATFS_SD.o
 .text.SPI_RxBytePtr
                0x08010d8c       0x1c ./MIDWARE/FATFS_SD/FATFS_SD.o
 .text.SD_ReadyWait
                0x08010da8       0x34 ./MIDWARE/FATFS_SD/FATFS_SD.o
 .text.SD_PowerOn
                0x08010ddc       0x84 ./MIDWARE/FATFS_SD/FATFS_SD.o
 .text.SD_PowerOff
                0x08010e60       0x18 ./MIDWARE/FATFS_SD/FATFS_SD.o
 .text.SD_CheckPower
                0x08010e78       0x18 ./MIDWARE/FATFS_SD/FATFS_SD.o
 .text.SD_RxDataBlock
                0x08010e90       0x5c ./MIDWARE/FATFS_SD/FATFS_SD.o
 .text.SD_TxDataBlock
                0x08010eec       0x86 ./MIDWARE/FATFS_SD/FATFS_SD.o
 .text.SD_SendCmd
                0x08010f72       0xa8 ./MIDWARE/FATFS_SD/FATFS_SD.o
 *fill*         0x0801101a        0x2 
 .text.SD_disk_initialize
                0x0801101c      0x1cc ./MIDWARE/FATFS_SD/FATFS_SD.o
                0x0801101c                SD_disk_initialize
 .text.SD_disk_status
                0x080111e8       0x2c ./MIDWARE/FATFS_SD/FATFS_SD.o
                0x080111e8                SD_disk_status
 .text.SD_disk_read
                0x08011214       0xd4 ./MIDWARE/FATFS_SD/FATFS_SD.o
                0x08011214                SD_disk_read
 .text.SD_disk_write
                0x080112e8      0x108 ./MIDWARE/FATFS_SD/FATFS_SD.o
                0x080112e8                SD_disk_write
 .text.SD_disk_ioctl
                0x080113f0      0x254 ./MIDWARE/FATFS_SD/FATFS_SD.o
                0x080113f0                SD_disk_ioctl
 .text.disk_status
                0x08011644       0x34 ./Middlewares/Third_Party/FatFs/src/diskio.o
                0x08011644                disk_status
 .text.disk_initialize
                0x08011678       0x50 ./Middlewares/Third_Party/FatFs/src/diskio.o
                0x08011678                disk_initialize
 .text.disk_read
                0x080116c8       0x40 ./Middlewares/Third_Party/FatFs/src/diskio.o
                0x080116c8                disk_read
 .text.disk_write
                0x08011708       0x40 ./Middlewares/Third_Party/FatFs/src/diskio.o
                0x08011708                disk_write
 .text.disk_ioctl
                0x08011748       0x3c ./Middlewares/Third_Party/FatFs/src/diskio.o
                0x08011748                disk_ioctl
 .text.ld_word  0x08011784       0x32 ./Middlewares/Third_Party/FatFs/src/ff.o
 .text.ld_dword
                0x080117b6       0x46 ./Middlewares/Third_Party/FatFs/src/ff.o
 .text.st_word  0x080117fc       0x36 ./Middlewares/Third_Party/FatFs/src/ff.o
 .text.st_dword
                0x08011832       0x58 ./Middlewares/Third_Party/FatFs/src/ff.o
 .text.mem_cpy  0x0801188a       0x42 ./Middlewares/Third_Party/FatFs/src/ff.o
 .text.mem_set  0x080118cc       0x36 ./Middlewares/Third_Party/FatFs/src/ff.o
 .text.mem_cmp  0x08011902       0x4e ./Middlewares/Third_Party/FatFs/src/ff.o
 .text.chk_chr  0x08011950       0x36 ./Middlewares/Third_Party/FatFs/src/ff.o
 *fill*         0x08011986        0x2 
 .text.chk_lock
                0x08011988       0xb8 ./Middlewares/Third_Party/FatFs/src/ff.o
 .text.enq_lock
                0x08011a40       0x44 ./Middlewares/Third_Party/FatFs/src/ff.o
 .text.inc_lock
                0x08011a84      0x11c ./Middlewares/Third_Party/FatFs/src/ff.o
 .text.dec_lock
                0x08011ba0       0x78 ./Middlewares/Third_Party/FatFs/src/ff.o
 .text.clear_lock
                0x08011c18       0x48 ./Middlewares/Third_Party/FatFs/src/ff.o
 .text.sync_window
                0x08011c60       0x88 ./Middlewares/Third_Party/FatFs/src/ff.o
 .text.move_window
                0x08011ce8       0x5a ./Middlewares/Third_Party/FatFs/src/ff.o
 *fill*         0x08011d42        0x2 
 .text.sync_fs  0x08011d44       0xe0 ./Middlewares/Third_Party/FatFs/src/ff.o
 .text.clust2sect
                0x08011e24       0x3e ./Middlewares/Third_Party/FatFs/src/ff.o
 .text.get_fat  0x08011e62      0x1a6 ./Middlewares/Third_Party/FatFs/src/ff.o
 .text.put_fat  0x08012008      0x234 ./Middlewares/Third_Party/FatFs/src/ff.o
 .text.remove_chain
                0x0801223c       0xca ./Middlewares/Third_Party/FatFs/src/ff.o
 .text.create_chain
                0x08012306      0x130 ./Middlewares/Third_Party/FatFs/src/ff.o
 .text.clmt_clust
                0x08012436       0x70 ./Middlewares/Third_Party/FatFs/src/ff.o
 .text.dir_sdi  0x080124a6      0x112 ./Middlewares/Third_Party/FatFs/src/ff.o
 .text.dir_next
                0x080125b8      0x1ac ./Middlewares/Third_Party/FatFs/src/ff.o
 .text.dir_alloc
                0x08012764       0x8e ./Middlewares/Third_Party/FatFs/src/ff.o
 .text.ld_clust
                0x080127f2       0x3e ./Middlewares/Third_Party/FatFs/src/ff.o
 .text.st_clust
                0x08012830       0x40 ./Middlewares/Third_Party/FatFs/src/ff.o
 .text.cmp_lfn  0x08012870       0xe0 ./Middlewares/Third_Party/FatFs/src/ff.o
 .text.pick_lfn
                0x08012950       0xc8 ./Middlewares/Third_Party/FatFs/src/ff.o
 .text.put_lfn  0x08012a18       0xd0 ./Middlewares/Third_Party/FatFs/src/ff.o
 .text.gen_numname
                0x08012ae8      0x11c ./Middlewares/Third_Party/FatFs/src/ff.o
 .text.sum_sfn  0x08012c04       0x42 ./Middlewares/Third_Party/FatFs/src/ff.o
 .text.dir_read
                0x08012c46      0x14e ./Middlewares/Third_Party/FatFs/src/ff.o
 .text.dir_find
                0x08012d94      0x180 ./Middlewares/Third_Party/FatFs/src/ff.o
 .text.dir_register
                0x08012f14      0x1f0 ./Middlewares/Third_Party/FatFs/src/ff.o
 .text.dir_remove
                0x08013104       0x94 ./Middlewares/Third_Party/FatFs/src/ff.o
 .text.create_name
                0x08013198      0x40c ./Middlewares/Third_Party/FatFs/src/ff.o
 .text.follow_path
                0x080135a4      0x12a ./Middlewares/Third_Party/FatFs/src/ff.o
 .text.get_ldnumber
                0x080136ce       0x88 ./Middlewares/Third_Party/FatFs/src/ff.o
 *fill*         0x08013756        0x2 
 .text.check_fs
                0x08013758       0xac ./Middlewares/Third_Party/FatFs/src/ff.o
 .text.find_volume
                0x08013804      0x510 ./Middlewares/Third_Party/FatFs/src/ff.o
 .text.validate
                0x08013d14       0x6a ./Middlewares/Third_Party/FatFs/src/ff.o
 *fill*         0x08013d7e        0x2 
 .text.f_mount  0x08013d80       0x8c ./Middlewares/Third_Party/FatFs/src/ff.o
                0x08013d80                f_mount
 .text.f_open   0x08013e0c      0x390 ./Middlewares/Third_Party/FatFs/src/ff.o
                0x08013e0c                f_open
 .text.f_read   0x0801419c      0x2be ./Middlewares/Third_Party/FatFs/src/ff.o
                0x0801419c                f_read
 .text.f_write  0x0801445a      0x328 ./Middlewares/Third_Party/FatFs/src/ff.o
                0x0801445a                f_write
 .text.f_sync   0x08014782       0xfc ./Middlewares/Third_Party/FatFs/src/ff.o
                0x08014782                f_sync
 .text.f_close  0x0801487e       0x54 ./Middlewares/Third_Party/FatFs/src/ff.o
                0x0801487e                f_close
 .text.f_chdir  0x080148d2       0x94 ./Middlewares/Third_Party/FatFs/src/ff.o
                0x080148d2                f_chdir
 .text.f_lseek  0x08014966      0x448 ./Middlewares/Third_Party/FatFs/src/ff.o
                0x08014966                f_lseek
 .text.f_unlink
                0x08014dae      0x182 ./Middlewares/Third_Party/FatFs/src/ff.o
                0x08014dae                f_unlink
 .text.f_mkdir  0x08014f30      0x234 ./Middlewares/Third_Party/FatFs/src/ff.o
                0x08014f30                f_mkdir
 .text.putc_bfd
                0x08015164       0x7a ./Middlewares/Third_Party/FatFs/src/ff.o
 .text.putc_flush
                0x080151de       0x4a ./Middlewares/Third_Party/FatFs/src/ff.o
 .text.putc_init
                0x08015228       0x2a ./Middlewares/Third_Party/FatFs/src/ff.o
 *fill*         0x08015252        0x2 
 .text.f_printf
                0x08015254      0x43c ./Middlewares/Third_Party/FatFs/src/ff.o
                0x08015254                f_printf
 .text.FATFS_LinkDriverEx
                0x08015690       0x98 ./Middlewares/Third_Party/FatFs/src/ff_gen_drv.o
                0x08015690                FATFS_LinkDriverEx
 .text.FATFS_LinkDriver
                0x08015728       0x1e ./Middlewares/Third_Party/FatFs/src/ff_gen_drv.o
                0x08015728                FATFS_LinkDriver
 *fill*         0x08015746        0x2 
 .text.ff_convert
                0x08015748       0x78 ./Middlewares/Third_Party/FatFs/src/option/ccsbcs.o
                0x08015748                ff_convert
 .text.ff_wtoupper
                0x080157c0      0x114 ./Middlewares/Third_Party/FatFs/src/option/ccsbcs.o
                0x080157c0                ff_wtoupper
 .text.atof     0x080158d4        0x6 C:/ST/STM32CubeIDE_1.18.1/STM32CubeIDE/plugins/com.st.stm32cube.ide.mcu.externaltools.gnu-tools-for-stm32.13.3.rel1.win32_1.0.0.202411081344/tools/bin/../lib/gcc/arm-none-eabi/13.3.1/../../../../arm-none-eabi/lib/thumb/v7e-m+dp/hard\libc_nano.a(libc_a-atof.o)
                0x080158d4                atof
 .text.atoi     0x080158da        0x8 C:/ST/STM32CubeIDE_1.18.1/STM32CubeIDE/plugins/com.st.stm32cube.ide.mcu.externaltools.gnu-tools-for-stm32.13.3.rel1.win32_1.0.0.202411081344/tools/bin/../lib/gcc/arm-none-eabi/13.3.1/../../../../arm-none-eabi/lib/thumb/v7e-m+dp/hard\libc_nano.a(libc_a-atoi.o)
                0x080158da                atoi
 .text.sulp     0x080158e2       0x34 C:/ST/STM32CubeIDE_1.18.1/STM32CubeIDE/plugins/com.st.stm32cube.ide.mcu.externaltools.gnu-tools-for-stm32.13.3.rel1.win32_1.0.0.202411081344/tools/bin/../lib/gcc/arm-none-eabi/13.3.1/../../../../arm-none-eabi/lib/thumb/v7e-m+dp/hard\libc_nano.a(libc_a-strtod.o)
 *fill*         0x08015916        0x2 
 .text._strtod_l
                0x08015918      0xb34 C:/ST/STM32CubeIDE_1.18.1/STM32CubeIDE/plugins/com.st.stm32cube.ide.mcu.externaltools.gnu-tools-for-stm32.13.3.rel1.win32_1.0.0.202411081344/tools/bin/../lib/gcc/arm-none-eabi/13.3.1/../../../../arm-none-eabi/lib/thumb/v7e-m+dp/hard\libc_nano.a(libc_a-strtod.o)
                0x08015918                _strtod_l
 .text.strtod   0x0801644c       0x18 C:/ST/STM32CubeIDE_1.18.1/STM32CubeIDE/plugins/com.st.stm32cube.ide.mcu.externaltools.gnu-tools-for-stm32.13.3.rel1.win32_1.0.0.202411081344/tools/bin/../lib/gcc/arm-none-eabi/13.3.1/../../../../arm-none-eabi/lib/thumb/v7e-m+dp/hard\libc_nano.a(libc_a-strtod.o)
                0x0801644c                strtod
 .text._strtol_l.isra.0
                0x08016464       0xf4 C:/ST/STM32CubeIDE_1.18.1/STM32CubeIDE/plugins/com.st.stm32cube.ide.mcu.externaltools.gnu-tools-for-stm32.13.3.rel1.win32_1.0.0.202411081344/tools/bin/../lib/gcc/arm-none-eabi/13.3.1/../../../../arm-none-eabi/lib/thumb/v7e-m+dp/hard\libc_nano.a(libc_a-strtol.o)
 .text.strtol   0x08016558       0x14 C:/ST/STM32CubeIDE_1.18.1/STM32CubeIDE/plugins/com.st.stm32cube.ide.mcu.externaltools.gnu-tools-for-stm32.13.3.rel1.win32_1.0.0.202411081344/tools/bin/../lib/gcc/arm-none-eabi/13.3.1/../../../../arm-none-eabi/lib/thumb/v7e-m+dp/hard\libc_nano.a(libc_a-strtol.o)
                0x08016558                strtol
 .text.std      0x0801656c       0x6c C:/ST/STM32CubeIDE_1.18.1/STM32CubeIDE/plugins/com.st.stm32cube.ide.mcu.externaltools.gnu-tools-for-stm32.13.3.rel1.win32_1.0.0.202411081344/tools/bin/../lib/gcc/arm-none-eabi/13.3.1/../../../../arm-none-eabi/lib/thumb/v7e-m+dp/hard\libc_nano.a(libc_a-findfp.o)
 .text.stdio_exit_handler
                0x080165d8       0x18 C:/ST/STM32CubeIDE_1.18.1/STM32CubeIDE/plugins/com.st.stm32cube.ide.mcu.externaltools.gnu-tools-for-stm32.13.3.rel1.win32_1.0.0.202411081344/tools/bin/../lib/gcc/arm-none-eabi/13.3.1/../../../../arm-none-eabi/lib/thumb/v7e-m+dp/hard\libc_nano.a(libc_a-findfp.o)
 .text.cleanup_stdio
                0x080165f0       0x40 C:/ST/STM32CubeIDE_1.18.1/STM32CubeIDE/plugins/com.st.stm32cube.ide.mcu.externaltools.gnu-tools-for-stm32.13.3.rel1.win32_1.0.0.202411081344/tools/bin/../lib/gcc/arm-none-eabi/13.3.1/../../../../arm-none-eabi/lib/thumb/v7e-m+dp/hard\libc_nano.a(libc_a-findfp.o)
 .text.global_stdio_init.part.0
                0x08016630       0x3c C:/ST/STM32CubeIDE_1.18.1/STM32CubeIDE/plugins/com.st.stm32cube.ide.mcu.externaltools.gnu-tools-for-stm32.13.3.rel1.win32_1.0.0.202411081344/tools/bin/../lib/gcc/arm-none-eabi/13.3.1/../../../../arm-none-eabi/lib/thumb/v7e-m+dp/hard\libc_nano.a(libc_a-findfp.o)
 .text.__sfp_lock_acquire
                0x0801666c        0xc C:/ST/STM32CubeIDE_1.18.1/STM32CubeIDE/plugins/com.st.stm32cube.ide.mcu.externaltools.gnu-tools-for-stm32.13.3.rel1.win32_1.0.0.202411081344/tools/bin/../lib/gcc/arm-none-eabi/13.3.1/../../../../arm-none-eabi/lib/thumb/v7e-m+dp/hard\libc_nano.a(libc_a-findfp.o)
                0x0801666c                __sfp_lock_acquire
 .text.__sfp_lock_release
                0x08016678        0xc C:/ST/STM32CubeIDE_1.18.1/STM32CubeIDE/plugins/com.st.stm32cube.ide.mcu.externaltools.gnu-tools-for-stm32.13.3.rel1.win32_1.0.0.202411081344/tools/bin/../lib/gcc/arm-none-eabi/13.3.1/../../../../arm-none-eabi/lib/thumb/v7e-m+dp/hard\libc_nano.a(libc_a-findfp.o)
                0x08016678                __sfp_lock_release
 .text.__sinit  0x08016684       0x30 C:/ST/STM32CubeIDE_1.18.1/STM32CubeIDE/plugins/com.st.stm32cube.ide.mcu.externaltools.gnu-tools-for-stm32.13.3.rel1.win32_1.0.0.202411081344/tools/bin/../lib/gcc/arm-none-eabi/13.3.1/../../../../arm-none-eabi/lib/thumb/v7e-m+dp/hard\libc_nano.a(libc_a-findfp.o)
                0x08016684                __sinit
 .text._fwalk_sglue
                0x080166b4       0x3c C:/ST/STM32CubeIDE_1.18.1/STM32CubeIDE/plugins/com.st.stm32cube.ide.mcu.externaltools.gnu-tools-for-stm32.13.3.rel1.win32_1.0.0.202411081344/tools/bin/../lib/gcc/arm-none-eabi/13.3.1/../../../../arm-none-eabi/lib/thumb/v7e-m+dp/hard\libc_nano.a(libc_a-fwalk.o)
                0x080166b4                _fwalk_sglue
 .text.__sread  0x080166f0       0x22 C:/ST/STM32CubeIDE_1.18.1/STM32CubeIDE/plugins/com.st.stm32cube.ide.mcu.externaltools.gnu-tools-for-stm32.13.3.rel1.win32_1.0.0.202411081344/tools/bin/../lib/gcc/arm-none-eabi/13.3.1/../../../../arm-none-eabi/lib/thumb/v7e-m+dp/hard\libc_nano.a(libc_a-stdio.o)
                0x080166f0                __sread
 .text.__swrite
                0x08016712       0x38 C:/ST/STM32CubeIDE_1.18.1/STM32CubeIDE/plugins/com.st.stm32cube.ide.mcu.externaltools.gnu-tools-for-stm32.13.3.rel1.win32_1.0.0.202411081344/tools/bin/../lib/gcc/arm-none-eabi/13.3.1/../../../../arm-none-eabi/lib/thumb/v7e-m+dp/hard\libc_nano.a(libc_a-stdio.o)
                0x08016712                __swrite
 .text.__sseek  0x0801674a       0x24 C:/ST/STM32CubeIDE_1.18.1/STM32CubeIDE/plugins/com.st.stm32cube.ide.mcu.externaltools.gnu-tools-for-stm32.13.3.rel1.win32_1.0.0.202411081344/tools/bin/../lib/gcc/arm-none-eabi/13.3.1/../../../../arm-none-eabi/lib/thumb/v7e-m+dp/hard\libc_nano.a(libc_a-stdio.o)
                0x0801674a                __sseek
 .text.__sclose
                0x0801676e        0x8 C:/ST/STM32CubeIDE_1.18.1/STM32CubeIDE/plugins/com.st.stm32cube.ide.mcu.externaltools.gnu-tools-for-stm32.13.3.rel1.win32_1.0.0.202411081344/tools/bin/../lib/gcc/arm-none-eabi/13.3.1/../../../../arm-none-eabi/lib/thumb/v7e-m+dp/hard\libc_nano.a(libc_a-stdio.o)
                0x0801676e                __sclose
 .text.memset   0x08016776       0x10 C:/ST/STM32CubeIDE_1.18.1/STM32CubeIDE/plugins/com.st.stm32cube.ide.mcu.externaltools.gnu-tools-for-stm32.13.3.rel1.win32_1.0.0.202411081344/tools/bin/../lib/gcc/arm-none-eabi/13.3.1/../../../../arm-none-eabi/lib/thumb/v7e-m+dp/hard\libc_nano.a(libc_a-memset.o)
                0x08016776                memset
 .text.strchr   0x08016786       0x1a C:/ST/STM32CubeIDE_1.18.1/STM32CubeIDE/plugins/com.st.stm32cube.ide.mcu.externaltools.gnu-tools-for-stm32.13.3.rel1.win32_1.0.0.202411081344/tools/bin/../lib/gcc/arm-none-eabi/13.3.1/../../../../arm-none-eabi/lib/thumb/v7e-m+dp/hard\libc_nano.a(libc_a-strchr.o)
                0x08016786                strchr
 .text.strncmp  0x080167a0       0x24 C:/ST/STM32CubeIDE_1.18.1/STM32CubeIDE/plugins/com.st.stm32cube.ide.mcu.externaltools.gnu-tools-for-stm32.13.3.rel1.win32_1.0.0.202411081344/tools/bin/../lib/gcc/arm-none-eabi/13.3.1/../../../../arm-none-eabi/lib/thumb/v7e-m+dp/hard\libc_nano.a(libc_a-strncmp.o)
                0x080167a0                strncmp
 .text._close_r
                0x080167c4       0x20 C:/ST/STM32CubeIDE_1.18.1/STM32CubeIDE/plugins/com.st.stm32cube.ide.mcu.externaltools.gnu-tools-for-stm32.13.3.rel1.win32_1.0.0.202411081344/tools/bin/../lib/gcc/arm-none-eabi/13.3.1/../../../../arm-none-eabi/lib/thumb/v7e-m+dp/hard\libc_nano.a(libc_a-closer.o)
                0x080167c4                _close_r
 .text._lseek_r
                0x080167e4       0x24 C:/ST/STM32CubeIDE_1.18.1/STM32CubeIDE/plugins/com.st.stm32cube.ide.mcu.externaltools.gnu-tools-for-stm32.13.3.rel1.win32_1.0.0.202411081344/tools/bin/../lib/gcc/arm-none-eabi/13.3.1/../../../../arm-none-eabi/lib/thumb/v7e-m+dp/hard\libc_nano.a(libc_a-lseekr.o)
                0x080167e4                _lseek_r
 .text._read_r  0x08016808       0x24 C:/ST/STM32CubeIDE_1.18.1/STM32CubeIDE/plugins/com.st.stm32cube.ide.mcu.externaltools.gnu-tools-for-stm32.13.3.rel1.win32_1.0.0.202411081344/tools/bin/../lib/gcc/arm-none-eabi/13.3.1/../../../../arm-none-eabi/lib/thumb/v7e-m+dp/hard\libc_nano.a(libc_a-readr.o)
                0x08016808                _read_r
 .text._write_r
                0x0801682c       0x24 C:/ST/STM32CubeIDE_1.18.1/STM32CubeIDE/plugins/com.st.stm32cube.ide.mcu.externaltools.gnu-tools-for-stm32.13.3.rel1.win32_1.0.0.202411081344/tools/bin/../lib/gcc/arm-none-eabi/13.3.1/../../../../arm-none-eabi/lib/thumb/v7e-m+dp/hard\libc_nano.a(libc_a-writer.o)
                0x0801682c                _write_r
 .text.__errno  0x08016850        0xc C:/ST/STM32CubeIDE_1.18.1/STM32CubeIDE/plugins/com.st.stm32cube.ide.mcu.externaltools.gnu-tools-for-stm32.13.3.rel1.win32_1.0.0.202411081344/tools/bin/../lib/gcc/arm-none-eabi/13.3.1/../../../../arm-none-eabi/lib/thumb/v7e-m+dp/hard\libc_nano.a(libc_a-errno.o)
                0x08016850                __errno
 .text.__libc_init_array
                0x0801685c       0x48 C:/ST/STM32CubeIDE_1.18.1/STM32CubeIDE/plugins/com.st.stm32cube.ide.mcu.externaltools.gnu-tools-for-stm32.13.3.rel1.win32_1.0.0.202411081344/tools/bin/../lib/gcc/arm-none-eabi/13.3.1/../../../../arm-none-eabi/lib/thumb/v7e-m+dp/hard\libc_nano.a(libc_a-init.o)
                0x0801685c                __libc_init_array
 .text.__retarget_lock_init_recursive
                0x080168a4        0x2 C:/ST/STM32CubeIDE_1.18.1/STM32CubeIDE/plugins/com.st.stm32cube.ide.mcu.externaltools.gnu-tools-for-stm32.13.3.rel1.win32_1.0.0.202411081344/tools/bin/../lib/gcc/arm-none-eabi/13.3.1/../../../../arm-none-eabi/lib/thumb/v7e-m+dp/hard\libc_nano.a(libc_a-lock.o)
                0x080168a4                __retarget_lock_init_recursive
 .text.__retarget_lock_acquire_recursive
                0x080168a6        0x2 C:/ST/STM32CubeIDE_1.18.1/STM32CubeIDE/plugins/com.st.stm32cube.ide.mcu.externaltools.gnu-tools-for-stm32.13.3.rel1.win32_1.0.0.202411081344/tools/bin/../lib/gcc/arm-none-eabi/13.3.1/../../../../arm-none-eabi/lib/thumb/v7e-m+dp/hard\libc_nano.a(libc_a-lock.o)
                0x080168a6                __retarget_lock_acquire_recursive
 .text.__retarget_lock_release_recursive
                0x080168a8        0x2 C:/ST/STM32CubeIDE_1.18.1/STM32CubeIDE/plugins/com.st.stm32cube.ide.mcu.externaltools.gnu-tools-for-stm32.13.3.rel1.win32_1.0.0.202411081344/tools/bin/../lib/gcc/arm-none-eabi/13.3.1/../../../../arm-none-eabi/lib/thumb/v7e-m+dp/hard\libc_nano.a(libc_a-lock.o)
                0x080168a8                __retarget_lock_release_recursive
 .text.memcpy   0x080168aa       0x1c C:/ST/STM32CubeIDE_1.18.1/STM32CubeIDE/plugins/com.st.stm32cube.ide.mcu.externaltools.gnu-tools-for-stm32.13.3.rel1.win32_1.0.0.202411081344/tools/bin/../lib/gcc/arm-none-eabi/13.3.1/../../../../arm-none-eabi/lib/thumb/v7e-m+dp/hard\libc_nano.a(libc_a-memcpy-stub.o)
                0x080168aa                memcpy
 *fill*         0x080168c6        0x2 
 .text.nan      0x080168c8       0x10 C:/ST/STM32CubeIDE_1.18.1/STM32CubeIDE/plugins/com.st.stm32cube.ide.mcu.externaltools.gnu-tools-for-stm32.13.3.rel1.win32_1.0.0.202411081344/tools/bin/../lib/gcc/arm-none-eabi/13.3.1/../../../../arm-none-eabi/lib/thumb/v7e-m+dp/hard\libc_nano.a(libm_a-s_nan.o)
                0x080168c8                nan
 .text._free_r  0x080168d8       0x94 C:/ST/STM32CubeIDE_1.18.1/STM32CubeIDE/plugins/com.st.stm32cube.ide.mcu.externaltools.gnu-tools-for-stm32.13.3.rel1.win32_1.0.0.202411081344/tools/bin/../lib/gcc/arm-none-eabi/13.3.1/../../../../arm-none-eabi/lib/thumb/v7e-m+dp/hard\libc_nano.a(libc_a-freer.o)
                0x080168d8                _free_r
 .text.rshift   0x0801696c       0xa4 C:/ST/STM32CubeIDE_1.18.1/STM32CubeIDE/plugins/com.st.stm32cube.ide.mcu.externaltools.gnu-tools-for-stm32.13.3.rel1.win32_1.0.0.202411081344/tools/bin/../lib/gcc/arm-none-eabi/13.3.1/../../../../arm-none-eabi/lib/thumb/v7e-m+dp/hard\libc_nano.a(libc_a-gdtoa-gethex.o)
 .text.__hexdig_fun
                0x08016a10       0x2a C:/ST/STM32CubeIDE_1.18.1/STM32CubeIDE/plugins/com.st.stm32cube.ide.mcu.externaltools.gnu-tools-for-stm32.13.3.rel1.win32_1.0.0.202411081344/tools/bin/../lib/gcc/arm-none-eabi/13.3.1/../../../../arm-none-eabi/lib/thumb/v7e-m+dp/hard\libc_nano.a(libc_a-gdtoa-gethex.o)
                0x08016a10                __hexdig_fun
 *fill*         0x08016a3a        0x2 
 .text.__gethex
                0x08016a3c      0x420 C:/ST/STM32CubeIDE_1.18.1/STM32CubeIDE/plugins/com.st.stm32cube.ide.mcu.externaltools.gnu-tools-for-stm32.13.3.rel1.win32_1.0.0.202411081344/tools/bin/../lib/gcc/arm-none-eabi/13.3.1/../../../../arm-none-eabi/lib/thumb/v7e-m+dp/hard\libc_nano.a(libc_a-gdtoa-gethex.o)
                0x08016a3c                __gethex
 .text.L_shift  0x08016e5c       0x24 C:/ST/STM32CubeIDE_1.18.1/STM32CubeIDE/plugins/com.st.stm32cube.ide.mcu.externaltools.gnu-tools-for-stm32.13.3.rel1.win32_1.0.0.202411081344/tools/bin/../lib/gcc/arm-none-eabi/13.3.1/../../../../arm-none-eabi/lib/thumb/v7e-m+dp/hard\libc_nano.a(libc_a-gdtoa-hexnan.o)
 .text.__match  0x08016e80       0x28 C:/ST/STM32CubeIDE_1.18.1/STM32CubeIDE/plugins/com.st.stm32cube.ide.mcu.externaltools.gnu-tools-for-stm32.13.3.rel1.win32_1.0.0.202411081344/tools/bin/../lib/gcc/arm-none-eabi/13.3.1/../../../../arm-none-eabi/lib/thumb/v7e-m+dp/hard\libc_nano.a(libc_a-gdtoa-hexnan.o)
                0x08016e80                __match
 .text.__hexnan
                0x08016ea8      0x136 C:/ST/STM32CubeIDE_1.18.1/STM32CubeIDE/plugins/com.st.stm32cube.ide.mcu.externaltools.gnu-tools-for-stm32.13.3.rel1.win32_1.0.0.202411081344/tools/bin/../lib/gcc/arm-none-eabi/13.3.1/../../../../arm-none-eabi/lib/thumb/v7e-m+dp/hard\libc_nano.a(libc_a-gdtoa-hexnan.o)
                0x08016ea8                __hexnan
 *fill*         0x08016fde        0x2 
 .text.sbrk_aligned
                0x08016fe0       0x44 C:/ST/STM32CubeIDE_1.18.1/STM32CubeIDE/plugins/com.st.stm32cube.ide.mcu.externaltools.gnu-tools-for-stm32.13.3.rel1.win32_1.0.0.202411081344/tools/bin/../lib/gcc/arm-none-eabi/13.3.1/../../../../arm-none-eabi/lib/thumb/v7e-m+dp/hard\libc_nano.a(libc_a-mallocr.o)
 .text._malloc_r
                0x08017024      0x100 C:/ST/STM32CubeIDE_1.18.1/STM32CubeIDE/plugins/com.st.stm32cube.ide.mcu.externaltools.gnu-tools-for-stm32.13.3.rel1.win32_1.0.0.202411081344/tools/bin/../lib/gcc/arm-none-eabi/13.3.1/../../../../arm-none-eabi/lib/thumb/v7e-m+dp/hard\libc_nano.a(libc_a-mallocr.o)
                0x08017024                _malloc_r
 .text.__ascii_mbtowc
                0x08017124       0x24 C:/ST/STM32CubeIDE_1.18.1/STM32CubeIDE/plugins/com.st.stm32cube.ide.mcu.externaltools.gnu-tools-for-stm32.13.3.rel1.win32_1.0.0.202411081344/tools/bin/../lib/gcc/arm-none-eabi/13.3.1/../../../../arm-none-eabi/lib/thumb/v7e-m+dp/hard\libc_nano.a(libc_a-mbtowc_r.o)
                0x08017124                __ascii_mbtowc
 .text.__malloc_lock
                0x08017148        0xc C:/ST/STM32CubeIDE_1.18.1/STM32CubeIDE/plugins/com.st.stm32cube.ide.mcu.externaltools.gnu-tools-for-stm32.13.3.rel1.win32_1.0.0.202411081344/tools/bin/../lib/gcc/arm-none-eabi/13.3.1/../../../../arm-none-eabi/lib/thumb/v7e-m+dp/hard\libc_nano.a(libc_a-mlock.o)
                0x08017148                __malloc_lock
 .text.__malloc_unlock
                0x08017154        0xc C:/ST/STM32CubeIDE_1.18.1/STM32CubeIDE/plugins/com.st.stm32cube.ide.mcu.externaltools.gnu-tools-for-stm32.13.3.rel1.win32_1.0.0.202411081344/tools/bin/../lib/gcc/arm-none-eabi/13.3.1/../../../../arm-none-eabi/lib/thumb/v7e-m+dp/hard\libc_nano.a(libc_a-mlock.o)
                0x08017154                __malloc_unlock
 .text._Balloc  0x08017160       0x80 C:/ST/STM32CubeIDE_1.18.1/STM32CubeIDE/plugins/com.st.stm32cube.ide.mcu.externaltools.gnu-tools-for-stm32.13.3.rel1.win32_1.0.0.202411081344/tools/bin/../lib/gcc/arm-none-eabi/13.3.1/../../../../arm-none-eabi/lib/thumb/v7e-m+dp/hard\libc_nano.a(libc_a-mprec.o)
                0x08017160                _Balloc
 .text._Bfree   0x080171e0       0x44 C:/ST/STM32CubeIDE_1.18.1/STM32CubeIDE/plugins/com.st.stm32cube.ide.mcu.externaltools.gnu-tools-for-stm32.13.3.rel1.win32_1.0.0.202411081344/tools/bin/../lib/gcc/arm-none-eabi/13.3.1/../../../../arm-none-eabi/lib/thumb/v7e-m+dp/hard\libc_nano.a(libc_a-mprec.o)
                0x080171e0                _Bfree
 .text.__multadd
                0x08017224       0x8c C:/ST/STM32CubeIDE_1.18.1/STM32CubeIDE/plugins/com.st.stm32cube.ide.mcu.externaltools.gnu-tools-for-stm32.13.3.rel1.win32_1.0.0.202411081344/tools/bin/../lib/gcc/arm-none-eabi/13.3.1/../../../../arm-none-eabi/lib/thumb/v7e-m+dp/hard\libc_nano.a(libc_a-mprec.o)
                0x08017224                __multadd
 .text.__s2b    0x080172b0       0x94 C:/ST/STM32CubeIDE_1.18.1/STM32CubeIDE/plugins/com.st.stm32cube.ide.mcu.externaltools.gnu-tools-for-stm32.13.3.rel1.win32_1.0.0.202411081344/tools/bin/../lib/gcc/arm-none-eabi/13.3.1/../../../../arm-none-eabi/lib/thumb/v7e-m+dp/hard\libc_nano.a(libc_a-mprec.o)
                0x080172b0                __s2b
 .text.__hi0bits
                0x08017344       0x3e C:/ST/STM32CubeIDE_1.18.1/STM32CubeIDE/plugins/com.st.stm32cube.ide.mcu.externaltools.gnu-tools-for-stm32.13.3.rel1.win32_1.0.0.202411081344/tools/bin/../lib/gcc/arm-none-eabi/13.3.1/../../../../arm-none-eabi/lib/thumb/v7e-m+dp/hard\libc_nano.a(libc_a-mprec.o)
                0x08017344                __hi0bits
 .text.__lo0bits
                0x08017382       0x5a C:/ST/STM32CubeIDE_1.18.1/STM32CubeIDE/plugins/com.st.stm32cube.ide.mcu.externaltools.gnu-tools-for-stm32.13.3.rel1.win32_1.0.0.202411081344/tools/bin/../lib/gcc/arm-none-eabi/13.3.1/../../../../arm-none-eabi/lib/thumb/v7e-m+dp/hard\libc_nano.a(libc_a-mprec.o)
                0x08017382                __lo0bits
 .text.__i2b    0x080173dc       0x2c C:/ST/STM32CubeIDE_1.18.1/STM32CubeIDE/plugins/com.st.stm32cube.ide.mcu.externaltools.gnu-tools-for-stm32.13.3.rel1.win32_1.0.0.202411081344/tools/bin/../lib/gcc/arm-none-eabi/13.3.1/../../../../arm-none-eabi/lib/thumb/v7e-m+dp/hard\libc_nano.a(libc_a-mprec.o)
                0x080173dc                __i2b
 .text.__multiply
                0x08017408      0x144 C:/ST/STM32CubeIDE_1.18.1/STM32CubeIDE/plugins/com.st.stm32cube.ide.mcu.externaltools.gnu-tools-for-stm32.13.3.rel1.win32_1.0.0.202411081344/tools/bin/../lib/gcc/arm-none-eabi/13.3.1/../../../../arm-none-eabi/lib/thumb/v7e-m+dp/hard\libc_nano.a(libc_a-mprec.o)
                0x08017408                __multiply
 .text.__pow5mult
                0x0801754c       0xb4 C:/ST/STM32CubeIDE_1.18.1/STM32CubeIDE/plugins/com.st.stm32cube.ide.mcu.externaltools.gnu-tools-for-stm32.13.3.rel1.win32_1.0.0.202411081344/tools/bin/../lib/gcc/arm-none-eabi/13.3.1/../../../../arm-none-eabi/lib/thumb/v7e-m+dp/hard\libc_nano.a(libc_a-mprec.o)
                0x0801754c                __pow5mult
 .text.__lshift
                0x08017600       0xd8 C:/ST/STM32CubeIDE_1.18.1/STM32CubeIDE/plugins/com.st.stm32cube.ide.mcu.externaltools.gnu-tools-for-stm32.13.3.rel1.win32_1.0.0.202411081344/tools/bin/../lib/gcc/arm-none-eabi/13.3.1/../../../../arm-none-eabi/lib/thumb/v7e-m+dp/hard\libc_nano.a(libc_a-mprec.o)
                0x08017600                __lshift
 .text.__mcmp   0x080176d8       0x36 C:/ST/STM32CubeIDE_1.18.1/STM32CubeIDE/plugins/com.st.stm32cube.ide.mcu.externaltools.gnu-tools-for-stm32.13.3.rel1.win32_1.0.0.202411081344/tools/bin/../lib/gcc/arm-none-eabi/13.3.1/../../../../arm-none-eabi/lib/thumb/v7e-m+dp/hard\libc_nano.a(libc_a-mprec.o)
                0x080176d8                __mcmp
 *fill*         0x0801770e        0x2 
 .text.__mdiff  0x08017710      0x128 C:/ST/STM32CubeIDE_1.18.1/STM32CubeIDE/plugins/com.st.stm32cube.ide.mcu.externaltools.gnu-tools-for-stm32.13.3.rel1.win32_1.0.0.202411081344/tools/bin/../lib/gcc/arm-none-eabi/13.3.1/../../../../arm-none-eabi/lib/thumb/v7e-m+dp/hard\libc_nano.a(libc_a-mprec.o)
                0x08017710                __mdiff
 .text.__ulp    0x08017838       0x4c C:/ST/STM32CubeIDE_1.18.1/STM32CubeIDE/plugins/com.st.stm32cube.ide.mcu.externaltools.gnu-tools-for-stm32.13.3.rel1.win32_1.0.0.202411081344/tools/bin/../lib/gcc/arm-none-eabi/13.3.1/../../../../arm-none-eabi/lib/thumb/v7e-m+dp/hard\libc_nano.a(libc_a-mprec.o)
                0x08017838                __ulp
 .text.__b2d    0x08017884       0x94 C:/ST/STM32CubeIDE_1.18.1/STM32CubeIDE/plugins/com.st.stm32cube.ide.mcu.externaltools.gnu-tools-for-stm32.13.3.rel1.win32_1.0.0.202411081344/tools/bin/../lib/gcc/arm-none-eabi/13.3.1/../../../../arm-none-eabi/lib/thumb/v7e-m+dp/hard\libc_nano.a(libc_a-mprec.o)
                0x08017884                __b2d
 .text.__d2b    0x08017918       0xb0 C:/ST/STM32CubeIDE_1.18.1/STM32CubeIDE/plugins/com.st.stm32cube.ide.mcu.externaltools.gnu-tools-for-stm32.13.3.rel1.win32_1.0.0.202411081344/tools/bin/../lib/gcc/arm-none-eabi/13.3.1/../../../../arm-none-eabi/lib/thumb/v7e-m+dp/hard\libc_nano.a(libc_a-mprec.o)
                0x08017918                __d2b
 .text.__ratio  0x080179c8       0x5e C:/ST/STM32CubeIDE_1.18.1/STM32CubeIDE/plugins/com.st.stm32cube.ide.mcu.externaltools.gnu-tools-for-stm32.13.3.rel1.win32_1.0.0.202411081344/tools/bin/../lib/gcc/arm-none-eabi/13.3.1/../../../../arm-none-eabi/lib/thumb/v7e-m+dp/hard\libc_nano.a(libc_a-mprec.o)
                0x080179c8                __ratio
 .text.__copybits
                0x08017a26       0x46 C:/ST/STM32CubeIDE_1.18.1/STM32CubeIDE/plugins/com.st.stm32cube.ide.mcu.externaltools.gnu-tools-for-stm32.13.3.rel1.win32_1.0.0.202411081344/tools/bin/../lib/gcc/arm-none-eabi/13.3.1/../../../../arm-none-eabi/lib/thumb/v7e-m+dp/hard\libc_nano.a(libc_a-mprec.o)
                0x08017a26                __copybits
 .text.__any_on
                0x08017a6c       0x42 C:/ST/STM32CubeIDE_1.18.1/STM32CubeIDE/plugins/com.st.stm32cube.ide.mcu.externaltools.gnu-tools-for-stm32.13.3.rel1.win32_1.0.0.202411081344/tools/bin/../lib/gcc/arm-none-eabi/13.3.1/../../../../arm-none-eabi/lib/thumb/v7e-m+dp/hard\libc_nano.a(libc_a-mprec.o)
                0x08017a6c                __any_on
 .text.__ascii_wctomb
                0x08017aae       0x1a C:/ST/STM32CubeIDE_1.18.1/STM32CubeIDE/plugins/com.st.stm32cube.ide.mcu.externaltools.gnu-tools-for-stm32.13.3.rel1.win32_1.0.0.202411081344/tools/bin/../lib/gcc/arm-none-eabi/13.3.1/../../../../arm-none-eabi/lib/thumb/v7e-m+dp/hard\libc_nano.a(libc_a-wctomb_r.o)
                0x08017aae                __ascii_wctomb
 .text.__sflush_r
                0x08017ac8      0x108 C:/ST/STM32CubeIDE_1.18.1/STM32CubeIDE/plugins/com.st.stm32cube.ide.mcu.externaltools.gnu-tools-for-stm32.13.3.rel1.win32_1.0.0.202411081344/tools/bin/../lib/gcc/arm-none-eabi/13.3.1/../../../../arm-none-eabi/lib/thumb/v7e-m+dp/hard\libc_nano.a(libc_a-fflush.o)
                0x08017ac8                __sflush_r
 .text._fflush_r
                0x08017bd0       0x50 C:/ST/STM32CubeIDE_1.18.1/STM32CubeIDE/plugins/com.st.stm32cube.ide.mcu.externaltools.gnu-tools-for-stm32.13.3.rel1.win32_1.0.0.202411081344/tools/bin/../lib/gcc/arm-none-eabi/13.3.1/../../../../arm-none-eabi/lib/thumb/v7e-m+dp/hard\libc_nano.a(libc_a-fflush.o)
                0x08017bd0                _fflush_r
 .text._sbrk_r  0x08017c20       0x20 C:/ST/STM32CubeIDE_1.18.1/STM32CubeIDE/plugins/com.st.stm32cube.ide.mcu.externaltools.gnu-tools-for-stm32.13.3.rel1.win32_1.0.0.202411081344/tools/bin/../lib/gcc/arm-none-eabi/13.3.1/../../../../arm-none-eabi/lib/thumb/v7e-m+dp/hard\libc_nano.a(libc_a-sbrkr.o)
                0x08017c20                _sbrk_r
 .text.__assert_func
                0x08017c40       0x3c C:/ST/STM32CubeIDE_1.18.1/STM32CubeIDE/plugins/com.st.stm32cube.ide.mcu.externaltools.gnu-tools-for-stm32.13.3.rel1.win32_1.0.0.202411081344/tools/bin/../lib/gcc/arm-none-eabi/13.3.1/../../../../arm-none-eabi/lib/thumb/v7e-m+dp/hard\libc_nano.a(libc_a-assert.o)
                0x08017c40                __assert_func
 .text._calloc_r
                0x08017c7c       0x28 C:/ST/STM32CubeIDE_1.18.1/STM32CubeIDE/plugins/com.st.stm32cube.ide.mcu.externaltools.gnu-tools-for-stm32.13.3.rel1.win32_1.0.0.202411081344/tools/bin/../lib/gcc/arm-none-eabi/13.3.1/../../../../arm-none-eabi/lib/thumb/v7e-m+dp/hard\libc_nano.a(libc_a-callocr.o)
                0x08017c7c                _calloc_r
 .text.malloc   0x08017ca4       0x10 C:/ST/STM32CubeIDE_1.18.1/STM32CubeIDE/plugins/com.st.stm32cube.ide.mcu.externaltools.gnu-tools-for-stm32.13.3.rel1.win32_1.0.0.202411081344/tools/bin/../lib/gcc/arm-none-eabi/13.3.1/../../../../arm-none-eabi/lib/thumb/v7e-m+dp/hard\libc_nano.a(libc_a-malloc.o)
                0x08017ca4                malloc
 .text.fprintf  0x08017cb4       0x24 C:/ST/STM32CubeIDE_1.18.1/STM32CubeIDE/plugins/com.st.stm32cube.ide.mcu.externaltools.gnu-tools-for-stm32.13.3.rel1.win32_1.0.0.202411081344/tools/bin/../lib/gcc/arm-none-eabi/13.3.1/../../../../arm-none-eabi/lib/thumb/v7e-m+dp/hard\libc_nano.a(libc_a-fprintf.o)
                0x08017cb4                fiprintf
                0x08017cb4                fprintf
 .text.abort    0x08017cd8        0xe C:/ST/STM32CubeIDE_1.18.1/STM32CubeIDE/plugins/com.st.stm32cube.ide.mcu.externaltools.gnu-tools-for-stm32.13.3.rel1.win32_1.0.0.202411081344/tools/bin/../lib/gcc/arm-none-eabi/13.3.1/../../../../arm-none-eabi/lib/thumb/v7e-m+dp/hard\libc_nano.a(libc_a-abort.o)
                0x08017cd8                abort
 .text.__sfputc_r
                0x08017ce6       0x2e C:/ST/STM32CubeIDE_1.18.1/STM32CubeIDE/plugins/com.st.stm32cube.ide.mcu.externaltools.gnu-tools-for-stm32.13.3.rel1.win32_1.0.0.202411081344/tools/bin/../lib/gcc/arm-none-eabi/13.3.1/../../../../arm-none-eabi/lib/thumb/v7e-m+dp/hard\libc_nano.a(libc_a-nano-vfprintf.o)
 .text.__sfputs_r
                0x08017d14       0x24 C:/ST/STM32CubeIDE_1.18.1/STM32CubeIDE/plugins/com.st.stm32cube.ide.mcu.externaltools.gnu-tools-for-stm32.13.3.rel1.win32_1.0.0.202411081344/tools/bin/../lib/gcc/arm-none-eabi/13.3.1/../../../../arm-none-eabi/lib/thumb/v7e-m+dp/hard\libc_nano.a(libc_a-nano-vfprintf.o)
                0x08017d14                __sfputs_r
 .text._vfprintf_r
                0x08017d38      0x230 C:/ST/STM32CubeIDE_1.18.1/STM32CubeIDE/plugins/com.st.stm32cube.ide.mcu.externaltools.gnu-tools-for-stm32.13.3.rel1.win32_1.0.0.202411081344/tools/bin/../lib/gcc/arm-none-eabi/13.3.1/../../../../arm-none-eabi/lib/thumb/v7e-m+dp/hard\libc_nano.a(libc_a-nano-vfprintf.o)
                0x08017d38                _vfprintf_r
                0x08017d38                _vfiprintf_r
 .text._printf_common
                0x08017f68       0xda C:/ST/STM32CubeIDE_1.18.1/STM32CubeIDE/plugins/com.st.stm32cube.ide.mcu.externaltools.gnu-tools-for-stm32.13.3.rel1.win32_1.0.0.202411081344/tools/bin/../lib/gcc/arm-none-eabi/13.3.1/../../../../arm-none-eabi/lib/thumb/v7e-m+dp/hard\libc_nano.a(libc_a-nano-vfprintf_i.o)
                0x08017f68                _printf_common
 *fill*         0x08018042        0x2 
 .text._printf_i
                0x08018044      0x23c C:/ST/STM32CubeIDE_1.18.1/STM32CubeIDE/plugins/com.st.stm32cube.ide.mcu.externaltools.gnu-tools-for-stm32.13.3.rel1.win32_1.0.0.202411081344/tools/bin/../lib/gcc/arm-none-eabi/13.3.1/../../../../arm-none-eabi/lib/thumb/v7e-m+dp/hard\libc_nano.a(libc_a-nano-vfprintf_i.o)
                0x08018044                _printf_i
 .text.__swbuf_r
                0x08018280       0x7c C:/ST/STM32CubeIDE_1.18.1/STM32CubeIDE/plugins/com.st.stm32cube.ide.mcu.externaltools.gnu-tools-for-stm32.13.3.rel1.win32_1.0.0.202411081344/tools/bin/../lib/gcc/arm-none-eabi/13.3.1/../../../../arm-none-eabi/lib/thumb/v7e-m+dp/hard\libc_nano.a(libc_a-wbuf.o)
                0x08018280                __swbuf_r
 .text.__swsetup_r
                0x080182fc       0xac C:/ST/STM32CubeIDE_1.18.1/STM32CubeIDE/plugins/com.st.stm32cube.ide.mcu.externaltools.gnu-tools-for-stm32.13.3.rel1.win32_1.0.0.202411081344/tools/bin/../lib/gcc/arm-none-eabi/13.3.1/../../../../arm-none-eabi/lib/thumb/v7e-m+dp/hard\libc_nano.a(libc_a-wsetup.o)
                0x080182fc                __swsetup_r
 .text._raise_r
                0x080183a8       0x50 C:/ST/STM32CubeIDE_1.18.1/STM32CubeIDE/plugins/com.st.stm32cube.ide.mcu.externaltools.gnu-tools-for-stm32.13.3.rel1.win32_1.0.0.202411081344/tools/bin/../lib/gcc/arm-none-eabi/13.3.1/../../../../arm-none-eabi/lib/thumb/v7e-m+dp/hard\libc_nano.a(libc_a-signal.o)
                0x080183a8                _raise_r
 .text.raise    0x080183f8       0x10 C:/ST/STM32CubeIDE_1.18.1/STM32CubeIDE/plugins/com.st.stm32cube.ide.mcu.externaltools.gnu-tools-for-stm32.13.3.rel1.win32_1.0.0.202411081344/tools/bin/../lib/gcc/arm-none-eabi/13.3.1/../../../../arm-none-eabi/lib/thumb/v7e-m+dp/hard\libc_nano.a(libc_a-signal.o)
                0x080183f8                raise
 .text._kill_r  0x08018408       0x24 C:/ST/STM32CubeIDE_1.18.1/STM32CubeIDE/plugins/com.st.stm32cube.ide.mcu.externaltools.gnu-tools-for-stm32.13.3.rel1.win32_1.0.0.202411081344/tools/bin/../lib/gcc/arm-none-eabi/13.3.1/../../../../arm-none-eabi/lib/thumb/v7e-m+dp/hard\libc_nano.a(libc_a-signalr.o)
                0x08018408                _kill_r
 .text._getpid_r
                0x0801842c        0x4 C:/ST/STM32CubeIDE_1.18.1/STM32CubeIDE/plugins/com.st.stm32cube.ide.mcu.externaltools.gnu-tools-for-stm32.13.3.rel1.win32_1.0.0.202411081344/tools/bin/../lib/gcc/arm-none-eabi/13.3.1/../../../../arm-none-eabi/lib/thumb/v7e-m+dp/hard\libc_nano.a(libc_a-signalr.o)
                0x0801842c                _getpid_r
 .text.__swhatbuf_r