../Core/Src/Libraries/BNO050.c:20:6:BNO_Page0Adress	4	static
../Core/Src/Libraries/BNO050.c:40:6:BNO_Page1Adress	4	static
../Core/Src/Libraries/BNO050.c:53:6:BNO_EmptyingBuffer	16	static
../Core/Src/Libraries/BNO050.c:84:19:BNO_Read	24	static
../Core/Src/Libraries/BNO050.c:100:19:BNO_Write	280	static
../Core/Src/Libraries/BNO050.c:117:6:BNO_SelectPage	16	static
../Core/Src/Libraries/BNO050.c:122:6:BNO_Reset	8	static
../Core/Src/Libraries/BNO050.c:129:6:BNO_Init	8	static
../Core/Src/Libraries/BNO050.c:136:6:BNO_FaultHandler	4	static
../Core/Src/Libraries/BNO050.c:146:6:BNO_Receive	16	static
