../Core/Src/Libraries/BNO050.c:23:6:bno055_delay	16	static
../Core/Src/Libraries/BNO050.c:27:19:BNO_Read	24	static
../Core/Src/Libraries/BNO050.c:41:19:BNO_Write	24	static
../Core/Src/Libraries/BNO050.c:55:19:BNO_Write_MB	280	static
../Core/Src/Libraries/BNO050.c:72:6:BNO_Page0Adress	4	static
../Core/Src/Libraries/BNO050.c:149:6:BNO_Page1Adress	4	static
../Core/Src/Libraries/BNO050.c:161:6:BNO_EmptyingBuffer	8	static
../Core/Src/Libraries/BNO050.c:177:6:BNO_SelectPage	16	static
../Core/Src/Libraries/BNO050.c:182:6:BNO_HWReset	8	static
../Core/Src/Libraries/BNO050.c:202:6:BNO_SWReset	8	static
../Core/Src/Libraries/BNO050.c:209:6:bno055_setOperationMode	16	static
../Core/Src/Libraries/BNO050.c:218:6:bno055_setOperationModeConfig	8	static
../Core/Src/Libraries/BNO050.c:222:6:bno055_setOperationModeNDOF	8	static
../Core/Src/Libraries/BNO050.c:226:6:BNO_GetCalibrationData	8	static
../Core/Src/Libraries/BNO050.c:230:6:BNO_SetCalibrationData	32	static
../Core/Src/Libraries/BNO050.c:242:6:BNO_Init	8	static
../Core/Src/Libraries/BNO050.c:252:6:BNO_Config	8	static
../Core/Src/Libraries/BNO050.c:285:6:BNO_CalibrationStatus	8	static
../Core/Src/Libraries/BNO050.c:364:6:BNO_GetData	8	static
../Core/Src/Libraries/BNO050.c:368:6:BNO_Receive	16	static
../Core/Src/Libraries/BNO050.c:405:6:BNO_FaultManager	16	static
../Core/Src/Libraries/BNO050.c:420:6:BNO_Tasks	8	static
