../Core/Src/Libraries/BNO050.c:20:6:BNO_Page0Adress	4	static
../Core/Src/Libraries/BNO050.c:60:6:BNO_Page1Adress	4	static
../Core/Src/Libraries/BNO050.c:73:6:BNO_EmptyingBuffer	16	static
../Core/Src/Libraries/BNO050.c:103:19:BNO_Read	24	static
../Core/Src/Libraries/BNO050.c:120:19:BNO_Write	280	static
../Core/Src/Libraries/BNO050.c:137:6:BNO_SelectPage	16	static
../Core/Src/Libraries/BNO050.c:142:6:BNO_Reset	8	static
../Core/Src/Libraries/BNO050.c:149:6:BNO_Init	16	static
../Core/Src/Libraries/BNO050.c:167:6:BNO_CalibrationStatus	8	static
../Core/Src/Libraries/BNO050.c:181:6:BNO_FaultHandler	4	static
../Core/Src/Libraries/BNO050.c:191:6:BNO_Receive	16	static
