../Core/Src/Libraries/BNO050.c:23:6:bno055_delay	16	static
../Core/Src/Libraries/BNO050.c:27:19:BNO_Read	24	static
../Core/Src/Libraries/BNO050.c:37:19:BNO_Write	24	static
../Core/Src/Libraries/BNO050.c:51:19:BNO_Write_MB	280	static
../Core/Src/Libraries/BNO050.c:68:6:BNO_Page0Adress	4	static
../Core/Src/Libraries/BNO050.c:145:6:BNO_Page1Adress	4	static
../Core/Src/Libraries/BNO050.c:157:6:BNO_EmptyingBuffer	8	static
../Core/Src/Libraries/BNO050.c:173:6:BNO_SelectPage	16	static
../Core/Src/Libraries/BNO050.c:178:6:BNO_HWReset	8	static
../Core/Src/Libraries/BNO050.c:201:6:BNO_SWReset	8	static
../Core/Src/Libraries/BNO050.c:208:6:bno055_setOperationMode	16	static
../Core/Src/Libraries/BNO050.c:217:6:bno055_setOperationModeConfig	8	static
../Core/Src/Libraries/BNO050.c:221:6:bno055_setOperationModeNDOF	8	static
../Core/Src/Libraries/BNO050.c:225:6:BNO_GetCalibrationData	8	static
../Core/Src/Libraries/BNO050.c:229:6:BNO_SetCalibrationData	32	static
../Core/Src/Libraries/BNO050.c:241:6:BNO_Init	8	static
../Core/Src/Libraries/BNO050.c:251:6:BNO_Config	8	static
../Core/Src/Libraries/BNO050.c:284:6:BNO_CalibrationStatus	8	static
../Core/Src/Libraries/BNO050.c:363:6:BNO_GetData	8	static
../Core/Src/Libraries/BNO050.c:367:6:BNO_Receive	16	static
../Core/Src/Libraries/BNO050.c:404:6:BNO_FaultManager	8	static
../Core/Src/Libraries/BNO050.c:414:6:BNO_Tasks	8	static
