../Core/Src/Libraries/BNO050.c:23:6:bno055_delay	16	static
../Core/Src/Libraries/BNO050.c:27:19:BNO_Read	24	static
../Core/Src/Libraries/BNO050.c:37:19:BNO_Write	24	static
../Core/Src/Libraries/BNO050.c:51:19:BNO_Write_MB	280	static
../Core/Src/Libraries/BNO050.c:68:6:BNO_Page0Adress	4	static
../Core/Src/Libraries/BNO050.c:145:6:BNO_Page1Adress	4	static
../Core/Src/Libraries/BNO050.c:157:6:BNO_EmptyingBuffer	8	static
../Core/Src/Libraries/BNO050.c:173:6:BNO_SelectPage	16	static
../Core/Src/Libraries/BNO050.c:178:6:BNO_HWReset	8	static
../Core/Src/Libraries/BNO050.c:198:6:BNO_SWReset	8	static
../Core/Src/Libraries/BNO050.c:205:6:bno055_setOperationMode	16	static
../Core/Src/Libraries/BNO050.c:214:6:bno055_setOperationModeConfig	8	static
../Core/Src/Libraries/BNO050.c:218:6:bno055_setOperationModeNDOF	8	static
../Core/Src/Libraries/BNO050.c:222:6:BNO_GetCalibrationData	8	static
../Core/Src/Libraries/BNO050.c:226:6:BNO_SetCalibrationData	32	static
../Core/Src/Libraries/BNO050.c:238:6:BNO_Init	8	static
../Core/Src/Libraries/BNO050.c:248:6:BNO_Config	8	static
../Core/Src/Libraries/BNO050.c:281:6:BNO_CalibrationStatus	8	static
../Core/Src/Libraries/BNO050.c:360:6:BNO_GetData	8	static
../Core/Src/Libraries/BNO050.c:364:6:BNO_Receive	16	static
../Core/Src/Libraries/BNO050.c:401:6:BNO_FaultManager	16	static
../Core/Src/Libraries/BNO050.c:416:6:BNO_Tasks	8	static
