../Core/Src/Libraries/BNO050.c:23:6:bno055_delay	16	static
../Core/Src/Libraries/BNO050.c:27:19:BNO_Read	24	static
../Core/Src/Libraries/BNO050.c:37:19:BNO_Write	24	static
../Core/Src/Libraries/BNO050.c:51:6:BNO_Page0Adress	4	static
../Core/Src/Libraries/BNO050.c:112:6:BNO_Page1Adress	4	static
../Core/Src/Libraries/BNO050.c:124:6:BNO_EmptyingBuffer	8	static
../Core/Src/Libraries/BNO050.c:140:6:BNO_SelectPage	16	static
../Core/Src/Libraries/BNO050.c:145:6:BNO_HWReset	8	static
../Core/Src/Libraries/BNO050.c:168:6:BNO_SWReset	8	static
../Core/Src/Libraries/BNO050.c:173:6:bno055_setOperationMode	16	static
../Core/Src/Libraries/BNO050.c:182:6:bno055_setOperationModeConfig	8	static
../Core/Src/Libraries/BNO050.c:186:6:bno055_setOperationModeNDOF	8	static
../Core/Src/Libraries/BNO050.c:190:6:BNO_GetCalibrationData	8	static
../Core/Src/Libraries/BNO050.c:194:6:BNO_CalibrationStatus	8	static
../Core/Src/Libraries/BNO050.c:220:6:BNO_Init	8	static
../Core/Src/Libraries/BNO050.c:230:6:BNO_Config	8	static
../Core/Src/Libraries/BNO050.c:240:6:BNO_GetAtt	8	static
../Core/Src/Libraries/BNO050.c:244:6:BNO_Receive	16	static
../Core/Src/Libraries/BNO050.c:280:6:BNO_FaultManager	8	static
../Core/Src/Libraries/BNO050.c:288:6:BNO_Tasks	8	static
