../Core/Src/Libraries/BNO050.c:24:6:bno055_delay	16	static
../Core/Src/Libraries/BNO050.c:28:19:BNO_Read	24	static
../Core/Src/Libraries/BNO050.c:38:19:BNO_Write	24	static
../Core/Src/Libraries/BNO050.c:52:6:BNO_Page0Adress	4	static
../Core/Src/Libraries/BNO050.c:120:6:BNO_Page1Adress	4	static
../Core/Src/Libraries/BNO050.c:133:6:BNO_EmptyingBuffer	16	static
../Core/Src/Libraries/BNO050.c:165:6:BNO_SelectPage	16	static
../Core/Src/Libraries/BNO050.c:170:6:BNO_HWReset	8	static
../Core/Src/Libraries/BNO050.c:177:6:BNO_SWReset	8	static
../Core/Src/Libraries/BNO050.c:182:6:bno055_setOperationMode	16	static
../Core/Src/Libraries/BNO050.c:191:6:bno055_setOperationModeConfig	8	static
../Core/Src/Libraries/BNO050.c:195:6:bno055_setOperationModeNDOF	8	static
../Core/Src/Libraries/BNO050.c:199:6:BNO_GetCalibrationData	8	static
../Core/Src/Libraries/BNO050.c:203:6:BNO_CalibrationStatus	8	static
../Core/Src/Libraries/BNO050.c:226:6:BNO_Init	8	static
../Core/Src/Libraries/BNO050.c:236:6:BNO_Config	8	static
../Core/Src/Libraries/BNO050.c:245:6:BNO_GetAtt	8	static
../Core/Src/Libraries/BNO050.c:250:6:BNO_Receive	16	static
../Core/Src/Libraries/BNO050.c:285:6:BNO_Tasks	8	static
