../Core/Src/Libraries/BNO050.c:20:6:bno055_delay	16	static
../Core/Src/Libraries/BNO050.c:28:19:BNO_Read	24	static
../Core/Src/Libraries/BNO050.c:38:19:BNO_Write	24	static
../Core/Src/Libraries/BNO050.c:52:6:BNO_Page0Adress	4	static
../Core/Src/Libraries/BNO050.c:105:6:BNO_Page1Adress	4	static
../Core/Src/Libraries/BNO050.c:118:6:BNO_EmptyingBuffer	16	static
../Core/Src/Libraries/BNO050.c:150:6:BNO_SelectPage	16	static
../Core/Src/Libraries/BNO050.c:155:6:BNO_HWReset	8	static
../Core/Src/Libraries/BNO050.c:162:6:BNO_SWReset	8	static
../Core/Src/Libraries/BNO050.c:167:6:bno055_setOperationMode	16	static
../Core/Src/Libraries/BNO050.c:176:6:bno055_setOperationModeConfig	8	static
../Core/Src/Libraries/BNO050.c:180:6:bno055_setOperationModeNDOF	8	static
../Core/Src/Libraries/BNO050.c:184:6:BNO_GetCalibrationData	4	static
../Core/Src/Libraries/BNO050.c:188:6:BNO_CalibrationStatus	8	static
../Core/Src/Libraries/BNO050.c:203:6:BNO_Init	8	static
../Core/Src/Libraries/BNO050.c:219:6:BNO_GetAtt	8	static
../Core/Src/Libraries/BNO050.c:225:6:BNO_Receive	16	static
