../Core/Src/Libraries/SD.c:34:9:ASCII2uint8	24	static
../Core/Src/Libraries/SD.c:45:6:uint82ASCII	24	static
../Core/Src/Libraries/SD.c:55:10:ASCII2uint16	24	static
../Core/Src/Libraries/SD.c:66:6:uint162ASCII	24	static
../Core/Src/Libraries/SD.c:78:6:ConfigFile_Create	8	static
../Core/Src/Libraries/SD.c:90:6:SD_ConfigFileInit	16	static
../Core/Src/Libraries/SD.c:122:6:SD_GainsInit	4	static
../Core/Src/Libraries/SD.c:126:6:SD_CreateFlightPath	8	static
../Core/Src/Libraries/SD.c:135:6:SD_blackbox_init	8	static
../Core/Src/Libraries/SD.c:145:6:SD_blackboxNewFile	16	static
../Core/Src/Libraries/SD.c:159:6:SD_blackbox_write	32	static
../Core/Src/Libraries/SD.c:184:6:SD_init	8	static
