../Core/Src/Libraries/SD.c:38:9:ASCII2uint8	24	static
../Core/Src/Libraries/SD.c:49:6:uint82ASCII	24	static
../Core/Src/Libraries/SD.c:59:10:ASCII2uint16	24	static
../Core/Src/Libraries/SD.c:70:6:uint162ASCII	24	static
../Core/Src/Libraries/SD.c:82:6:ConfigFile_Create	8	static
../Core/Src/Libraries/SD.c:94:6:SD_ConfigFileInit	16	static
../Core/Src/Libraries/SD.c:126:6:SD_GainsInit	4	static
../Core/Src/Libraries/SD.c:130:6:SD_CreateFlightPath	8	static
../Core/Src/Libraries/SD.c:139:6:SD_blackbox_init	8	static
../Core/Src/Libraries/SD.c:144:6:SD_blackbox_refresh	4	static
../Core/Src/Libraries/SD.c:207:6:SD_blackboxNewFile	16	static
../Core/Src/Libraries/SD.c:222:6:SD_blackbox_write	16	static
../Core/Src/Libraries/SD.c:247:6:SD_init	8	static
