../MIDWARE/FATFS_SD/FATFS_SD.c:25:13:SELECT	8	static
../MIDWARE/FATFS_SD/FATFS_SD.c:29:13:DESELECT	8	static
../MIDWARE/FATFS_SD/FATFS_SD.c:33:13:SPI_TxByte	16	static
../MIDWARE/FATFS_SD/FATFS_SD.c:38:13:SPI_RxByte	24	static
../MIDWARE/FATFS_SD/FATFS_SD.c:45:13:SPI_RxBytePtr	16	static
../MIDWARE/FATFS_SD/FATFS_SD.c:49:13:SD_ReadyWait	16	static
../MIDWARE/FATFS_SD/FATFS_SD.c:61:13:SD_PowerOn	24	static
../MIDWARE/FATFS_SD/FATFS_SD.c:71:13:SD_PowerOff	8	static
../MIDWARE/FATFS_SD/FATFS_SD.c:78:13:SD_CheckPower	4	static
../MIDWARE/FATFS_SD/FATFS_SD.c:82:13:SD_RxDataBlock	24	static
../MIDWARE/FATFS_SD/FATFS_SD.c:102:13:SD_TxDataBlock	24	static
../MIDWARE/FATFS_SD/FATFS_SD.c:126:13:SD_SendCmd	24	static
../MIDWARE/FATFS_SD/FATFS_SD.c:171:9:SD_disk_initialize	40	static
../MIDWARE/FATFS_SD/FATFS_SD.c:218:9:SD_disk_status	16	static
../MIDWARE/FATFS_SD/FATFS_SD.c:223:9:SD_disk_read	24	static
../MIDWARE/FATFS_SD/FATFS_SD.c:251:9:SD_disk_write	24	static
../MIDWARE/FATFS_SD/FATFS_SD.c:281:9:SD_disk_ioctl	40	static
